Archive member included to satisfy reference by file (symbol)

/opt/homebrew/Cellar/gcc-arm-none-eabi/20200630/bin/../lib/gcc/arm-none-eabi/9.3.1/../../../../arm-none-eabi/lib/thumb/v7e-m+fp/hard/libm.a(lib_a-w_atan2.o)
                              build/IMU.o (atan2)
/opt/homebrew/Cellar/gcc-arm-none-eabi/20200630/bin/../lib/gcc/arm-none-eabi/9.3.1/../../../../arm-none-eabi/lib/thumb/v7e-m+fp/hard/libm.a(lib_a-e_atan2.o)
                              /opt/homebrew/Cellar/gcc-arm-none-eabi/20200630/bin/../lib/gcc/arm-none-eabi/9.3.1/../../../../arm-none-eabi/lib/thumb/v7e-m+fp/hard/libm.a(lib_a-w_atan2.o) (__ieee754_atan2)
/opt/homebrew/Cellar/gcc-arm-none-eabi/20200630/bin/../lib/gcc/arm-none-eabi/9.3.1/../../../../arm-none-eabi/lib/thumb/v7e-m+fp/hard/libm.a(lib_a-s_atan.o)
                              /opt/homebrew/Cellar/gcc-arm-none-eabi/20200630/bin/../lib/gcc/arm-none-eabi/9.3.1/../../../../arm-none-eabi/lib/thumb/v7e-m+fp/hard/libm.a(lib_a-e_atan2.o) (atan)
/opt/homebrew/Cellar/gcc-arm-none-eabi/20200630/bin/../lib/gcc/arm-none-eabi/9.3.1/../../../../arm-none-eabi/lib/thumb/v7e-m+fp/hard/libm.a(lib_a-s_fabs.o)
                              /opt/homebrew/Cellar/gcc-arm-none-eabi/20200630/bin/../lib/gcc/arm-none-eabi/9.3.1/../../../../arm-none-eabi/lib/thumb/v7e-m+fp/hard/libm.a(lib_a-e_atan2.o) (fabs)
/opt/homebrew/Cellar/gcc-arm-none-eabi/20200630/bin/../lib/gcc/arm-none-eabi/9.3.1/thumb/v7e-m+fp/hard/libgcc.a(_arm_muldf3.o)
                              build/IMU.o (__aeabi_dmul)
/opt/homebrew/Cellar/gcc-arm-none-eabi/20200630/bin/../lib/gcc/arm-none-eabi/9.3.1/thumb/v7e-m+fp/hard/libgcc.a(_arm_addsubdf3.o)
                              build/IMU.o (__aeabi_dsub)
/opt/homebrew/Cellar/gcc-arm-none-eabi/20200630/bin/../lib/gcc/arm-none-eabi/9.3.1/thumb/v7e-m+fp/hard/libgcc.a(_arm_muldivdf3.o)
                              build/data_logging.o (__aeabi_ddiv)
/opt/homebrew/Cellar/gcc-arm-none-eabi/20200630/bin/../lib/gcc/arm-none-eabi/9.3.1/thumb/v7e-m+fp/hard/libgcc.a(_arm_cmpdf2.o)
                              /opt/homebrew/Cellar/gcc-arm-none-eabi/20200630/bin/../lib/gcc/arm-none-eabi/9.3.1/../../../../arm-none-eabi/lib/thumb/v7e-m+fp/hard/libm.a(lib_a-s_atan.o) (__aeabi_dcmpgt)
/opt/homebrew/Cellar/gcc-arm-none-eabi/20200630/bin/../lib/gcc/arm-none-eabi/9.3.1/thumb/v7e-m+fp/hard/libgcc.a(_arm_truncdfsf2.o)
                              build/cmd_parser.o (__aeabi_d2f)
/opt/homebrew/Cellar/gcc-arm-none-eabi/20200630/bin/../lib/gcc/arm-none-eabi/9.3.1/thumb/v7e-m+fp/hard/libgcc.a(_aeabi_ldivmod.o)
                              build/uart.o (__aeabi_ldivmod)
/opt/homebrew/Cellar/gcc-arm-none-eabi/20200630/bin/../lib/gcc/arm-none-eabi/9.3.1/thumb/v7e-m+fp/hard/libgcc.a(_aeabi_uldivmod.o)
                              build/uart.o (__aeabi_uldivmod)
/opt/homebrew/Cellar/gcc-arm-none-eabi/20200630/bin/../lib/gcc/arm-none-eabi/9.3.1/thumb/v7e-m+fp/hard/libgcc.a(_udivmoddi4.o)
                              /opt/homebrew/Cellar/gcc-arm-none-eabi/20200630/bin/../lib/gcc/arm-none-eabi/9.3.1/thumb/v7e-m+fp/hard/libgcc.a(_aeabi_ldivmod.o) (__udivmoddi4)
/opt/homebrew/Cellar/gcc-arm-none-eabi/20200630/bin/../lib/gcc/arm-none-eabi/9.3.1/thumb/v7e-m+fp/hard/libgcc.a(_dvmd_tls.o)
                              /opt/homebrew/Cellar/gcc-arm-none-eabi/20200630/bin/../lib/gcc/arm-none-eabi/9.3.1/thumb/v7e-m+fp/hard/libgcc.a(_aeabi_ldivmod.o) (__aeabi_ldiv0)
/opt/homebrew/Cellar/gcc-arm-none-eabi/20200630/bin/../lib/gcc/arm-none-eabi/9.3.1/../../../../arm-none-eabi/lib/thumb/v7e-m+fp/hard/libc_nano.a(lib_a-atof.o)
                              build/cmd_parser.o (atof)
/opt/homebrew/Cellar/gcc-arm-none-eabi/20200630/bin/../lib/gcc/arm-none-eabi/9.3.1/../../../../arm-none-eabi/lib/thumb/v7e-m+fp/hard/libc_nano.a(lib_a-ctype_.o)
                              build/cmd_parser.o (_ctype_)
/opt/homebrew/Cellar/gcc-arm-none-eabi/20200630/bin/../lib/gcc/arm-none-eabi/9.3.1/../../../../arm-none-eabi/lib/thumb/v7e-m+fp/hard/libc_nano.a(lib_a-exit.o)
                              /opt/homebrew/Cellar/gcc-arm-none-eabi/20200630/bin/../lib/gcc/arm-none-eabi/9.3.1/../../../../arm-none-eabi/lib/thumb/v7e-m+fp/hard/crt0.o (exit)
/opt/homebrew/Cellar/gcc-arm-none-eabi/20200630/bin/../lib/gcc/arm-none-eabi/9.3.1/../../../../arm-none-eabi/lib/thumb/v7e-m+fp/hard/libc_nano.a(lib_a-getchar.o)
                              build/cmd_line_buffer.o (getchar)
/opt/homebrew/Cellar/gcc-arm-none-eabi/20200630/bin/../lib/gcc/arm-none-eabi/9.3.1/../../../../arm-none-eabi/lib/thumb/v7e-m+fp/hard/libc_nano.a(lib_a-impure.o)
                              /opt/homebrew/Cellar/gcc-arm-none-eabi/20200630/bin/../lib/gcc/arm-none-eabi/9.3.1/../../../../arm-none-eabi/lib/thumb/v7e-m+fp/hard/libc_nano.a(lib_a-exit.o) (_global_impure_ptr)
/opt/homebrew/Cellar/gcc-arm-none-eabi/20200630/bin/../lib/gcc/arm-none-eabi/9.3.1/../../../../arm-none-eabi/lib/thumb/v7e-m+fp/hard/libc_nano.a(lib_a-init.o)
[...]
Memory Configuration

Name             Origin             Length             Attributes
FLASH            0x0000000008000000 0x0000000000080000 xr
RAM              0x0000000020000000 0x0000000000020000 xrw
*default*        0x0000000000000000 0xffffffffffffffff

Linker script and memory map

LOAD /opt/homebrew/Cellar/gcc-arm-none-eabi/20200630/bin/../lib/gcc/arm-none-eabi/9.3.1/thumb/v7e-m+fp/hard/crti.o
LOAD /opt/homebrew/Cellar/gcc-arm-none-eabi/20200630/bin/../lib/gcc/arm-none-eabi/9.3.1/thumb/v7e-m+fp/hard/crtbegin.o
LOAD /opt/homebrew/Cellar/gcc-arm-none-eabi/20200630/bin/../lib/gcc/arm-none-eabi/9.3.1/../../../../arm-none-eabi/lib/thumb/v7e-m+fp/hard/crt0.o
LOAD build/stm32f4xx_it.o
LOAD build/system_stm32f4xx.o
LOAD build/main.o
LOAD build/uart.o
LOAD build/cmd_task.o
LOAD build/heartbeat_task.o
LOAD build/cmd_line_buffer.o
LOAD build/cmd_parser.o
LOAD build/heartbeat_cmd.o
LOAD build/controller.o
LOAD build/controller_cmd.o
LOAD build/motor.o
LOAD build/data_logging.o
LOAD build/IMU.o
LOAD build/startup_stm32f446xx.o
LOAD build/stm32f4_HAL/stm32f4xx_hal.o
LOAD build/stm32f4_HAL/stm32f4xx_hal_dma.o
LOAD build/stm32f4_HAL/stm32f4xx_hal_adc.o
LOAD build/stm32f4_HAL/stm32f4xx_hal_adc_ex.o
LOAD build/stm32f4_HAL/stm32f4xx_hal_gpio.o
LOAD build/stm32f4_HAL/stm32f4xx_ll_gpio.o
LOAD build/stm32f4_HAL/stm32f4xx_ll_usart.o
LOAD build/stm32f4_HAL/stm32f4xx_ll_dma.o
LOAD build/stm32f4_HAL/stm32f4xx_ll_rcc.o
LOAD build/stm32f4_HAL/stm32f4xx_hal_i2c.o
LOAD build/stm32f4_HAL/stm32f4xx_hal_i2c_ex.o
LOAD build/stm32f4_HAL/stm32f4xx_hal_tim.o
LOAD build/stm32f4_HAL/stm32f4xx_hal_tim_ex.o
LOAD build/stm32f4_HAL/stm32f4xx_hal_rtc.o
LOAD build/stm32f4_HAL/stm32f4xx_hal_rcc.o
LOAD build/stm32f4_HAL/stm32f4xx_hal_rcc_ex.o
LOAD build/stm32f4_HAL/stm32f4xx_hal_pwr.o
LOAD build/stm32f4_HAL/stm32f4xx_hal_pwr_ex.o
LOAD build/stm32f4_HAL/stm32f4xx_hal_cortex.o
LOAD build/stm32f4_HAL/stm32f4xx_hal_spi.o
LOAD build/stm32f4_HAL/stm32f4xx_hal_dac.o
LOAD build/stm32f4_HAL/stm32f4xx_hal_dac_ex.o
LOAD build/stm32f4_HAL/stm32f4xx_hal_can.o
LOAD build/FreeRTOS/croutine.o
LOAD build/FreeRTOS/event_groups.o
LOAD build/FreeRTOS/list.o
LOAD build/FreeRTOS/queue.o
LOAD build/FreeRTOS/tasks.o
LOAD build/FreeRTOS/timers.o
LOAD build/FreeRTOS/stream_buffer.o
LOAD build/FreeRTOS/cmsis_os2.o
LOAD build/FreeRTOS/clib_arm.o
LOAD build/FreeRTOS/os_systick.o
LOAD build/FreeRTOS/heap_useNewlib.o
LOAD build/FreeRTOS/port.o
LOAD build/tm_stm32_gpio.o
LOAD build/tm_stm32_i2c.o
LOAD build/tm_stm32_mpu6050.o
LOAD /opt/homebrew/Cellar/gcc-arm-none-eabi/20200630/bin/../lib/gcc/arm-none-eabi/9.3.1/../../../../arm-none-eabi/lib/thumb/v7e-m+fp/hard/libm.a
LOAD ../libraries/STM32Cube_F4_FW/Drivers/CMSIS/Lib/GCC/libarm_cortexM4lf_math.a
START GROUP
LOAD /opt/homebrew/Cellar/gcc-arm-none-eabi/20200630/bin/../lib/gcc/arm-none-eabi/9.3.1/thumb/v7e-m+fp/hard/libgcc.a
LOAD /opt/homebrew/Cellar/gcc-arm-none-eabi/20200630/bin/../lib/gcc/arm-none-eabi/9.3.1/../../../../arm-none-eabi/lib/thumb/v7e-m+fp/hard/libc_nano.a
END GROUP
START GROUP
LOAD /opt/homebrew/Cellar/gcc-arm-none-eabi/20200630/bin/../lib/gcc/arm-none-eabi/9.3.1/thumb/v7e-m+fp/hard/libgcc.a
LOAD /opt/homebrew/Cellar/gcc-arm-none-eabi/20200630/bin/../lib/gcc/arm-none-eabi/9.3.1/../../../../arm-none-eabi/lib/thumb/v7e-m+fp/hard/libc_nano.a
LOAD /opt/homebrew/Cellar/gcc-arm-none-eabi/20200630/bin/../lib/gcc/arm-none-eabi/9.3.1/../../../../arm-none-eabi/lib/thumb/v7e-m+fp/hard/libnosys.a
END GROUP
START GROUP
LOAD /opt/homebrew/Cellar/gcc-arm-none-eabi/20200630/bin/../lib/gcc/arm-none-eabi/9.3.1/thumb/v7e-m+fp/hard/libgcc.a
LOAD /opt/homebrew/Cellar/gcc-arm-none-eabi/20200630/bin/../lib/gcc/arm-none-eabi/9.3.1/../../../../arm-none-eabi/lib/thumb/v7e-m+fp/hard/libc_nano.a
LOAD /opt/homebrew/Cellar/gcc-arm-none-eabi/20200630/bin/../lib/gcc/arm-none-eabi/9.3.1/../../../../arm-none-eabi/lib/thumb/v7e-m+fp/hard/libnosys.a
END GROUP
LOAD /opt/homebrew/Cellar/gcc-arm-none-eabi/20200630/bin/../lib/gcc/arm-none-eabi/9.3.1/thumb/v7e-m+fp/hard/crtend.o
LOAD /opt/homebrew/Cellar/gcc-arm-none-eabi/20200630/bin/../lib/gcc/arm-none-eabi/9.3.1/thumb/v7e-m+fp/hard/crtn.o
                0x0000000020020000                _estack = 0x20020000
                0x0000000000010000                _Min_Heap_Size = 0x10000
                0x0000000000002000                _Min_Stack_Size = 0x2000

.isr_vector     0x0000000008000000      0x1c4
                0x0000000008000000                . = ALIGN (0x4)
 *(.isr_vector)
 .isr_vector    0x0000000008000000      0x1c4 build/startup_stm32f446xx.o
                0x0000000008000000                g_pfnVectors
                0x00000000080001c4                . = ALIGN (0x4)

.text           0x00000000080001d0    0x18e70
                0x00000000080001d0                . = ALIGN (0x4)
 *(.text)
 .text          0x00000000080001d0        0x0 /opt/homebrew/Cellar/gcc-arm-none-eabi/20200630/bin/../lib/gcc/arm-none-eabi/9.3.1/thumb/v7e-m+fp/hard/crti.o
 .text          0x00000000080001d0       0x40 /opt/homebrew/Cellar/gcc-arm-none-eabi/20200630/bin/../lib/gcc/arm-none-eabi/9.3.1/thumb/v7e-m+fp/hard/crtbegin.o
 .text          0x0000000008000210       0x7c /opt/homebrew/Cellar/gcc-arm-none-eabi/20200630/bin/../lib/gcc/arm-none-eabi/9.3.1/../../../../arm-none-eabi/lib/thumb/v7e-m+fp/hard/crt0.o
                0x0000000008000210                _stack_init
                0x0000000008000218                _mainCRTStartup
                0x0000000008000218                _start
 .text          0x000000000800028c        0xc build/stm32f4xx_it.o
                0x000000000800028c                NMI_Handler
                0x000000000800028e                HardFault_Handler
                0x0000000008000290                MemManage_Handler
                0x0000000008000292                BusFault_Handler
                0x0000000008000294                UsageFault_Handler
                0x0000000008000296                DebugMon_Handler
 .text          0x0000000008000298       0xc0 build/system_stm32f4xx.o
                0x0000000008000298                SystemInit
                0x00000000080002e4                SystemCoreClockUpdate
 .text          0x0000000008000358        0x0 build/main.o
 .text          0x0000000008000358      0x47c build/uart.o
                0x0000000008000358                uart_init
                0x000000000800062c                __wrap_printf
                0x0000000008000664                __io_putchar
                0x0000000008000694                __io_getchar
                0x00000000080006b0                _write
                0x00000000080006cc                _read
                0x00000000080006e0                _uart_rxne_isr
                0x0000000008000708                _uart_txe_isr
                0x0000000008000740                _uart_error
                0x0000000008000798                USART2_IRQHandler
 .text          0x00000000080007d4       0x4c build/cmd_task.o
                0x00000000080007f4                cmd_task_init
 .text          0x0000000008000820      0x178 build/heartbeat_task.o
                0x0000000008000890                heartbeat_task_init
                0x0000000008000940                heartbeat_task_start
                0x000000000800095c                heartbeat_task_stop
                0x0000000008000978                heartbeat_task_is_running
                0x0000000008000984                heartbeat_task_deinit
 .text          0x0000000008000998      0x104 build/cmd_line_buffer.o
                0x0000000008000998                clb_init
                0x00000000080009a2                clb_is_empty
                0x00000000080009ac                clb_is_full
                0x00000000080009ba                clb_delc
                0x00000000080009c4                clb_is_cmd_ready
                0x00000000080009dc                clb_putc
                0x00000000080009fc                clb_consume_char
                0x0000000008000a24                clb_consume_str
                0x0000000008000a3e                clb_gets_at
                0x0000000008000a56                clb_gets
                0x0000000008000a5c                clb_process
 .text          0x0000000008000a9c      0x224 build/cmd_parser.o
                0x0000000008000c30                cmd_parse
 .text          0x0000000008000cc0       0x70 build/heartbeat_cmd.o
                0x0000000008000cc0                heartbeat_cmd
 .text          0x0000000008000d30      0x1c8 build/controller.o
                0x0000000008000d30                ctrl_init
                0x0000000008000d4c                ctrl_set_state
                0x0000000008000d64                ctrl_set_x1
                0x0000000008000d70                ctrl_set_x2
                0x0000000008000d7c                ctrl_set_x3
                0x0000000008000d88                ctrl_set_x4
                0x0000000008000d94                ctrl_set_x5
                0x0000000008000da0                ctrl_set_x6
                0x0000000008000dac                ctrl_set_x7
                0x0000000008000db8                ctrl_set_x8
                0x0000000008000dc4                ctrl_get_state
                0x0000000008000dcc                ctrl_run
 .text          0x0000000008000ef8      0x1e4 build/controller_cmd.o
                0x0000000008000ef8                controller_cmd
 .text          0x00000000080010dc      0x3c0 build/motor.o
                0x00000000080010dc                motor_pwm_init
                0x00000000080011bc                motor_encoder_init
                0x000000000800123c                EXTI9_5_IRQHandler
                0x000000000800130c                motor1_get_wheel_rotation
                0x0000000008001334                motor2_get_wheel_rotation
                0x000000000800135c                motor3_get_wheel_rotation
                0x0000000008001384                motor_set_speed
                0x0000000008001408                motor_set_voltage
 .text          0x000000000800149c       0xe4 build/data_logging.o
                0x00000000080014a8                logging_init
                0x00000000080014d8                logging_stop
                0x0000000008001564                imu_logging_start
 .text          0x0000000008001580      0x188 build/IMU.o
                0x0000000008001580                IMU_init
                0x00000000080015b4                IMU_read
                0x00000000080015c0                get_accY
                0x00000000080015f8                get_accZ
                0x0000000008001630                get_accX
                0x0000000008001668                get_gyroX
                0x00000000080016ac                get_acc_angle
 .text          0x0000000008001708       0x14 build/startup_stm32f446xx.o
 .text          0x000000000800171c      0x20c build/stm32f4_HAL/stm32f4xx_hal.o
                0x000000000800171c                HAL_MspInit
                0x000000000800171e                HAL_MspDeInit
                0x0000000008001720                HAL_DeInit
                0x000000000800174c                HAL_InitTick
                0x0000000008001790                HAL_Init
                0x00000000080017c4                HAL_IncTick
                0x00000000080017dc                HAL_GetTick
                0x00000000080017e8                HAL_GetTickPrio
                0x00000000080017f4                HAL_SetTickFreq
                0x0000000008001814                HAL_GetTickFreq
                0x0000000008001820                HAL_Delay
                0x0000000008001848                HAL_SuspendTick
                0x0000000008001858                HAL_ResumeTick
                0x0000000008001868                HAL_GetHalVersion
                0x0000000008001870                HAL_GetREVID
                0x000000000800187c                HAL_GetDEVID
                0x000000000800188c                HAL_DBGMCU_EnableDBGSleepMode
                0x000000000800189c                HAL_DBGMCU_DisableDBGSleepMode
                0x00000000080018ac                HAL_DBGMCU_EnableDBGStopMode
                0x00000000080018bc                HAL_DBGMCU_DisableDBGStopMode
                0x00000000080018cc                HAL_DBGMCU_EnableDBGStandbyMode
                0x00000000080018dc                HAL_DBGMCU_DisableDBGStandbyMode
                0x00000000080018ec                HAL_EnableCompensationCell
                0x00000000080018f8                HAL_DisableCompensationCell
                0x0000000008001904                HAL_GetUIDw0
                0x0000000008001910                HAL_GetUIDw1
                0x000000000800191c                HAL_GetUIDw2
 .text          0x0000000008001928      0x630 build/stm32f4_HAL/stm32f4xx_hal_dma.o
                0x0000000008001954                HAL_DMA_Init
                0x0000000008001a54                HAL_DMA_DeInit
                0x0000000008001aa8                HAL_DMA_Start
                0x0000000008001afc                HAL_DMA_Start_IT
                0x0000000008001b70                HAL_DMA_Abort
                0x0000000008001bf8                HAL_DMA_Abort_IT
                0x0000000008001c1c                HAL_DMA_PollForTransfer
                0x0000000008001d2a                HAL_DMA_IRQHandler
                0x0000000008001ea4                HAL_DMA_RegisterCallback
                0x0000000008001eec                HAL_DMA_UnRegisterCallback
                0x0000000008001f4e                HAL_DMA_GetState
                0x0000000008001f54                HAL_DMA_GetError
 .text          0x0000000008001f58      0x9c8 build/stm32f4_HAL/stm32f4xx_hal_adc.o
                0x0000000008001f58                HAL_ADC_MspInit
                0x0000000008001f5a                HAL_ADC_Init
                0x00000000080020a8                HAL_ADC_MspDeInit
                0x00000000080020aa                HAL_ADC_DeInit
                0x00000000080020de                HAL_ADC_Start
                0x00000000080021c8                HAL_ADC_Stop
                0x00000000080021fe                HAL_ADC_PollForConversion
                0x000000000800229c                HAL_ADC_PollForEvent
                0x0000000008002302                HAL_ADC_Start_IT
                0x00000000080023f8                HAL_ADC_Stop_IT
                0x0000000008002440                HAL_ADC_Start_DMA
                0x0000000008002564                HAL_ADC_Stop_DMA
                0x00000000080025be                HAL_ADC_GetValue
                0x00000000080025c4                HAL_ADC_ConvCpltCallback
                0x00000000080025c6                HAL_ADC_ConvHalfCpltCallback
                0x00000000080025d2                HAL_ADC_LevelOutOfWindowCallback
                0x00000000080025d4                HAL_ADC_ErrorCallback
                0x00000000080025d6                HAL_ADC_IRQHandler
                0x0000000008002780                HAL_ADC_ConfigChannel
                0x00000000080028b8                HAL_ADC_AnalogWDGConfig
                0x0000000008002918                HAL_ADC_GetState
                0x000000000800291c                HAL_ADC_GetError
 .text          0x0000000008002920      0x6b0 build/stm32f4_HAL/stm32f4xx_hal_adc_ex.o
                0x0000000008002990                HAL_ADCEx_InjectedStart
                0x0000000008002a44                HAL_ADCEx_InjectedStart_IT
                0x0000000008002b00                HAL_ADCEx_InjectedStop
                0x0000000008002b5a                HAL_ADCEx_InjectedPollForConversion
                0x0000000008002be2                HAL_ADCEx_InjectedStop_IT
                0x0000000008002c44                HAL_ADCEx_InjectedGetValue
                0x0000000008002c76                HAL_ADCEx_MultiModeStart_DMA
                0x0000000008002d70                HAL_ADCEx_MultiModeStop_DMA
                0x0000000008002dd0                HAL_ADCEx_MultiModeGetValue
                0x0000000008002ddc                HAL_ADCEx_InjectedConvCpltCallback
                0x0000000008002dde                HAL_ADCEx_InjectedConfigChannel
                0x0000000008002f80                HAL_ADCEx_MultiModeConfigChannel
 .text          0x0000000008002fd0      0x344 build/stm32f4_HAL/stm32f4xx_hal_gpio.o
                0x0000000008002fd0                HAL_GPIO_Init
                0x0000000008003190                HAL_GPIO_DeInit
                0x00000000080032ac                HAL_GPIO_ReadPin
                0x00000000080032b8                HAL_GPIO_WritePin
                0x00000000080032c2                HAL_GPIO_TogglePin
                0x00000000080032d0                HAL_GPIO_LockPin
                0x00000000080032fa                HAL_GPIO_EXTI_Callback
                0x00000000080032fc                HAL_GPIO_EXTI_IRQHandler
 .text          0x0000000008003314      0x220 build/stm32f4_HAL/stm32f4xx_ll_gpio.o
                0x0000000008003334                LL_GPIO_DeInit
                0x00000000080033e0                LL_GPIO_Init
                0x000000000800351c                LL_GPIO_StructInit
 .text          0x0000000008003534      0x21c build/stm32f4_HAL/stm32f4xx_ll_usart.o
                0x0000000008003534                LL_USART_DeInit
                0x00000000080035f4                LL_USART_Init
                0x00000000080036f0                LL_USART_StructInit
                0x0000000008003708                LL_USART_ClockInit
                0x0000000008003742                LL_USART_ClockStructInit
 .text          0x0000000008003750      0x238 build/stm32f4_HAL/stm32f4xx_ll_dma.o
                0x0000000008003750                LL_DMA_DeInit
                0x00000000080038e0                LL_DMA_Init
                0x0000000008003964                LL_DMA_StructInit
 .text          0x0000000008003988      0x604 build/stm32f4_HAL/stm32f4xx_ll_rcc.o
                0x0000000008003998                LL_RCC_DeInit
                0x0000000008003a48                LL_RCC_GetCECClockFreq
                0x0000000008003a78                RCC_GetHCLKClockFreq
                0x0000000008003a90                RCC_GetPCLK1ClockFreq
                0x0000000008003aa8                RCC_GetPCLK2ClockFreq
                0x0000000008003ac0                RCC_PLL_GetFreqDomain_SYS
                0x0000000008003b08                RCC_GetSystemClockFreq
                0x0000000008003b38                LL_RCC_GetSystemClocksFreq
                0x0000000008003b58                LL_RCC_GetFMPI2CClockFreq
                0x0000000008003ba8                RCC_PLL_GetFreqDomain_48M
                0x0000000008003be4                RCC_PLL_GetFreqDomain_I2S
                0x0000000008003c20                RCC_PLL_GetFreqDomain_SPDIFRX
                0x0000000008003c24                RCC_PLL_GetFreqDomain_SAI
                0x0000000008003c28                RCC_PLLSAI_GetFreqDomain_SAI
                0x0000000008003c78                RCC_PLLSAI_GetFreqDomain_48M
                0x0000000008003cbc                LL_RCC_GetSDIOClockFreq
                0x0000000008003d04                LL_RCC_GetUSBClockFreq
                0x0000000008003d38                RCC_PLLI2S_GetFreqDomain_SAI
                0x0000000008003d88                LL_RCC_GetSAIClockFreq
                0x0000000008003e3c                RCC_PLLI2S_GetFreqDomain_SPDIFRX
                0x0000000008003e80                LL_RCC_GetSPDIFRXClockFreq
                0x0000000008003eb4                RCC_PLLI2S_GetFreqDomain_I2S
                0x0000000008003ef4                LL_RCC_GetI2SClockFreq
 .text          0x0000000008003f8c     0x31e0 build/stm32f4_HAL/stm32f4xx_hal_i2c.o
                0x00000000080043b0                HAL_I2C_MspInit
                0x00000000080043b2                HAL_I2C_Init
                0x0000000008004500                HAL_I2C_MspDeInit
                0x0000000008004502                HAL_I2C_DeInit
                0x0000000008004534                HAL_I2C_Master_Transmit
                0x00000000080046e4                HAL_I2C_Master_Receive
                0x00000000080049c4                HAL_I2C_Slave_Transmit
                0x0000000008004b24                HAL_I2C_Slave_Receive
                0x0000000008004ca0                HAL_I2C_Master_Transmit_IT
                0x0000000008004d50                HAL_I2C_Master_Receive_IT
                0x0000000008004e08                HAL_I2C_Slave_Transmit_IT
                0x0000000008004e78                HAL_I2C_Slave_Receive_IT
                0x0000000008004ee8                HAL_I2C_Master_Transmit_DMA
                0x0000000008005014                HAL_I2C_Master_Receive_DMA
                0x000000000800513c                HAL_I2C_Slave_Transmit_DMA
                0x00000000080051fc                HAL_I2C_Slave_Receive_DMA
                0x00000000080052bc                HAL_I2C_Mem_Write
                0x00000000080053dc                HAL_I2C_Mem_Read
                0x00000000080055ec                HAL_I2C_Mem_Write_IT
                0x00000000080056a8                HAL_I2C_Mem_Read_IT
                0x0000000008005774                HAL_I2C_Mem_Write_DMA
                0x00000000080058bc                HAL_I2C_Mem_Read_DMA
                0x0000000008005a48                HAL_I2C_IsDeviceReady
                0x0000000008005ba8                HAL_I2C_Master_Seq_Transmit_IT
                0x0000000008005c78                HAL_I2C_Master_Seq_Transmit_DMA
                0x0000000008005dec                HAL_I2C_Master_Seq_Receive_IT
                0x0000000008005ef8                HAL_I2C_Master_Seq_Receive_DMA
                0x00000000080060c4                HAL_I2C_Slave_Seq_Transmit_IT
                0x000000000800613a                HAL_I2C_Slave_Seq_Transmit_DMA
                0x0000000008006278                HAL_I2C_Slave_Seq_Receive_IT
                0x00000000080062ee                HAL_I2C_Slave_Seq_Receive_DMA
                0x000000000800642c                HAL_I2C_EnableListen_IT
                0x0000000008006462                HAL_I2C_DisableListen_IT
                0x00000000080064a0                HAL_I2C_MasterTxCpltCallback
                0x00000000080064a2                HAL_I2C_MasterRxCpltCallback
                0x00000000080064a4                HAL_I2C_SlaveTxCpltCallback
                0x00000000080064a6                HAL_I2C_SlaveRxCpltCallback
                0x00000000080064a8                HAL_I2C_AddrCallback
                0x00000000080064aa                HAL_I2C_ListenCpltCallback
                0x00000000080064ac                HAL_I2C_MemTxCpltCallback
                0x00000000080064ae                HAL_I2C_MemRxCpltCallback
                0x00000000080064b0                HAL_I2C_ErrorCallback
                0x00000000080065fe                HAL_I2C_AbortCpltCallback
                0x00000000080067d0                HAL_I2C_Master_Abort_IT
                0x000000000800681c                HAL_I2C_EV_IRQHandler
                0x0000000008007028                HAL_I2C_ER_IRQHandler
                0x000000000800715c                HAL_I2C_GetState
                0x0000000008007162                HAL_I2C_GetMode
                0x0000000008007168                HAL_I2C_GetError
 .text          0x000000000800716c       0x7c build/stm32f4_HAL/stm32f4xx_hal_i2c_ex.o
                0x000000000800716c                HAL_I2CEx_ConfigAnalogFilter
                0x00000000080071aa                HAL_I2CEx_ConfigDigitalFilter
 .text          0x00000000080071e8     0x1dfc build/stm32f4_HAL/stm32f4xx_hal_tim.o
                0x0000000008007304                HAL_TIM_Base_MspInit
                0x0000000008007306                HAL_TIM_Base_MspDeInit
                0x0000000008007308                HAL_TIM_Base_DeInit
                0x0000000008007342                HAL_TIM_Base_Start
                0x0000000008007366                HAL_TIM_Base_Stop
                0x0000000008007394                HAL_TIM_Base_Start_IT
                0x00000000080073b4                HAL_TIM_Base_Stop_IT
                0x00000000080073de                HAL_TIM_Base_Start_DMA
                0x0000000008007448                HAL_TIM_Base_Stop_DMA
                0x0000000008007484                HAL_TIM_OC_MspInit
                0x0000000008007486                HAL_TIM_OC_MspDeInit
                0x0000000008007488                HAL_TIM_OC_DeInit
                0x00000000080074c2                HAL_TIM_PWM_MspInit
                0x00000000080074c4                HAL_TIM_PWM_MspDeInit
                0x00000000080074c6                HAL_TIM_PWM_DeInit
                0x0000000008007500                HAL_TIM_IC_MspInit
                0x0000000008007502                HAL_TIM_IC_MspDeInit
                0x0000000008007504                HAL_TIM_IC_DeInit
                0x000000000800753e                HAL_TIM_OnePulse_MspInit
                0x0000000008007540                HAL_TIM_OnePulse_MspDeInit
                0x0000000008007542                HAL_TIM_OnePulse_DeInit
                0x000000000800757c                HAL_TIM_OnePulse_Start
                0x00000000080075bc                HAL_TIM_OnePulse_Stop
                0x0000000008007624                HAL_TIM_OnePulse_Start_IT
                0x0000000008007674                HAL_TIM_OnePulse_Stop_IT
                0x00000000080076ec                HAL_TIM_Encoder_MspInit
                0x00000000080076ee                HAL_TIM_Encoder_MspDeInit
                0x00000000080076f0                HAL_TIM_Encoder_DeInit
                0x000000000800772a                HAL_TIM_Encoder_Start
                0x000000000800776e                HAL_TIM_Encoder_Stop
                0x00000000080077b6                HAL_TIM_Encoder_Start_IT
                0x0000000008007824                HAL_TIM_Encoder_Stop_IT
                0x0000000008007898                HAL_TIM_Encoder_Start_DMA
                0x00000000080079dc                HAL_TIM_Encoder_Stop_DMA
                0x0000000008007a6e                HAL_TIM_DMABurst_WriteStart
                0x0000000008007b4c                HAL_TIM_DMABurst_WriteStop
                0x0000000008007bb0                HAL_TIM_DMABurst_ReadStart
                0x0000000008007c94                HAL_TIM_DMABurst_ReadStop
                0x0000000008007c98                HAL_TIM_GenerateEvent
                0x0000000008007cbc                HAL_TIM_ConfigTI1Input
                0x0000000008007ccc                HAL_TIM_ReadCapturedValue
                0x0000000008007cf8                HAL_TIM_PeriodElapsedCallback
                0x0000000008007d0a                HAL_TIM_PeriodElapsedHalfCpltCallback
                0x0000000008007d1c                HAL_TIM_OC_DelayElapsedCallback
                0x0000000008007d1e                HAL_TIM_IC_CaptureCallback
                0x0000000008007d20                TIM_DMACaptureCplt
                0x0000000008007d5c                HAL_TIM_IC_CaptureHalfCpltCallback
                0x0000000008007d5e                TIM_DMACaptureHalfCplt
                0x0000000008007d9a                HAL_TIM_PWM_PulseFinishedCallback
                0x0000000008007d9c                TIM_DMADelayPulseCplt
                0x0000000008007dd8                HAL_TIM_PWM_PulseFinishedHalfCpltCallback
                0x0000000008007dda                TIM_DMADelayPulseHalfCplt
                0x0000000008007e16                HAL_TIM_TriggerCallback
                0x0000000008007e18                HAL_TIM_IRQHandler
                0x0000000008007f6c                HAL_TIM_TriggerHalfCpltCallback
                0x0000000008007f7e                HAL_TIM_ErrorCallback
                0x0000000008007f80                TIM_DMAError
                0x0000000008007f90                HAL_TIM_Base_GetState
                0x0000000008007f96                HAL_TIM_OC_GetState
                0x0000000008007f9c                HAL_TIM_PWM_GetState
                0x0000000008007fa2                HAL_TIM_IC_GetState
                0x0000000008007fa8                HAL_TIM_OnePulse_GetState
                0x0000000008007fae                HAL_TIM_Encoder_GetState
                0x0000000008007fb4                TIM_Base_SetConfig
                0x0000000008008080                HAL_TIM_Base_Init
                0x00000000080080b4                HAL_TIM_OC_Init
                0x00000000080080e8                HAL_TIM_PWM_Init
                0x000000000800811c                HAL_TIM_IC_Init
                0x0000000008008150                HAL_TIM_OnePulse_Init
                0x0000000008008196                HAL_TIM_Encoder_Init
                0x000000000800822c                TIM_OC2_SetConfig
                0x0000000008008298                HAL_TIM_OC_ConfigChannel
                0x00000000080082f0                HAL_TIM_PWM_ConfigChannel
                0x00000000080083b0                TIM_TI1_SetConfig
                0x0000000008008424                HAL_TIM_IC_ConfigChannel
                0x000000000800853a                HAL_TIM_OnePulse_ConfigChannel
                0x0000000008008630                TIM_ETR_SetConfig
                0x0000000008008644                HAL_TIM_ConfigOCrefClear
                0x0000000008008710                HAL_TIM_ConfigClockSource
                0x00000000080088e0                HAL_TIM_SlaveConfigSynchro
                0x000000000800892e                HAL_TIM_SlaveConfigSynchro_IT
                0x000000000800897c                TIM_CCxChannelCmd
                0x0000000008008998                HAL_TIM_OC_Start
                0x00000000080089d8                HAL_TIM_PWM_Start
                0x00000000080089dc                HAL_TIM_OC_Stop
                0x0000000008008a38                HAL_TIM_OC_Start_IT
                0x0000000008008aa8                HAL_TIM_PWM_Start_IT
                0x0000000008008aac                HAL_TIM_OC_Stop_IT
                0x0000000008008b3c                HAL_TIM_PWM_Stop_IT
                0x0000000008008b40                HAL_TIM_OC_Start_DMA
                0x0000000008008c50                HAL_TIM_PWM_Start_DMA
                0x0000000008008c54                HAL_TIM_OC_Stop_DMA
                0x0000000008008d04                HAL_TIM_PWM_Stop_DMA
                0x0000000008008d08                HAL_TIM_PWM_Stop
                0x0000000008008d6c                HAL_TIM_IC_Start
                0x0000000008008d90                HAL_TIM_IC_Stop
                0x0000000008008dbe                HAL_TIM_IC_Start_IT
                0x0000000008008e14                HAL_TIM_IC_Stop_IT
                0x0000000008008e74                HAL_TIM_IC_Start_DMA
                0x0000000008008f64                HAL_TIM_IC_Stop_DMA
 .text          0x0000000008008fe4      0x820 build/stm32f4_HAL/stm32f4xx_hal_tim_ex.o
                0x0000000008009000                HAL_TIMEx_HallSensor_MspInit
                0x0000000008009002                HAL_TIMEx_HallSensor_Init
                0x00000000080090b0                HAL_TIMEx_HallSensor_MspDeInit
                0x00000000080090b2                HAL_TIMEx_HallSensor_DeInit
                0x00000000080090ec                HAL_TIMEx_HallSensor_Start
                0x0000000008009112                HAL_TIMEx_HallSensor_Stop
                0x0000000008009142                HAL_TIMEx_HallSensor_Start_IT
                0x0000000008009170                HAL_TIMEx_HallSensor_Stop_IT
                0x00000000080091a8                HAL_TIMEx_HallSensor_Start_DMA
                0x0000000008009228                HAL_TIMEx_HallSensor_Stop_DMA
                0x0000000008009268                HAL_TIMEx_OCN_Start
                0x0000000008009294                HAL_TIMEx_OCN_Stop
                0x00000000080092de                HAL_TIMEx_OCN_Start_IT
                0x0000000008009334                HAL_TIMEx_OCN_Stop_IT
                0x00000000080093b2                HAL_TIMEx_OCN_Start_DMA
                0x0000000008009484                HAL_TIMEx_OCN_Stop_DMA
                0x000000000800950a                HAL_TIMEx_PWMN_Start
                0x000000000800950e                HAL_TIMEx_PWMN_Stop
                0x0000000008009512                HAL_TIMEx_PWMN_Start_IT
                0x0000000008009516                HAL_TIMEx_PWMN_Stop_IT
                0x000000000800951a                HAL_TIMEx_PWMN_Start_DMA
                0x000000000800951e                HAL_TIMEx_PWMN_Stop_DMA
                0x0000000008009522                HAL_TIMEx_OnePulseN_Start
                0x000000000800953c                HAL_TIMEx_OnePulseN_Stop
                0x0000000008009540                HAL_TIMEx_OnePulseN_Start_IT
                0x000000000800956a                HAL_TIMEx_OnePulseN_Stop_IT
                0x00000000080095c4                HAL_TIMEx_ConfigCommutEvent
                0x000000000800961e                HAL_TIMEx_ConfigCommutEvent_IT
                0x0000000008009678                HAL_TIMEx_ConfigCommutEvent_DMA
                0x00000000080096ec                HAL_TIMEx_MasterConfigSynchronization
                0x000000000800976c                HAL_TIMEx_ConfigBreakDeadTime
                0x00000000080097be                HAL_TIMEx_RemapConfig
                0x00000000080097d8                HAL_TIMEx_CommutCallback
                0x00000000080097da                TIMEx_DMACommutationCplt
                0x00000000080097ea                HAL_TIMEx_CommutHalfCpltCallback
                0x00000000080097ec                TIMEx_DMACommutationHalfCplt
                0x00000000080097fc                HAL_TIMEx_BreakCallback
                0x00000000080097fe                HAL_TIMEx_HallSensor_GetState
 .text          0x0000000008009804        0x0 build/stm32f4_HAL/stm32f4xx_hal_rtc.o
 .text          0x0000000008009804      0x6d0 build/stm32f4_HAL/stm32f4xx_hal_rcc.o
                0x0000000008009b52                HAL_RCC_MCOConfig
                0x0000000008009bec                HAL_RCC_EnableCSS
                0x0000000008009bf8                HAL_RCC_DisableCSS
                0x0000000008009c60                HAL_RCC_ClockConfig
                0x0000000008009d98                HAL_RCC_GetHCLKFreq
                0x0000000008009da4                HAL_RCC_GetPCLK1Freq
                0x0000000008009dc4                HAL_RCC_GetPCLK2Freq
                0x0000000008009e78                HAL_RCC_GetClockConfig
                0x0000000008009eb4                HAL_RCC_CSSCallback
                0x0000000008009eb6                HAL_RCC_NMI_IRQHandler
 .text          0x0000000008009ed4      0xdb4 build/stm32f4_HAL/stm32f4xx_hal_rcc_ex.o
                0x0000000008009ed4                HAL_RCCEx_PeriphCLKConfig
                0x000000000800a2e0                HAL_RCCEx_GetPeriphCLKConfig
                0x000000000800a3dc                HAL_RCCEx_GetPeriphCLKFreq
                0x000000000800a584                HAL_RCCEx_SelectLSEMode
                0x000000000800a59c                HAL_RCCEx_EnablePLLI2S
                0x000000000800a610                HAL_RCCEx_DisablePLLI2S
                0x000000000800a644                HAL_RCCEx_EnablePLLSAI
                0x000000000800a6b0                HAL_RCCEx_DisablePLLSAI
                0x000000000800a6e4                HAL_RCC_GetSysClockFreq
                0x000000000800a774                HAL_RCC_DeInit
                0x000000000800a8c8                HAL_RCC_OscConfig
                0x000000000800abec                HAL_RCC_GetOscConfig
 .text          0x000000000800ac88      0x1ac build/stm32f4_HAL/stm32f4xx_hal_pwr.o
                0x000000000800ac88                HAL_PWR_DeInit
                0x000000000800aca0                HAL_PWR_EnableBkUpAccess
                0x000000000800acac                HAL_PWR_DisableBkUpAccess
                0x000000000800acb8                HAL_PWR_ConfigPVD
                0x000000000800ad28                HAL_PWR_EnablePVD
                0x000000000800ad34                HAL_PWR_DisablePVD
                0x000000000800ad40                HAL_PWR_EnableWakeUpPin
                0x000000000800ad50                HAL_PWR_DisableWakeUpPin
                0x000000000800ad60                HAL_PWR_EnterSLEEPMode
                0x000000000800ad80                HAL_PWR_EnterSTOPMode
                0x000000000800adb8                HAL_PWR_EnterSTANDBYMode
                0x000000000800add8                HAL_PWR_PVDCallback
                0x000000000800adda                HAL_PWR_PVD_IRQHandler
                0x000000000800adf4                HAL_PWR_EnableSleepOnExit
                0x000000000800ae04                HAL_PWR_DisableSleepOnExit
                0x000000000800ae14                HAL_PWR_EnableSEVOnPend
                0x000000000800ae24                HAL_PWR_DisableSEVOnPend
 .text          0x000000000800ae34      0x298 build/stm32f4_HAL/stm32f4xx_hal_pwr_ex.o
                0x000000000800ae34                HAL_PWREx_EnableBkUpReg
                0x000000000800ae68                HAL_PWREx_DisableBkUpReg
                0x000000000800ae9c                HAL_PWREx_EnableFlashPowerDown
                0x000000000800aea8                HAL_PWREx_DisableFlashPowerDown
                0x000000000800aeb4                HAL_PWREx_GetVoltageRange
                0x000000000800aec4                HAL_PWREx_ControlVoltageScaling
                0x000000000800af74                HAL_PWREx_EnableOverDrive
                0x000000000800afec                HAL_PWREx_DisableOverDrive
                0x000000000800b064                HAL_PWREx_EnterUnderDriveSTOPMode
 .text          0x000000000800b0cc      0x2d0 build/stm32f4_HAL/stm32f4xx_hal_cortex.o
                0x000000000800b0cc                HAL_NVIC_SetPriorityGrouping
                0x000000000800b0f0                HAL_NVIC_SetPriority
                0x000000000800b154                HAL_NVIC_EnableIRQ
                0x000000000800b170                HAL_NVIC_DisableIRQ
                0x000000000800b198                HAL_NVIC_SystemReset
                0x000000000800b1bc                HAL_SYSTICK_Config
                0x000000000800b1e8                HAL_MPU_Disable
                0x000000000800b208                HAL_MPU_Enable
                0x000000000800b22c                HAL_MPU_ConfigRegion
                0x000000000800b284                HAL_NVIC_GetPriorityGrouping
                0x000000000800b294                HAL_NVIC_GetPriority
                0x000000000800b2f0                HAL_NVIC_SetPendingIRQ
                0x000000000800b310                HAL_NVIC_GetPendingIRQ
                0x000000000800b334                HAL_NVIC_ClearPendingIRQ
                0x000000000800b354                HAL_NVIC_GetActive
                0x000000000800b378                HAL_SYSTICK_CLKSourceConfig
                0x000000000800b390                HAL_SYSTICK_Callback
                0x000000000800b392                HAL_SYSTICK_IRQHandler
 .text          0x000000000800b39c     0x1828 build/stm32f4_HAL/stm32f4xx_hal_spi.o
                0x000000000800b540                HAL_SPI_MspInit
                0x000000000800b542                HAL_SPI_Init
                0x000000000800b5c6                HAL_SPI_MspDeInit
                0x000000000800b5c8                HAL_SPI_DeInit
                0x000000000800b5f4                HAL_SPI_Transmit
                0x000000000800b76e                HAL_SPI_TransmitReceive
                0x000000000800b9ee                HAL_SPI_Receive
                0x000000000800bbae                HAL_SPI_Transmit_IT
                0x000000000800bc54                HAL_SPI_TransmitReceive_IT
                0x000000000800bd1c                HAL_SPI_Receive_IT
                0x000000000800bde4                HAL_SPI_Transmit_DMA
                0x000000000800bebc                HAL_SPI_TransmitReceive_DMA
                0x000000000800bfe0                HAL_SPI_Receive_DMA
                0x000000000800c0e4                HAL_SPI_Abort
                0x000000000800c20c                HAL_SPI_DMAPause
                0x000000000800c22c                HAL_SPI_DMAResume
                0x000000000800c24c                HAL_SPI_DMAStop
                0x000000000800c292                HAL_SPI_TxCpltCallback
                0x000000000800c294                HAL_SPI_RxCpltCallback
                0x000000000800c296                HAL_SPI_TxRxCpltCallback
                0x000000000800c298                HAL_SPI_TxHalfCpltCallback
                0x000000000800c2a4                HAL_SPI_RxHalfCpltCallback
                0x000000000800c2b0                HAL_SPI_TxRxHalfCpltCallback
                0x000000000800c2bc                HAL_SPI_ErrorCallback
                0x000000000800c87e                HAL_SPI_IRQHandler
                0x000000000800c998                HAL_SPI_AbortCpltCallback
                0x000000000800c99a                HAL_SPI_Abort_IT
                0x000000000800cbb8                HAL_SPI_GetState
                0x000000000800cbbe                HAL_SPI_GetError
 .text          0x000000000800cbc4      0x2d0 build/stm32f4_HAL/stm32f4xx_hal_dac.o
                0x000000000800cbc4                HAL_DAC_MspInit
                0x000000000800cbc6                HAL_DAC_Init
                0x000000000800cbec                HAL_DAC_MspDeInit
                0x000000000800cbee                HAL_DAC_DeInit
                0x000000000800cc0a                HAL_DAC_Start
                0x000000000800cc64                HAL_DAC_Stop
                0x000000000800cc7c                HAL_DAC_Start_DMA
                0x000000000800cd4c                HAL_DAC_Stop_DMA
                0x000000000800cd84                HAL_DAC_GetValue
                0x000000000800cd90                HAL_DAC_ConvCpltCallbackCh1
                0x000000000800cda2                HAL_DAC_ConvHalfCpltCallbackCh1
                0x000000000800cdae                HAL_DAC_ErrorCallbackCh1
                0x000000000800cdc8                HAL_DAC_DMAUnderrunCallbackCh1
                0x000000000800cdca                HAL_DAC_IRQHandler
                0x000000000800ce22                HAL_DAC_ConfigChannel
                0x000000000800ce66                HAL_DAC_SetValue
                0x000000000800ce8a                HAL_DAC_GetState
                0x000000000800ce8e                HAL_DAC_GetError
 .text          0x000000000800ce94       0xc4 build/stm32f4_HAL/stm32f4xx_hal_dac_ex.o
                0x000000000800ce94                HAL_DACEx_DualGetValue
                0x000000000800cea0                HAL_DACEx_TriangleWaveGenerate
                0x000000000800ced4                HAL_DACEx_NoiseWaveGenerate
                0x000000000800cf08                HAL_DACEx_DualSetValue
                0x000000000800cf1e                HAL_DACEx_ConvCpltCallbackCh2
                0x000000000800cf20                HAL_DACEx_ConvHalfCpltCallbackCh2
                0x000000000800cf22                HAL_DACEx_ErrorCallbackCh2
                0x000000000800cf24                HAL_DACEx_DMAUnderrunCallbackCh2
                0x000000000800cf26                DAC_DMAConvCpltCh2
                0x000000000800cf36                DAC_DMAHalfConvCpltCh2
                0x000000000800cf40                DAC_DMAErrorCh2
 .text          0x000000000800cf58      0x880 build/stm32f4_HAL/stm32f4xx_hal_can.o
                0x000000000800cf58                HAL_CAN_MspInit
                0x000000000800cf5a                HAL_CAN_Init
                0x000000000800d050                HAL_CAN_MspDeInit
                0x000000000800d052                HAL_CAN_ConfigFilter
                0x000000000800d168                HAL_CAN_Start
                0x000000000800d1c4                HAL_CAN_Stop
                0x000000000800d220                HAL_CAN_DeInit
                0x000000000800d248                HAL_CAN_RequestSleep
                0x000000000800d26c                HAL_CAN_WakeUp
                0x000000000800d2bc                HAL_CAN_IsSleepActive
                0x000000000800d2d2                HAL_CAN_AddTxMessage
                0x000000000800d372                HAL_CAN_AbortTxRequest
                0x000000000800d3b8                HAL_CAN_GetTxMailboxesFreeLevel
                0x000000000800d3e0                HAL_CAN_IsTxMessagePending
                0x000000000800d402                HAL_CAN_GetTxTimestamp
                0x000000000800d426                HAL_CAN_GetRxMessage
                0x000000000800d514                HAL_CAN_GetRxFifoFillLevel
                0x000000000800d532                HAL_CAN_ActivateNotification
                0x000000000800d554                HAL_CAN_DeactivateNotification
                0x000000000800d578                HAL_CAN_TxMailbox0CompleteCallback
                0x000000000800d57a                HAL_CAN_TxMailbox1CompleteCallback
                0x000000000800d57c                HAL_CAN_TxMailbox2CompleteCallback
                0x000000000800d57e                HAL_CAN_TxMailbox0AbortCallback
                0x000000000800d580                HAL_CAN_TxMailbox1AbortCallback
                0x000000000800d582                HAL_CAN_TxMailbox2AbortCallback
                0x000000000800d584                HAL_CAN_RxFifo0MsgPendingCallback
                0x000000000800d586                HAL_CAN_RxFifo0FullCallback
                0x000000000800d588                HAL_CAN_RxFifo1MsgPendingCallback
                0x000000000800d58a                HAL_CAN_RxFifo1FullCallback
                0x000000000800d58c                HAL_CAN_SleepCallback
                0x000000000800d58e                HAL_CAN_WakeUpFromRxMsgCallback
                0x000000000800d590                HAL_CAN_ErrorCallback
                0x000000000800d592                HAL_CAN_IRQHandler
                0x000000000800d78e                HAL_CAN_GetState
                0x000000000800d7b4                HAL_CAN_GetError
                0x000000000800d7b8                HAL_CAN_ResetError
 .text          0x000000000800d7d8        0x0 build/FreeRTOS/croutine.o
 .text          0x000000000800d7d8      0x274 build/FreeRTOS/event_groups.o
                0x000000000800d7d8                xEventGroupCreateStatic
                0x000000000800d7f0                xEventGroupCreate
                0x000000000800d80c                xEventGroupWaitBits
                0x000000000800d8c4                xEventGroupClearBits
                0x000000000800d8de                vEventGroupClearBitsCallback
                0x000000000800d8e2                xEventGroupClearBitsFromISR
                0x000000000800d8f4                xEventGroupGetBitsFromISR
                0x000000000800d910                xEventGroupSetBits
                0x000000000800d96c                xEventGroupSync
                0x000000000800da00                vEventGroupSetBitsCallback
                0x000000000800da04                vEventGroupDelete
                0x000000000800da2e                xEventGroupSetBitsFromISR
                0x000000000800da40                uxEventGroupGetNumber
                0x000000000800da46                vEventGroupSetNumber
 .text          0x000000000800da4c       0x82 build/FreeRTOS/list.o
                0x000000000800da4c                vListInitialise
                0x000000000800da62                vListInitialiseItem
                0x000000000800da68                vListInsertEnd
                0x000000000800da80                vListInsert
                0x000000000800daae                uxListRemove
 *fill*         0x000000000800dace        0x2 
 .text          0x000000000800dad0      0x8fc build/FreeRTOS/queue.o
                0x000000000800dbec                xQueueGenericReset
                0x000000000800dc58                xQueueGenericCreateStatic
                0x000000000800dc84                xQueueGenericCreate
                0x000000000800dcbe                xQueueGetMutexHolder
                0x000000000800dcd8                xQueueGetMutexHolderFromISR
                0x000000000800dce4                xQueueCreateCountingSemaphoreStatic
                0x000000000800dcfe                xQueueCreateCountingSemaphore
                0x000000000800dd10                xQueueGenericSend
                0x000000000800de14                xQueueCreateMutexStatic
                0x000000000800de3e                xQueueGiveMutexRecursive
                0x000000000800de66                xQueueCreateMutex
                0x000000000800de8a                xQueueGenericSendFromISR
                0x000000000800def4                xQueueGiveFromISR
                0x000000000800df50                xQueueReceive
                0x000000000800e040                xQueueSemaphoreTake
                0x000000000800e168                xQueueTakeMutexRecursive
                0x000000000800e198                xQueuePeek
                0x000000000800e288                xQueueReceiveFromISR
                0x000000000800e2f0                xQueuePeekFromISR
                0x000000000800e320                uxQueueMessagesWaiting
                0x000000000800e336                uxQueueSpacesAvailable
                0x000000000800e350                uxQueueMessagesWaitingFromISR
                0x000000000800e354                vQueueDelete
                0x000000000800e360                uxQueueGetQueueNumber
                0x000000000800e364                vQueueSetQueueNumber
                0x000000000800e368                ucQueueGetQueueType
                0x000000000800e36e                xQueueIsQueueEmptyFromISR
                0x000000000800e378                xQueueIsQueueFullFromISR
                0x000000000800e384                vQueueWaitForMessageRestricted
 .text          0x000000000800e3cc     0x12d4 build/FreeRTOS/tasks.o
                0x000000000800e69c                xTaskCreateStatic
                0x000000000800e6d0                xTaskCreate
                0x000000000800e72c                vTaskDelete
                0x000000000800e7b0                eTaskGetState
                0x000000000800e818                uxTaskPriorityGet
                0x000000000800e838                uxTaskPriorityGetFromISR
                0x000000000800e860                vTaskPrioritySet
                0x000000000800e910                vTaskResume
                0x000000000800e994                xTaskResumeFromISR
                0x000000000800ea1c                vTaskStartScheduler
                0x000000000800ea94                vTaskEndScheduler
                0x000000000800eab4                vTaskSuspendAll
                0x000000000800eac8                xTaskGetTickCount
                0x000000000800ead4                xTaskGetTickCountFromISR
                0x000000000800eae0                uxTaskGetNumberOfTasks
                0x000000000800eaec                pcTaskGetName
                0x000000000800eafc                xTaskIncrementTick
                0x000000000800ebe0                xTaskResumeAll
                0x000000000800eca4                vTaskDelayUntil
                0x000000000800ecf4                vTaskDelay
                0x000000000800ed24                xTaskCatchUpTicks
                0x000000000800ed44                vTaskSwitchContext
                0x000000000800eda8                vTaskSuspend
                0x000000000800ee38                vTaskPlaceOnEventList
                0x000000000800ee58                vTaskPlaceOnUnorderedEventList
                0x000000000800ee80                vTaskPlaceOnEventListRestricted
                0x000000000800eea8                xTaskRemoveFromEventList
                0x000000000800ef10                vTaskRemoveFromUnorderedEventList
                0x000000000800ef64                vTaskSetTimeOutState
                0x000000000800ef88                vTaskInternalSetTimeOutState
                0x000000000800ef9c                xTaskCheckForTimeOut
                0x000000000800efec                vTaskMissedYield
                0x000000000800effc                uxTaskGetTaskNumber
                0x000000000800f002                vTaskSetTaskNumber
                0x000000000800f008                vTaskGetInfo
                0x000000000800f0e2                uxTaskGetSystemState
                0x000000000800f178                uxTaskGetStackHighWaterMark
                0x000000000800f198                xTaskGetCurrentTaskHandle
                0x000000000800f1a4                xTaskGetSchedulerState
                0x000000000800f1c4                xTaskPriorityInherit
                0x000000000800f244                xTaskPriorityDisinherit
                0x000000000800f2a0                vTaskPriorityDisinheritAfterTimeout
                0x000000000800f310                uxTaskResetEventItemValue
                0x000000000800f328                pvTaskIncrementMutexHeldCount
                0x000000000800f340                ulTaskNotifyTake
                0x000000000800f3ac                xTaskNotifyWait
                0x000000000800f440                xTaskGenericNotify
                0x000000000800f4f0                xTaskGenericNotifyFromISR
                0x000000000800f5b0                vTaskNotifyGiveFromISR
                0x000000000800f640                xTaskNotifyStateClear
                0x000000000800f66c                ulTaskNotifyValueClear
 .text          0x000000000800f6a0      0x49c build/FreeRTOS/timers.o
                0x000000000800f71c                xTimerCreateTimerTask
                0x000000000800f76c                xTimerCreate
                0x000000000800f7b2                xTimerCreateStatic
                0x000000000800f7f2                xTimerGenericCommand
                0x000000000800fa44                xTimerGetTimerDaemonTaskHandle
                0x000000000800fa50                xTimerGetPeriod
                0x000000000800fa54                vTimerSetReloadMode
                0x000000000800fa7a                uxTimerGetReloadMode
                0x000000000800fa96                xTimerGetExpiryTime
                0x000000000800fa9a                pcTimerGetName
                0x000000000800fa9e                xTimerIsTimerActive
                0x000000000800faba                pvTimerGetTimerID
                0x000000000800fad0                vTimerSetTimerID
                0x000000000800fae4                xTimerPendFunctionCallFromISR
                0x000000000800fb0c                xTimerPendFunctionCall
                0x000000000800fb34                uxTimerGetTimerNumber
                0x000000000800fb38                vTimerSetTimerNumber
 .text          0x000000000800fb3c      0x532 build/FreeRTOS/stream_buffer.o
                0x000000000800fbdc                xStreamBufferGenericCreate
                0x000000000800fc18                xStreamBufferGenericCreateStatic
                0x000000000800fc58                vStreamBufferDelete
                0x000000000800fc6a                xStreamBufferReset
                0x000000000800fcb0                xStreamBufferSetTriggerLevel
                0x000000000800fcc4                xStreamBufferSpacesAvailable
                0x000000000800fcd8                xStreamBufferBytesAvailable
                0x000000000800fcda                xStreamBufferSend
                0x000000000800fdb8                xStreamBufferSendFromISR
                0x000000000800fe4c                xStreamBufferReceive
                0x000000000800ff04                xStreamBufferNextMessageLengthBytes
                0x000000000800ff32                xStreamBufferReceiveFromISR
                0x000000000800ffc6                xStreamBufferIsEmpty
                0x000000000800ffd2                xStreamBufferIsFull
                0x000000000800ffee                xStreamBufferSendCompletedFromISR
                0x0000000008010026                xStreamBufferReceiveCompletedFromISR
                0x000000000801005e                uxStreamBufferGetStreamBufferNumber
                0x0000000008010062                vStreamBufferSetStreamBufferNumber
                0x0000000008010066                ucStreamBufferGetStreamBufferType
 *fill*         0x000000000801006e        0x2 
 .text          0x0000000008010070     0x114c build/FreeRTOS/cmsis_os2.o
                0x00000000080100ae                SysTick_Handler
                0x00000000080100cc                osKernelInitialize
                0x00000000080100f8                osKernelGetInfo
                0x0000000008010124                osKernelGetState
                0x0000000008010144                osKernelStart
                0x0000000008010184                osKernelLock
                0x00000000080101b0                osKernelUnlock
                0x00000000080101e8                osKernelRestoreLock
                0x000000000801022c                osKernelGetTickCount
                0x0000000008010244                osKernelGetTickFreq
                0x000000000801024a                osKernelGetSysTimerCount
                0x000000000801028a                osKernelGetSysTimerFreq
                0x0000000008010294                osThreadNew
                0x000000000801032a                osThreadGetName
                0x0000000008010344                osThreadGetId
                0x0000000008010348                osThreadGetState
                0x0000000008010370                osThreadGetStackSpace
                0x000000000801038a                osThreadSetPriority
                0x00000000080103b8                osThreadGetPriority
                0x00000000080103d4                osThreadYield
                0x00000000080103f8                osThreadSuspend
                0x000000000801041c                osThreadResume
                0x0000000008010440                osThreadExit
                0x000000000801044a                osThreadTerminate
                0x000000000801047e                osThreadGetCount
                0x0000000008010492                osThreadEnumerate
                0x00000000080104fc                osThreadFlagsSet
                0x000000000801057c                osThreadFlagsClear
                0x00000000080105cc                osThreadFlagsGet
                0x00000000080105fa                osThreadFlagsWait
                0x0000000008010694                osDelay
                0x00000000080106b2                osDelayUntil
                0x00000000080106e2                osTimerNew
                0x000000000801075c                osTimerGetName
                0x0000000008010776                osTimerStart
                0x00000000080107ac                osTimerStop
                0x00000000080107ee                osTimerIsRunning
                0x0000000008010808                osTimerDelete
                0x000000000801084e                osEventFlagsNew
                0x000000000801087a                osEventFlagsSet
                0x00000000080108d4                osEventFlagsClear
                0x000000000801091a                osEventFlagsGet
                0x000000000801093c                osEventFlagsWait
                0x00000000080109a0                osEventFlagsDelete
                0x00000000080109c4                osMutexNew
                0x0000000008010a1e                osMutexAcquire
                0x0000000008010a64                osMutexRelease
                0x0000000008010aa4                osMutexGetOwner
                0x0000000008010ac0                osMutexDelete
                0x0000000008010ae6                osSemaphoreNew
                0x0000000008010b74                osSemaphoreAcquire
                0x0000000008010bd8                osSemaphoreRelease
                0x0000000008010c30                osSemaphoreGetCount
                0x0000000008010c52                osSemaphoreDelete
                0x0000000008010c76                osMessageQueueNew
                0x0000000008010cda                osMessageQueuePut
                0x0000000008010d48                osMessageQueueGet
                0x0000000008010db4                osMessageQueueGetCapacity
                0x0000000008010dba                osMessageQueueGetMsgSize
                0x0000000008010dc0                osMessageQueueGetCount
                0x0000000008010dc4                osMessageQueueGetSpace
                0x0000000008010dfa                osMessageQueueReset
                0x0000000008010e20                osMessageQueueDelete
                0x0000000008010e24                osMemoryPoolNew
                0x0000000008010f10                osMemoryPoolGetName
                0x0000000008010f26                osMemoryPoolAlloc
                0x0000000008010fdc                osMemoryPoolFree
                0x0000000008011098                osMemoryPoolGetCapacity
                0x00000000080110b0                osMemoryPoolGetBlockSize
                0x00000000080110c8                osMemoryPoolGetCount
                0x00000000080110f8                osMemoryPoolGetSpace
                0x0000000008011128                osMemoryPoolDelete
                0x0000000008011184                vApplicationGetIdleTaskMemory
                0x00000000080111a0                vApplicationGetTimerTaskMemory
 .text          0x00000000080111bc        0x2 build/FreeRTOS/clib_arm.o
                0x00000000080111bc                software_init_hook
 *fill*         0x00000000080111be        0x2 
 .text          0x00000000080111c0       0xe0 build/FreeRTOS/os_systick.o
                0x00000000080111c0                OS_Tick_Setup
                0x0000000008011200                OS_Tick_Enable
                0x000000000801122c                OS_Tick_Disable
                0x0000000008011258                OS_Tick_AcknowledgeIRQ
                0x0000000008011264                OS_Tick_GetIRQn
                0x000000000801126a                OS_Tick_GetClock
                0x0000000008011274                OS_Tick_GetInterval
                0x0000000008011280                OS_Tick_GetCount
                0x0000000008011290                OS_Tick_GetOverflow
 .text          0x00000000080112a0       0x8c build/FreeRTOS/heap_useNewlib.o
                0x00000000080112a0                sbrk
                0x00000000080112f0                _sbrk
                0x00000000080112f4                __malloc_lock
                0x00000000080112f8                __malloc_unlock
                0x00000000080112fc                __env_lock
                0x0000000008011300                __env_unlock
                0x0000000008011304                pvPortMalloc
                0x0000000008011308                vPortFree
                0x000000000801130c                xPortGetFreeHeapSize
                0x0000000008011328                vPortInitialiseBlocks
 *fill*         0x000000000801132c        0x4 
 .text          0x0000000008011330      0x1f8 build/FreeRTOS/port.o
                0x0000000008011380                pxPortInitialiseStack
                0x00000000080113ac                SVC_Handler
                0x00000000080113d4                vPortEndScheduler
                0x00000000080113d6                vPortEnterCritical
                0x00000000080113f4                vPortExitCritical
                0x0000000008011408                PendSV_Handler
                0x0000000008011474                xPortSysTickHandler
                0x00000000080114a4                vPortSetupTimerInterrupt
                0x00000000080114d8                xPortStartScheduler
 .text          0x0000000008011528      0x308 build/tm_stm32_gpio.o
                0x0000000008011528                TM_GPIO_DeInit
                0x0000000008011570                TM_GPIO_SetPinAsInput
                0x0000000008011594                TM_GPIO_SetPinAsOutput
                0x00000000080115c0                TM_GPIO_SetPinAsAnalog
                0x00000000080115e2                TM_GPIO_SetPinAsAlternate
                0x000000000801160e                TM_GPIO_SetPullResistor
                0x0000000008011638                TM_GPIO_Lock
                0x0000000008011648                TM_GPIO_GetPinSource
                0x000000000801165c                TM_GPIO_GetPortSource
                0x000000000801166a                TM_GPIO_INT_EnableClock
                0x000000000801168c                TM_GPIO_INT_DisableClock
                0x00000000080116b0                TM_GPIO_INT_Init
                0x0000000008011764                TM_GPIO_Init
                0x0000000008011796                TM_GPIO_InitAlternate
                0x00000000080117fc                TM_GPIO_GetUsedPins
                0x0000000008011814                TM_GPIO_GetFreePins
 .text          0x0000000008011830      0x424 build/tm_stm32_i2c.o
                0x0000000008011830                TM_I2C_GetHandle
                0x0000000008011868                TM_I2C_Read
                0x00000000080118ac                TM_I2C_ReadMulti
                0x00000000080118f2                TM_I2C_ReadNoRegister
                0x0000000008011918                TM_I2C_ReadMultiNoRegister
                0x0000000008011942                TM_I2C_Write
                0x0000000008011972                TM_I2C_WriteMulti
                0x00000000080119a8                TM_I2C_WriteNoRegister
                0x00000000080119d2                TM_I2C_WriteMultiNoRegister
                0x00000000080119fc                TM_I2C_Write16
                0x0000000008011a2e                TM_I2C_Read16
                0x0000000008011a76                TM_I2C_IsDeviceConnected
                0x0000000008011a8c                TM_I2C_WriteReadRepeatedStart
                0x0000000008011ade                TM_I2C_InitCustomPinsCallback
                0x0000000008011ae0                TM_I2C_Init
 .text          0x0000000008011c54      0x390 build/tm_stm32_mpu6050.o
                0x0000000008011c54                TM_MPU6050_SetGyroscope
                0x0000000008011cbc                TM_MPU6050_SetAccelerometer
                0x0000000008011d1c                TM_MPU6050_SetDataRate
                0x0000000008011d38                TM_MPU6050_Init
                0x0000000008011dd0                TM_MPU6050_EnableInterrupts
                0x0000000008011e10                TM_MPU6050_DisableInterrupts
                0x0000000008011e2c                TM_MPU6050_ReadInterrupts
                0x0000000008011e58                TM_MPU6050_ReadAccelerometer
                0x0000000008011ea0                TM_MPU6050_ReadGyroscope
                0x0000000008011ee8                TM_MPU6050_ReadTemperature
                0x0000000008011f38                TM_MPU6050_ReadAll
 .text          0x0000000008011fe4        0x0 /opt/homebrew/Cellar/gcc-arm-none-eabi/20200630/bin/../lib/gcc/arm-none-eabi/9.3.1/../../../../arm-none-eabi/lib/thumb/v7e-m+fp/hard/libm.a(lib_a-w_atan2.o)
 .text          0x0000000008011fe4        0x0 /opt/homebrew/Cellar/gcc-arm-none-eabi/20200630/bin/../lib/gcc/arm-none-eabi/9.3.1/../../../../arm-none-eabi/lib/thumb/v7e-m+fp/hard/libm.a(lib_a-e_atan2.o)
 .text          0x0000000008011fe4        0x0 /opt/homebrew/Cellar/gcc-arm-none-eabi/20200630/bin/../lib/gcc/arm-none-eabi/9.3.1/../../../../arm-none-eabi/lib/thumb/v7e-m+fp/hard/libm.a(lib_a-s_atan.o)
 .text          0x0000000008011fe4        0x0 /opt/homebrew/Cellar/gcc-arm-none-eabi/20200630/bin/../lib/gcc/arm-none-eabi/9.3.1/../../../../arm-none-eabi/lib/thumb/v7e-m+fp/hard/libm.a(lib_a-s_fabs.o)
 .text          0x0000000008011fe4      0x254 /opt/homebrew/Cellar/gcc-arm-none-eabi/20200630/bin/../lib/gcc/arm-none-eabi/9.3.1/thumb/v7e-m+fp/hard/libgcc.a(_arm_muldf3.o)
 .text          0x0000000008012238      0x378 /opt/homebrew/Cellar/gcc-arm-none-eabi/20200630/bin/../lib/gcc/arm-none-eabi/9.3.1/thumb/v7e-m+fp/hard/libgcc.a(_arm_addsubdf3.o)
                0x0000000008012238                __aeabi_drsub
                0x0000000008012240                __subdf3
                0x0000000008012240                __aeabi_dsub
                0x0000000008012244                __aeabi_dadd
                0x0000000008012244                __adddf3
                0x00000000080124bc                __aeabi_ui2d
                0x00000000080124bc                __floatunsidf
                0x00000000080124dc                __floatsidf
                0x00000000080124dc                __aeabi_i2d
                0x0000000008012500                __extendsfdf2
                0x0000000008012500                __aeabi_f2d
                0x0000000008012544                __aeabi_ul2d
                0x0000000008012544                __floatundidf
                0x0000000008012554                __aeabi_l2d
                0x0000000008012554                __floatdidf
 .text          0x00000000080125b0      0x424 /opt/homebrew/Cellar/gcc-arm-none-eabi/20200630/bin/../lib/gcc/arm-none-eabi/9.3.1/thumb/v7e-m+fp/hard/libgcc.a(_arm_muldivdf3.o)
                0x00000000080125b0                __aeabi_dmul
                0x00000000080125b0                __muldf3
                0x0000000008012804                __aeabi_ddiv
                0x0000000008012804                __divdf3
 .text          0x00000000080129d4      0x110 /opt/homebrew/Cellar/gcc-arm-none-eabi/20200630/bin/../lib/gcc/arm-none-eabi/9.3.1/thumb/v7e-m+fp/hard/libgcc.a(_arm_cmpdf2.o)
                0x00000000080129d4                __gedf2
                0x00000000080129d4                __gtdf2
                0x00000000080129dc                __ledf2
                0x00000000080129dc                __ltdf2
                0x00000000080129e4                __cmpdf2
                0x00000000080129e4                __eqdf2
                0x00000000080129e4                __nedf2
                0x0000000008012a60                __aeabi_cdrcmple
                0x0000000008012a70                __aeabi_cdcmple
                0x0000000008012a70                __aeabi_cdcmpeq
                0x0000000008012a80                __aeabi_dcmpeq
                0x0000000008012a94                __aeabi_dcmplt
                0x0000000008012aa8                __aeabi_dcmple
                0x0000000008012abc                __aeabi_dcmpge
                0x0000000008012ad0                __aeabi_dcmpgt
 .text          0x0000000008012ae4       0xa0 /opt/homebrew/Cellar/gcc-arm-none-eabi/20200630/bin/../lib/gcc/arm-none-eabi/9.3.1/thumb/v7e-m+fp/hard/libgcc.a(_arm_truncdfsf2.o)
                0x0000000008012ae4                __aeabi_d2f
                0x0000000008012ae4                __truncdfsf2
 .text          0x0000000008012b84       0xa0 /opt/homebrew/Cellar/gcc-arm-none-eabi/20200630/bin/../lib/gcc/arm-none-eabi/9.3.1/thumb/v7e-m+fp/hard/libgcc.a(_aeabi_ldivmod.o)
                0x0000000008012b84                __aeabi_ldivmod
 .text          0x0000000008012c24       0x30 /opt/homebrew/Cellar/gcc-arm-none-eabi/20200630/bin/../lib/gcc/arm-none-eabi/9.3.1/thumb/v7e-m+fp/hard/libgcc.a(_aeabi_uldivmod.o)
                0x0000000008012c24                __aeabi_uldivmod
 .text          0x0000000008012c54      0x2c4 /opt/homebrew/Cellar/gcc-arm-none-eabi/20200630/bin/../lib/gcc/arm-none-eabi/9.3.1/thumb/v7e-m+fp/hard/libgcc.a(_udivmoddi4.o)
                0x0000000008012c54                __udivmoddi4
 .text          0x0000000008012f18        0x4 /opt/homebrew/Cellar/gcc-arm-none-eabi/20200630/bin/../lib/gcc/arm-none-eabi/9.3.1/thumb/v7e-m+fp/hard/libgcc.a(_dvmd_tls.o)
                0x0000000008012f18                __aeabi_ldiv0
                0x0000000008012f18                __aeabi_idiv0
 .text          0x0000000008012f1c        0x0 /opt/homebrew/Cellar/gcc-arm-none-eabi/20200630/bin/../lib/gcc/arm-none-eabi/9.3.1/../../../../arm-none-eabi/lib/thumb/v7e-m+fp/hard/libc_nano.a(lib_a-atof.o)
 .text          0x0000000008012f1c        0x0 /opt/homebrew/Cellar/gcc-arm-none-eabi/20200630/bin/../lib/gcc/arm-none-eabi/9.3.1/../../../../arm-none-eabi/lib/thumb/v7e-m+fp/hard/libc_nano.a(lib_a-ctype_.o)
 .text          0x0000000008012f1c        0x0 /opt/homebrew/Cellar/gcc-arm-none-eabi/20200630/bin/../lib/gcc/arm-none-eabi/9.3.1/../../../../arm-none-eabi/lib/thumb/v7e-m+fp/hard/libc_nano.a(lib_a-exit.o)
 .text          0x0000000008012f1c        0x0 /opt/homebrew/Cellar/gcc-arm-none-eabi/20200630/bin/../lib/gcc/arm-none-eabi/9.3.1/../../../../arm-none-eabi/lib/thumb/v7e-m+fp/hard/libc_nano.a(lib_a-getchar.o)
 .text          0x0000000008012f1c        0x0 /opt/homebrew/Cellar/gcc-arm-none-eabi/20200630/bin/../lib/gcc/arm-none-eabi/9.3.1/../../../../arm-none-eabi/lib/thumb/v7e-m+fp/hard/libc_nano.a(lib_a-impure.o)
 .text          0x0000000008012f1c        0x0 /opt/homebrew/Cellar/gcc-arm-none-eabi/20200630/bin/../lib/gcc/arm-none-eabi/9.3.1/../../../../arm-none-eabi/lib/thumb/v7e-m+fp/hard/libc_nano.a(lib_a-init.o)
 .text          0x0000000008012f1c        0x0 /opt/homebrew/Cellar/gcc-arm-none-eabi/20200630/bin/../lib/gcc/arm-none-eabi/9.3.1/../../../../arm-none-eabi/lib/thumb/v7e-m+fp/hard/libc_nano.a(lib_a-malloc.o)
 .text          0x0000000008012f1c        0x0 /opt/homebrew/Cellar/gcc-arm-none-eabi/20200630/bin/../lib/gcc/arm-none-eabi/9.3.1/../../../../arm-none-eabi/lib/thumb/v7e-m+fp/hard/libc_nano.a(lib_a-memcpy-stub.o)
 .text          0x0000000008012f1c        0x0 /opt/homebrew/Cellar/gcc-arm-none-eabi/20200630/bin/../lib/gcc/arm-none-eabi/9.3.1/../../../../arm-none-eabi/lib/thumb/v7e-m+fp/hard/libc_nano.a(lib_a-memset.o)
 .text          0x0000000008012f1c        0x0 /opt/homebrew/Cellar/gcc-arm-none-eabi/20200630/bin/../lib/gcc/arm-none-eabi/9.3.1/../../../../arm-none-eabi/lib/thumb/v7e-m+fp/hard/libc_nano.a(lib_a-mstats.o)
 .text          0x0000000008012f1c        0x0 /opt/homebrew/Cellar/gcc-arm-none-eabi/20200630/bin/../lib/gcc/arm-none-eabi/9.3.1/../../../../arm-none-eabi/lib/thumb/v7e-m+fp/hard/libc_nano.a(lib_a-nano-freer.o)
 .text          0x0000000008012f1c        0x0 /opt/homebrew/Cellar/gcc-arm-none-eabi/20200630/bin/../lib/gcc/arm-none-eabi/9.3.1/../../../../arm-none-eabi/lib/thumb/v7e-m+fp/hard/libc_nano.a(lib_a-nano-mallinfor.o)
 .text          0x0000000008012f1c        0x0 /opt/homebrew/Cellar/gcc-arm-none-eabi/20200630/bin/../lib/gcc/arm-none-eabi/9.3.1/../../../../arm-none-eabi/lib/thumb/v7e-m+fp/hard/libc_nano.a(lib_a-nano-mallocr.o)
 .text          0x0000000008012f1c        0x0 /opt/homebrew/Cellar/gcc-arm-none-eabi/20200630/bin/../lib/gcc/arm-none-eabi/9.3.1/../../../../arm-none-eabi/lib/thumb/v7e-m+fp/hard/libc_nano.a(lib_a-nano-malloptr.o)
 .text          0x0000000008012f1c        0x0 /opt/homebrew/Cellar/gcc-arm-none-eabi/20200630/bin/../lib/gcc/arm-none-eabi/9.3.1/../../../../arm-none-eabi/lib/thumb/v7e-m+fp/hard/libc_nano.a(lib_a-nano-mallstatsr.o)
 .text          0x0000000008012f1c        0x0 /opt/homebrew/Cellar/gcc-arm-none-eabi/20200630/bin/../lib/gcc/arm-none-eabi/9.3.1/../../../../arm-none-eabi/lib/thumb/v7e-m+fp/hard/libc_nano.a(lib_a-nano-vfprintf_float.o)
 .text          0x0000000008012f1c        0x0 /opt/homebrew/Cellar/gcc-arm-none-eabi/20200630/bin/../lib/gcc/arm-none-eabi/9.3.1/../../../../arm-none-eabi/lib/thumb/v7e-m+fp/hard/libc_nano.a(lib_a-nano-vfprintf_i.o)
 .text          0x0000000008012f1c        0x0 /opt/homebrew/Cellar/gcc-arm-none-eabi/20200630/bin/../lib/gcc/arm-none-eabi/9.3.1/../../../../arm-none-eabi/lib/thumb/v7e-m+fp/hard/libc_nano.a(lib_a-nano-vfscanf_float.o)
 .text          0x0000000008012f1c        0x0 /opt/homebrew/Cellar/gcc-arm-none-eabi/20200630/bin/../lib/gcc/arm-none-eabi/9.3.1/../../../../arm-none-eabi/lib/thumb/v7e-m+fp/hard/libc_nano.a(lib_a-printf.o)
 .text          0x0000000008012f1c        0x0 /opt/homebrew/Cellar/gcc-arm-none-eabi/20200630/bin/../lib/gcc/arm-none-eabi/9.3.1/../../../../arm-none-eabi/lib/thumb/v7e-m+fp/hard/libc_nano.a(lib_a-reent.o)
 .text          0x0000000008012f1c        0x0 /opt/homebrew/Cellar/gcc-arm-none-eabi/20200630/bin/../lib/gcc/arm-none-eabi/9.3.1/../../../../arm-none-eabi/lib/thumb/v7e-m+fp/hard/libc_nano.a(lib_a-sbrkr.o)
 .text          0x0000000008012f1c        0x0 /opt/homebrew/Cellar/gcc-arm-none-eabi/20200630/bin/../lib/gcc/arm-none-eabi/9.3.1/../../../../arm-none-eabi/lib/thumb/v7e-m+fp/hard/libc_nano.a(lib_a-setvbuf.o)
 .text          0x0000000008012f1c        0x0 /opt/homebrew/Cellar/gcc-arm-none-eabi/20200630/bin/../lib/gcc/arm-none-eabi/9.3.1/../../../../arm-none-eabi/lib/thumb/v7e-m+fp/hard/libc_nano.a(lib_a-sf_nan.o)
 .text          0x0000000008012f1c        0x0 /opt/homebrew/Cellar/gcc-arm-none-eabi/20200630/bin/../lib/gcc/arm-none-eabi/9.3.1/../../../../arm-none-eabi/lib/thumb/v7e-m+fp/hard/libc_nano.a(lib_a-sprintf.o)
 .text          0x0000000008012f1c       0x14 /opt/homebrew/Cellar/gcc-arm-none-eabi/20200630/bin/../lib/gcc/arm-none-eabi/9.3.1/../../../../arm-none-eabi/lib/thumb/v7e-m+fp/hard/libc_nano.a(lib_a-strcmp.o)
                0x0000000008012f1c                strcmp
 .text          0x0000000008012f30       0x10 /opt/homebrew/Cellar/gcc-arm-none-eabi/20200630/bin/../lib/gcc/arm-none-eabi/9.3.1/../../../../arm-none-eabi/lib/thumb/v7e-m+fp/hard/libc_nano.a(lib_a-strlen.o)
                0x0000000008012f30                strlen
 .text          0x0000000008012f40        0x0 /opt/homebrew/Cellar/gcc-arm-none-eabi/20200630/bin/../lib/gcc/arm-none-eabi/9.3.1/../../../../arm-none-eabi/lib/thumb/v7e-m+fp/hard/libc_nano.a(lib_a-strtod.o)
 .text          0x0000000008012f40        0x0 /opt/homebrew/Cellar/gcc-arm-none-eabi/20200630/bin/../lib/gcc/arm-none-eabi/9.3.1/../../../../arm-none-eabi/lib/thumb/v7e-m+fp/hard/libc_nano.a(lib_a-strtol.o)
 .text          0x0000000008012f40        0x0 /opt/homebrew/Cellar/gcc-arm-none-eabi/20200630/bin/../lib/gcc/arm-none-eabi/9.3.1/../../../../arm-none-eabi/lib/thumb/v7e-m+fp/hard/libc_nano.a(lib_a-vprintf.o)
 .text          0x0000000008012f40        0x0 /opt/homebrew/Cellar/gcc-arm-none-eabi/20200630/bin/../lib/gcc/arm-none-eabi/9.3.1/../../../../arm-none-eabi/lib/thumb/v7e-m+fp/hard/libc_nano.a(lib_a-dtoa.o)
 .text          0x0000000008012f40        0x0 /opt/homebrew/Cellar/gcc-arm-none-eabi/20200630/bin/../lib/gcc/arm-none-eabi/9.3.1/../../../../arm-none-eabi/lib/thumb/v7e-m+fp/hard/libc_nano.a(lib_a-errno.o)
 .text          0x0000000008012f40        0x0 /opt/homebrew/Cellar/gcc-arm-none-eabi/20200630/bin/../lib/gcc/arm-none-eabi/9.3.1/../../../../arm-none-eabi/lib/thumb/v7e-m+fp/hard/libc_nano.a(lib_a-fflush.o)
 .text          0x0000000008012f40        0x0 /opt/homebrew/Cellar/gcc-arm-none-eabi/20200630/bin/../lib/gcc/arm-none-eabi/9.3.1/../../../../arm-none-eabi/lib/thumb/v7e-m+fp/hard/libc_nano.a(lib_a-findfp.o)
 .text          0x0000000008012f40        0x0 /opt/homebrew/Cellar/gcc-arm-none-eabi/20200630/bin/../lib/gcc/arm-none-eabi/9.3.1/../../../../arm-none-eabi/lib/thumb/v7e-m+fp/hard/libc_nano.a(lib_a-fprintf.o)
 .text          0x0000000008012f40        0x0 /opt/homebrew/Cellar/gcc-arm-none-eabi/20200630/bin/../lib/gcc/arm-none-eabi/9.3.1/../../../../arm-none-eabi/lib/thumb/v7e-m+fp/hard/libc_nano.a(lib_a-fwalk.o)
 .text          0x0000000008012f40        0x0 /opt/homebrew/Cellar/gcc-arm-none-eabi/20200630/bin/../lib/gcc/arm-none-eabi/9.3.1/../../../../arm-none-eabi/lib/thumb/v7e-m+fp/hard/libc_nano.a(lib_a-gdtoa-gethex.o)
 .text          0x0000000008012f40        0x0 /opt/homebrew/Cellar/gcc-arm-none-eabi/20200630/bin/../lib/gcc/arm-none-eabi/9.3.1/../../../../arm-none-eabi/lib/thumb/v7e-m+fp/hard/libc_nano.a(lib_a-gdtoa-hexnan.o)
 .text          0x0000000008012f40        0x0 /opt/homebrew/Cellar/gcc-arm-none-eabi/20200630/bin/../lib/gcc/arm-none-eabi/9.3.1/../../../../arm-none-eabi/lib/thumb/v7e-m+fp/hard/libc_nano.a(lib_a-getc.o)
 .text          0x0000000008012f40        0x0 /opt/homebrew/Cellar/gcc-arm-none-eabi/20200630/bin/../lib/gcc/arm-none-eabi/9.3.1/../../../../arm-none-eabi/lib/thumb/v7e-m+fp/hard/libc_nano.a(lib_a-lnumeric.o)
 .text          0x0000000008012f40        0x0 /opt/homebrew/Cellar/gcc-arm-none-eabi/20200630/bin/../lib/gcc/arm-none-eabi/9.3.1/../../../../arm-none-eabi/lib/thumb/v7e-m+fp/hard/libc_nano.a(lib_a-locale.o)
 .text          0x0000000008012f40        0x0 /opt/homebrew/Cellar/gcc-arm-none-eabi/20200630/bin/../lib/gcc/arm-none-eabi/9.3.1/../../../../arm-none-eabi/lib/thumb/v7e-m+fp/hard/libc_nano.a(lib_a-localeconv.o)
 .text          0x0000000008012f40        0x0 /opt/homebrew/Cellar/gcc-arm-none-eabi/20200630/bin/../lib/gcc/arm-none-eabi/9.3.1/../../../../arm-none-eabi/lib/thumb/v7e-m+fp/hard/libc_nano.a(lib_a-lock.o)
 .text          0x0000000008012f40        0x0 /opt/homebrew/Cellar/gcc-arm-none-eabi/20200630/bin/../lib/gcc/arm-none-eabi/9.3.1/../../../../arm-none-eabi/lib/thumb/v7e-m+fp/hard/libc_nano.a(lib_a-makebuf.o)
 .text          0x0000000008012f40        0x0 /opt/homebrew/Cellar/gcc-arm-none-eabi/20200630/bin/../lib/gcc/arm-none-eabi/9.3.1/../../../../arm-none-eabi/lib/thumb/v7e-m+fp/hard/libc_nano.a(lib_a-mbtowc_r.o)
 .text          0x0000000008012f40       0xa0 /opt/homebrew/Cellar/gcc-arm-none-eabi/20200630/bin/../lib/gcc/arm-none-eabi/9.3.1/../../../../arm-none-eabi/lib/thumb/v7e-m+fp/hard/libc_nano.a(lib_a-memchr.o)
                0x0000000008012f40                memchr
 .text          0x0000000008012fe0        0x0 /opt/homebrew/Cellar/gcc-arm-none-eabi/20200630/bin/../lib/gcc/arm-none-eabi/9.3.1/../../../../arm-none-eabi/lib/thumb/v7e-m+fp/hard/libc_nano.a(lib_a-mprec.o)
 .text          0x0000000008012fe0        0x0 /opt/homebrew/Cellar/gcc-arm-none-eabi/20200630/bin/../lib/gcc/arm-none-eabi/9.3.1/../../../../arm-none-eabi/lib/thumb/v7e-m+fp/hard/libc_nano.a(lib_a-nano-callocr.o)
 .text          0x0000000008012fe0        0x0 /opt/homebrew/Cellar/gcc-arm-none-eabi/20200630/bin/../lib/gcc/arm-none-eabi/9.3.1/../../../../arm-none-eabi/lib/thumb/v7e-m+fp/hard/libc_nano.a(lib_a-nano-svfprintf.o)
 .text          0x0000000008012fe0        0x0 /opt/homebrew/Cellar/gcc-arm-none-eabi/20200630/bin/../lib/gcc/arm-none-eabi/9.3.1/../../../../arm-none-eabi/lib/thumb/v7e-m+fp/hard/libc_nano.a(lib_a-nano-vfprintf.o)
 .text          0x0000000008012fe0        0x0 /opt/homebrew/Cellar/gcc-arm-none-eabi/20200630/bin/../lib/gcc/arm-none-eabi/9.3.1/../../../../arm-none-eabi/lib/thumb/v7e-m+fp/hard/libc_nano.a(lib_a-rget.o)
 .text          0x0000000008012fe0        0x0 /opt/homebrew/Cellar/gcc-arm-none-eabi/20200630/bin/../lib/gcc/arm-none-eabi/9.3.1/../../../../arm-none-eabi/lib/thumb/v7e-m+fp/hard/libc_nano.a(lib_a-s_nan.o)
 .text          0x0000000008012fe0        0x0 /opt/homebrew/Cellar/gcc-arm-none-eabi/20200630/bin/../lib/gcc/arm-none-eabi/9.3.1/../../../../arm-none-eabi/lib/thumb/v7e-m+fp/hard/libc_nano.a(lib_a-stdio.o)
 .text          0x0000000008012fe0        0x0 /opt/homebrew/Cellar/gcc-arm-none-eabi/20200630/bin/../lib/gcc/arm-none-eabi/9.3.1/../../../../arm-none-eabi/lib/thumb/v7e-m+fp/hard/libc_nano.a(lib_a-strncmp.o)
 .text          0x0000000008012fe0        0x0 /opt/homebrew/Cellar/gcc-arm-none-eabi/20200630/bin/../lib/gcc/arm-none-eabi/9.3.1/../../../../arm-none-eabi/lib/thumb/v7e-m+fp/hard/libc_nano.a(lib_a-wbuf.o)
 .text          0x0000000008012fe0        0x0 /opt/homebrew/Cellar/gcc-arm-none-eabi/20200630/bin/../lib/gcc/arm-none-eabi/9.3.1/../../../../arm-none-eabi/lib/thumb/v7e-m+fp/hard/libc_nano.a(lib_a-wctomb_r.o)
 .text          0x0000000008012fe0        0x0 /opt/homebrew/Cellar/gcc-arm-none-eabi/20200630/bin/../lib/gcc/arm-none-eabi/9.3.1/../../../../arm-none-eabi/lib/thumb/v7e-m+fp/hard/libc_nano.a(lib_a-writer.o)
 .text          0x0000000008012fe0        0x0 /opt/homebrew/Cellar/gcc-arm-none-eabi/20200630/bin/../lib/gcc/arm-none-eabi/9.3.1/../../../../arm-none-eabi/lib/thumb/v7e-m+fp/hard/libc_nano.a(lib_a-wsetup.o)
 .text          0x0000000008012fe0        0x0 /opt/homebrew/Cellar/gcc-arm-none-eabi/20200630/bin/../lib/gcc/arm-none-eabi/9.3.1/../../../../arm-none-eabi/lib/thumb/v7e-m+fp/hard/libc_nano.a(lib_a-assert.o)
 .text          0x0000000008012fe0        0x0 /opt/homebrew/Cellar/gcc-arm-none-eabi/20200630/bin/../lib/gcc/arm-none-eabi/9.3.1/../../../../arm-none-eabi/lib/thumb/v7e-m+fp/hard/libc_nano.a(lib_a-closer.o)
 .text          0x0000000008012fe0        0x0 /opt/homebrew/Cellar/gcc-arm-none-eabi/20200630/bin/../lib/gcc/arm-none-eabi/9.3.1/../../../../arm-none-eabi/lib/thumb/v7e-m+fp/hard/libc_nano.a(lib_a-fstatr.o)
 .text          0x0000000008012fe0        0x0 /opt/homebrew/Cellar/gcc-arm-none-eabi/20200630/bin/../lib/gcc/arm-none-eabi/9.3.1/../../../../arm-none-eabi/lib/thumb/v7e-m+fp/hard/libc_nano.a(lib_a-fvwrite.o)
 .text          0x0000000008012fe0        0x0 /opt/homebrew/Cellar/gcc-arm-none-eabi/20200630/bin/../lib/gcc/arm-none-eabi/9.3.1/../../../../arm-none-eabi/lib/thumb/v7e-m+fp/hard/libc_nano.a(lib_a-isattyr.o)
 .text          0x0000000008012fe0        0x0 /opt/homebrew/Cellar/gcc-arm-none-eabi/20200630/bin/../lib/gcc/arm-none-eabi/9.3.1/../../../../arm-none-eabi/lib/thumb/v7e-m+fp/hard/libc_nano.a(lib_a-lseekr.o)
 .text          0x0000000008012fe0        0x0 /opt/homebrew/Cellar/gcc-arm-none-eabi/20200630/bin/../lib/gcc/arm-none-eabi/9.3.1/../../../../arm-none-eabi/lib/thumb/v7e-m+fp/hard/libc_nano.a(lib_a-memmove.o)
 .text          0x0000000008012fe0        0x0 /opt/homebrew/Cellar/gcc-arm-none-eabi/20200630/bin/../lib/gcc/arm-none-eabi/9.3.1/../../../../arm-none-eabi/lib/thumb/v7e-m+fp/hard/libc_nano.a(lib_a-nano-reallocr.o)
 .text          0x0000000008012fe0        0x0 /opt/homebrew/Cellar/gcc-arm-none-eabi/20200630/bin/../lib/gcc/arm-none-eabi/9.3.1/../../../../arm-none-eabi/lib/thumb/v7e-m+fp/hard/libc_nano.a(lib_a-readr.o)
 .text          0x0000000008012fe0        0x0 /opt/homebrew/Cellar/gcc-arm-none-eabi/20200630/bin/../lib/gcc/arm-none-eabi/9.3.1/../../../../arm-none-eabi/lib/thumb/v7e-m+fp/hard/libc_nano.a(lib_a-refill.o)
 .text          0x0000000008012fe0        0x0 /opt/homebrew/Cellar/gcc-arm-none-eabi/20200630/bin/../lib/gcc/arm-none-eabi/9.3.1/../../../../arm-none-eabi/lib/thumb/v7e-m+fp/hard/libc_nano.a(lib_a-abort.o)
 .text          0x0000000008012fe0        0x0 /opt/homebrew/Cellar/gcc-arm-none-eabi/20200630/bin/../lib/gcc/arm-none-eabi/9.3.1/../../../../arm-none-eabi/lib/thumb/v7e-m+fp/hard/libc_nano.a(lib_a-nano-msizer.o)
 .text          0x0000000008012fe0        0x0 /opt/homebrew/Cellar/gcc-arm-none-eabi/20200630/bin/../lib/gcc/arm-none-eabi/9.3.1/../../../../arm-none-eabi/lib/thumb/v7e-m+fp/hard/libc_nano.a(lib_a-signal.o)
 .text          0x0000000008012fe0        0x0 /opt/homebrew/Cellar/gcc-arm-none-eabi/20200630/bin/../lib/gcc/arm-none-eabi/9.3.1/../../../../arm-none-eabi/lib/thumb/v7e-m+fp/hard/libc_nano.a(lib_a-signalr.o)
 .text          0x0000000008012fe0       0x2c /opt/homebrew/Cellar/gcc-arm-none-eabi/20200630/bin/../lib/gcc/arm-none-eabi/9.3.1/thumb/v7e-m+fp/hard/libgcc.a(_arm_unorddf2.o)
                0x0000000008012fe0                __aeabi_dcmpun
                0x0000000008012fe0                __unorddf2
 .text          0x000000000801300c       0x50 /opt/homebrew/Cellar/gcc-arm-none-eabi/20200630/bin/../lib/gcc/arm-none-eabi/9.3.1/thumb/v7e-m+fp/hard/libgcc.a(_arm_fixdfsi.o)
                0x000000000801300c                __fixdfsi
                0x000000000801300c                __aeabi_d2iz
 .text          0x000000000801305c       0x40 /opt/homebrew/Cellar/gcc-arm-none-eabi/20200630/bin/../lib/gcc/arm-none-eabi/9.3.1/thumb/v7e-m+fp/hard/libgcc.a(_arm_fixunsdfsi.o)
                0x000000000801305c                __fixunsdfsi
                0x000000000801305c                __aeabi_d2uiz
 .text          0x000000000801309c       0x30 /opt/homebrew/Cellar/gcc-arm-none-eabi/20200630/bin/../lib/gcc/arm-none-eabi/9.3.1/thumb/v7e-m+fp/hard/libgcc.a(_fixdfdi.o)
                0x000000000801309c                __aeabi_d2lz
                0x000000000801309c                __fixdfdi
 .text          0x00000000080130cc       0x3c /opt/homebrew/Cellar/gcc-arm-none-eabi/20200630/bin/../lib/gcc/arm-none-eabi/9.3.1/thumb/v7e-m+fp/hard/libgcc.a(_fixunsdfdi.o)
                0x00000000080130cc                __aeabi_d2ulz
                0x00000000080130cc                __fixunsdfdi
 .text          0x0000000008013108        0x0 /opt/homebrew/Cellar/gcc-arm-none-eabi/20200630/bin/../lib/gcc/arm-none-eabi/9.3.1/../../../../arm-none-eabi/lib/thumb/v7e-m+fp/hard/libnosys.a(close.o)
 .text          0x0000000008013108        0x0 /opt/homebrew/Cellar/gcc-arm-none-eabi/20200630/bin/../lib/gcc/arm-none-eabi/9.3.1/../../../../arm-none-eabi/lib/thumb/v7e-m+fp/hard/libnosys.a(fstat.o)
 .text          0x0000000008013108        0x0 /opt/homebrew/Cellar/gcc-arm-none-eabi/20200630/bin/../lib/gcc/arm-none-eabi/9.3.1/../../../../arm-none-eabi/lib/thumb/v7e-m+fp/hard/libnosys.a(getpid.o)
 .text          0x0000000008013108        0x0 /opt/homebrew/Cellar/gcc-arm-none-eabi/20200630/bin/../lib/gcc/arm-none-eabi/9.3.1/../../../../arm-none-eabi/lib/thumb/v7e-m+fp/hard/libnosys.a(isatty.o)
 .text          0x0000000008013108        0x0 /opt/homebrew/Cellar/gcc-arm-none-eabi/20200630/bin/../lib/gcc/arm-none-eabi/9.3.1/../../../../arm-none-eabi/lib/thumb/v7e-m+fp/hard/libnosys.a(kill.o)
 .text          0x0000000008013108        0x0 /opt/homebrew/Cellar/gcc-arm-none-eabi/20200630/bin/../lib/gcc/arm-none-eabi/9.3.1/../../../../arm-none-eabi/lib/thumb/v7e-m+fp/hard/libnosys.a(lseek.o)
 .text          0x0000000008013108        0x0 /opt/homebrew/Cellar/gcc-arm-none-eabi/20200630/bin/../lib/gcc/arm-none-eabi/9.3.1/../../../../arm-none-eabi/lib/thumb/v7e-m+fp/hard/libnosys.a(_exit.o)
 .text          0x0000000008013108        0x0 /opt/homebrew/Cellar/gcc-arm-none-eabi/20200630/bin/../lib/gcc/arm-none-eabi/9.3.1/thumb/v7e-m+fp/hard/crtend.o
 .text          0x0000000008013108        0x0 /opt/homebrew/Cellar/gcc-arm-none-eabi/20200630/bin/../lib/gcc/arm-none-eabi/9.3.1/thumb/v7e-m+fp/hard/crtn.o
 *(.text*)
 .text.startup  0x0000000008013108       0xa0 build/main.o
                0x0000000008013108                main
 .text.Reset_Handler
                0x00000000080131a8       0x50 build/startup_stm32f446xx.o
                0x00000000080131a8                Reset_Handler
 .text.Default_Handler
                0x00000000080131f8        0x2 build/startup_stm32f446xx.o
                0x00000000080131f8                FMPI2C1_Error_IRQHandler
                0x00000000080131f8                EXTI2_IRQHandler
                0x00000000080131f8                TIM8_CC_IRQHandler
                0x00000000080131f8                SPI4_IRQHandler
                0x00000000080131f8                TIM1_CC_IRQHandler
                0x00000000080131f8                DMA2_Stream5_IRQHandler
                0x00000000080131f8                DMA1_Stream5_IRQHandler
                0x00000000080131f8                PVD_IRQHandler
                0x00000000080131f8                SDIO_IRQHandler
                0x00000000080131f8                TAMP_STAMP_IRQHandler
                0x00000000080131f8                CAN2_RX1_IRQHandler
                0x00000000080131f8                EXTI3_IRQHandler
                0x00000000080131f8                TIM8_TRG_COM_TIM14_IRQHandler
                0x00000000080131f8                TIM1_UP_TIM10_IRQHandler
                0x00000000080131f8                TIM8_UP_TIM13_IRQHandler
                0x00000000080131f8                I2C3_ER_IRQHandler
                0x00000000080131f8                FMPI2C1_Event_IRQHandler
                0x00000000080131f8                EXTI0_IRQHandler
                0x00000000080131f8                I2C2_EV_IRQHandler
                0x00000000080131f8                DMA1_Stream2_IRQHandler
                0x00000000080131f8                CAN1_RX0_IRQHandler
                0x00000000080131f8                FPU_IRQHandler
                0x00000000080131f8                OTG_HS_WKUP_IRQHandler
                0x00000000080131f8                CAN2_SCE_IRQHandler
                0x00000000080131f8                DMA2_Stream2_IRQHandler
                0x00000000080131f8                SPI1_IRQHandler
                0x00000000080131f8                TIM6_DAC_IRQHandler
                0x00000000080131f8                TIM1_BRK_TIM9_IRQHandler
                0x00000000080131f8                DCMI_IRQHandler
                0x00000000080131f8                CAN2_RX0_IRQHandler
                0x00000000080131f8                DMA2_Stream3_IRQHandler
                0x00000000080131f8                SAI2_IRQHandler
                0x00000000080131f8                USART6_IRQHandler
                0x00000000080131f8                USART3_IRQHandler
                0x00000000080131f8                CAN1_RX1_IRQHandler
                0x00000000080131f8                UART5_IRQHandler
                0x00000000080131f8                DMA2_Stream0_IRQHandler
                0x00000000080131f8                TIM4_IRQHandler
                0x00000000080131f8                QUADSPI_IRQHandler
                0x00000000080131f8                I2C1_EV_IRQHandler
                0x00000000080131f8                DMA1_Stream6_IRQHandler
                0x00000000080131f8                DMA1_Stream1_IRQHandler
                0x00000000080131f8                UART4_IRQHandler
                0x00000000080131f8                TIM3_IRQHandler
                0x00000000080131f8                RCC_IRQHandler
                0x00000000080131f8                TIM8_BRK_TIM12_IRQHandler
                0x00000000080131f8                Default_Handler
                0x00000000080131f8                CEC_IRQHandler
                0x00000000080131f8                EXTI15_10_IRQHandler
                0x00000000080131f8                ADC_IRQHandler
                0x00000000080131f8                DMA1_Stream7_IRQHandler
                0x00000000080131f8                TIM7_IRQHandler
                0x00000000080131f8                CAN2_TX_IRQHandler
                0x00000000080131f8                TIM5_IRQHandler
                0x00000000080131f8                DMA2_Stream7_IRQHandler
                0x00000000080131f8                I2C3_EV_IRQHandler
                0x00000000080131f8                RTC_WKUP_IRQHandler