Archive member included to satisfy reference by file (symbol)

/opt/homebrew/Cellar/gcc-arm-none-eabi/20200630/bin/../lib/gcc/arm-none-eabi/9.3.1/../../../../arm-none-eabi/lib/thumb/v7e-m+fp/hard/libm.a(lib_a-w_atan2.o)
                              build/IMU.o (atan2)
/opt/homebrew/Cellar/gcc-arm-none-eabi/20200630/bin/../lib/gcc/arm-none-eabi/9.3.1/../../../../arm-none-eabi/lib/thumb/v7e-m+fp/hard/libm.a(lib_a-e_atan2.o)
                              /opt/homebrew/Cellar/gcc-arm-none-eabi/20200630/bin/../lib/gcc/arm-none-eabi/9.3.1/../../../../arm-none-eabi/lib/thumb/v7e-m+fp/hard/libm.a(lib_a-w_atan2.o) (__ieee754_atan2)
/opt/homebrew/Cellar/gcc-arm-none-eabi/20200630/bin/../lib/gcc/arm-none-eabi/9.3.1/../../../../arm-none-eabi/lib/thumb/v7e-m+fp/hard/libm.a(lib_a-s_atan.o)
                              /opt/homebrew/Cellar/gcc-arm-none-eabi/20200630/bin/../lib/gcc/arm-none-eabi/9.3.1/../../../../arm-none-eabi/lib/thumb/v7e-m+fp/hard/libm.a(lib_a-e_atan2.o) (atan)
/opt/homebrew/Cellar/gcc-arm-none-eabi/20200630/bin/../lib/gcc/arm-none-eabi/9.3.1/../../../../arm-none-eabi/lib/thumb/v7e-m+fp/hard/libm.a(lib_a-s_fabs.o)
                              /opt/homebrew/Cellar/gcc-arm-none-eabi/20200630/bin/../lib/gcc/arm-none-eabi/9.3.1/../../../../arm-none-eabi/lib/thumb/v7e-m+fp/hard/libm.a(lib_a-e_atan2.o) (fabs)
/opt/homebrew/Cellar/gcc-arm-none-eabi/20200630/bin/../lib/gcc/arm-none-eabi/9.3.1/thumb/v7e-m+fp/hard/libgcc.a(_arm_muldf3.o)
                              build/IMU.o (__aeabi_dmul)
/opt/homebrew/Cellar/gcc-arm-none-eabi/20200630/bin/../lib/gcc/arm-none-eabi/9.3.1/thumb/v7e-m+fp/hard/libgcc.a(_arm_addsubdf3.o)
                              build/IMU.o (__aeabi_dsub)
/opt/homebrew/Cellar/gcc-arm-none-eabi/20200630/bin/../lib/gcc/arm-none-eabi/9.3.1/thumb/v7e-m+fp/hard/libgcc.a(_arm_muldivdf3.o)
                              build/data_logging.o (__aeabi_ddiv)
/opt/homebrew/Cellar/gcc-arm-none-eabi/20200630/bin/../lib/gcc/arm-none-eabi/9.3.1/thumb/v7e-m+fp/hard/libgcc.a(_arm_cmpdf2.o)
                              /opt/homebrew/Cellar/gcc-arm-none-eabi/20200630/bin/../lib/gcc/arm-none-eabi/9.3.1/../../../../arm-none-eabi/lib/thumb/v7e-m+fp/hard/libm.a(lib_a-s_atan.o) (__aeabi_dcmpgt)
/opt/homebrew/Cellar/gcc-arm-none-eabi/20200630/bin/../lib/gcc/arm-none-eabi/9.3.1/thumb/v7e-m+fp/hard/libgcc.a(_arm_truncdfsf2.o)
                              build/cmd_parser.o (__aeabi_d2f)
/opt/homebrew/Cellar/gcc-arm-none-eabi/20200630/bin/../lib/gcc/arm-none-eabi/9.3.1/thumb/v7e-m+fp/hard/libgcc.a(_aeabi_ldivmod.o)
                              build/uart.o (__aeabi_ldivmod)
/opt/homebrew/Cellar/gcc-arm-none-eabi/20200630/bin/../lib/gcc/arm-none-eabi/9.3.1/thumb/v7e-m+fp/hard/libgcc.a(_aeabi_uldivmod.o)
                              build/uart.o (__aeabi_uldivmod)
/opt/homebrew/Cellar/gcc-arm-none-eabi/20200630/bin/../lib/gcc/arm-none-eabi/9.3.1/thumb/v7e-m+fp/hard/libgcc.a(_udivmoddi4.o)
                              /opt/homebrew/Cellar/gcc-arm-none-eabi/20200630/bin/../lib/gcc/arm-none-eabi/9.3.1/thumb/v7e-m+fp/hard/libgcc.a(_aeabi_ldivmod.o) (__udivmoddi4)
/opt/homebrew/Cellar/gcc-arm-none-eabi/20200630/bin/../lib/gcc/arm-none-eabi/9.3.1/thumb/v7e-m+fp/hard/libgcc.a(_dvmd_tls.o)
                              /opt/homebrew/Cellar/gcc-arm-none-eabi/20200630/bin/../lib/gcc/arm-none-eabi/9.3.1/thumb/v7e-m+fp/hard/libgcc.a(_aeabi_ldivmod.o) (__aeabi_ldiv0)
/opt/homebrew/Cellar/gcc-arm-none-eabi/20200630/bin/../lib/gcc/arm-none-eabi/9.3.1/../../../../arm-none-eabi/lib/thumb/v7e-m+fp/hard/libc_nano.a(lib_a-atof.o)
                              build/cmd_parser.o (atof)
/opt/homebrew/Cellar/gcc-arm-none-eabi/20200630/bin/../lib/gcc/arm-none-eabi/9.3.1/../../../../arm-none-eabi/lib/thumb/v7e-m+fp/hard/libc_nano.a(lib_a-ctype_.o)
                              build/cmd_parser.o (_ctype_)
/opt/homebrew/Cellar/gcc-arm-none-eabi/20200630/bin/../lib/gcc/arm-none-eabi/9.3.1/../../../../arm-none-eabi/lib/thumb/v7e-m+fp/hard/libc_nano.a(lib_a-exit.o)
                              /opt/homebrew/Cellar/gcc-arm-none-eabi/20200630/bin/../lib/gcc/arm-none-eabi/9.3.1/../../../../arm-none-eabi/lib/thumb/v7e-m+fp/hard/crt0.o (exit)
/opt/homebrew/Cellar/gcc-arm-none-eabi/20200630/bin/../lib/gcc/arm-none-eabi/9.3.1/../../../../arm-none-eabi/lib/thumb/v7e-m+fp/hard/libc_nano.a(lib_a-getchar.o)
                              build/cmd_line_buffer.o (getchar)
/opt/homebrew/Cellar/gcc-arm-none-eabi/20200630/bin/../lib/gcc/arm-none-eabi/9.3.1/../../../../arm-none-eabi/lib/thumb/v7e-m+fp/hard/libc_nano.a(lib_a-impure.o)
                              /opt/homebrew/Cellar/gcc-arm-none-eabi/20200630/bin/../lib/gcc/arm-none-eabi/9.3.1/../../../../arm-none-eabi/lib/thumb/v7e-m+fp/hard/libc_nano.a(lib_a-exit.o) (_global_impure_ptr)
/opt/homebrew/Cellar/gcc-arm-none-eabi/20200630/bin/../lib/gcc/arm-none-eabi/9.3.1/../../../../arm-none-eabi/lib/thumb/v7e-m+fp/hard/libc_nano.a(lib_a-init.o)
[...]
Memory Configuration

Name             Origin             Length             Attributes
FLASH            0x0000000008000000 0x0000000000080000 xr
RAM              0x0000000020000000 0x0000000000020000 xrw
*default*        0x0000000000000000 0xffffffffffffffff

Linker script and memory map

LOAD /opt/homebrew/Cellar/gcc-arm-none-eabi/20200630/bin/../lib/gcc/arm-none-eabi/9.3.1/thumb/v7e-m+fp/hard/crti.o
LOAD /opt/homebrew/Cellar/gcc-arm-none-eabi/20200630/bin/../lib/gcc/arm-none-eabi/9.3.1/thumb/v7e-m+fp/hard/crtbegin.o
LOAD /opt/homebrew/Cellar/gcc-arm-none-eabi/20200630/bin/../lib/gcc/arm-none-eabi/9.3.1/../../../../arm-none-eabi/lib/thumb/v7e-m+fp/hard/crt0.o
LOAD build/stm32f4xx_it.o
LOAD build/system_stm32f4xx.o
LOAD build/main.o
LOAD build/uart.o
LOAD build/cmd_task.o
LOAD build/heartbeat_task.o
LOAD build/cmd_line_buffer.o
LOAD build/cmd_parser.o
LOAD build/heartbeat_cmd.o
LOAD build/controller.o
LOAD build/controller_cmd.o
LOAD build/motor.o
LOAD build/data_logging.o
LOAD build/IMU.o
LOAD build/startup_stm32f446xx.o
LOAD build/stm32f4_HAL/stm32f4xx_hal.o
LOAD build/stm32f4_HAL/stm32f4xx_hal_dma.o
LOAD build/stm32f4_HAL/stm32f4xx_hal_adc.o
LOAD build/stm32f4_HAL/stm32f4xx_hal_adc_ex.o
LOAD build/stm32f4_HAL/stm32f4xx_hal_gpio.o
LOAD build/stm32f4_HAL/stm32f4xx_ll_gpio.o
LOAD build/stm32f4_HAL/stm32f4xx_ll_usart.o
LOAD build/stm32f4_HAL/stm32f4xx_ll_dma.o
LOAD build/stm32f4_HAL/stm32f4xx_ll_rcc.o
LOAD build/stm32f4_HAL/stm32f4xx_hal_i2c.o
LOAD build/stm32f4_HAL/stm32f4xx_hal_i2c_ex.o
LOAD build/stm32f4_HAL/stm32f4xx_hal_tim.o
LOAD build/stm32f4_HAL/stm32f4xx_hal_tim_ex.o
LOAD build/stm32f4_HAL/stm32f4xx_hal_rtc.o
LOAD build/stm32f4_HAL/stm32f4xx_hal_rcc.o
LOAD build/stm32f4_HAL/stm32f4xx_hal_rcc_ex.o
LOAD build/stm32f4_HAL/stm32f4xx_hal_pwr.o
LOAD build/stm32f4_HAL/stm32f4xx_hal_pwr_ex.o
LOAD build/stm32f4_HAL/stm32f4xx_hal_cortex.o
LOAD build/stm32f4_HAL/stm32f4xx_hal_spi.o
LOAD build/stm32f4_HAL/stm32f4xx_hal_dac.o
LOAD build/stm32f4_HAL/stm32f4xx_hal_dac_ex.o
LOAD build/stm32f4_HAL/stm32f4xx_hal_can.o
LOAD build/FreeRTOS/croutine.o
LOAD build/FreeRTOS/event_groups.o
LOAD build/FreeRTOS/list.o
LOAD build/FreeRTOS/queue.o
LOAD build/FreeRTOS/tasks.o
LOAD build/FreeRTOS/timers.o
LOAD build/FreeRTOS/stream_buffer.o
LOAD build/FreeRTOS/cmsis_os2.o
LOAD build/FreeRTOS/clib_arm.o
LOAD build/FreeRTOS/os_systick.o
LOAD build/FreeRTOS/heap_useNewlib.o
LOAD build/FreeRTOS/port.o
LOAD build/tm_stm32_gpio.o
LOAD build/tm_stm32_i2c.o
LOAD build/tm_stm32_mpu6050.o
LOAD /opt/homebrew/Cellar/gcc-arm-none-eabi/20200630/bin/../lib/gcc/arm-none-eabi/9.3.1/../../../../arm-none-eabi/lib/thumb/v7e-m+fp/hard/libm.a
LOAD ../libraries/STM32Cube_F4_FW/Drivers/CMSIS/Lib/GCC/libarm_cortexM4lf_math.a
START GROUP
LOAD /opt/homebrew/Cellar/gcc-arm-none-eabi/20200630/bin/../lib/gcc/arm-none-eabi/9.3.1/thumb/v7e-m+fp/hard/libgcc.a
LOAD /opt/homebrew/Cellar/gcc-arm-none-eabi/20200630/bin/../lib/gcc/arm-none-eabi/9.3.1/../../../../arm-none-eabi/lib/thumb/v7e-m+fp/hard/libc_nano.a
END GROUP
START GROUP
LOAD /opt/homebrew/Cellar/gcc-arm-none-eabi/20200630/bin/../lib/gcc/arm-none-eabi/9.3.1/thumb/v7e-m+fp/hard/libgcc.a
LOAD /opt/homebrew/Cellar/gcc-arm-none-eabi/20200630/bin/../lib/gcc/arm-none-eabi/9.3.1/../../../../arm-none-eabi/lib/thumb/v7e-m+fp/hard/libc_nano.a
LOAD /opt/homebrew/Cellar/gcc-arm-none-eabi/20200630/bin/../lib/gcc/arm-none-eabi/9.3.1/../../../../arm-none-eabi/lib/thumb/v7e-m+fp/hard/libnosys.a
END GROUP
START GROUP
LOAD /opt/homebrew/Cellar/gcc-arm-none-eabi/20200630/bin/../lib/gcc/arm-none-eabi/9.3.1/thumb/v7e-m+fp/hard/libgcc.a
LOAD /opt/homebrew/Cellar/gcc-arm-none-eabi/20200630/bin/../lib/gcc/arm-none-eabi/9.3.1/../../../../arm-none-eabi/lib/thumb/v7e-m+fp/hard/libc_nano.a
LOAD /opt/homebrew/Cellar/gcc-arm-none-eabi/20200630/bin/../lib/gcc/arm-none-eabi/9.3.1/../../../../arm-none-eabi/lib/thumb/v7e-m+fp/hard/libnosys.a
END GROUP
LOAD /opt/homebrew/Cellar/gcc-arm-none-eabi/20200630/bin/../lib/gcc/arm-none-eabi/9.3.1/thumb/v7e-m+fp/hard/crtend.o
LOAD /opt/homebrew/Cellar/gcc-arm-none-eabi/20200630/bin/../lib/gcc/arm-none-eabi/9.3.1/thumb/v7e-m+fp/hard/crtn.o
                0x0000000020020000                _estack = 0x20020000
                0x0000000000010000                _Min_Heap_Size = 0x10000
                0x0000000000002000                _Min_Stack_Size = 0x2000

.isr_vector     0x0000000008000000      0x1c4
                0x0000000008000000                . = ALIGN (0x4)
 *(.isr_vector)
 .isr_vector    0x0000000008000000      0x1c4 build/startup_stm32f446xx.o
                0x0000000008000000                g_pfnVectors
                0x00000000080001c4                . = ALIGN (0x4)

.text           0x00000000080001d0    0x18df0
                0x00000000080001d0                . = ALIGN (0x4)
 *(.text)
 .text          0x00000000080001d0        0x0 /opt/homebrew/Cellar/gcc-arm-none-eabi/20200630/bin/../lib/gcc/arm-none-eabi/9.3.1/thumb/v7e-m+fp/hard/crti.o
 .text          0x00000000080001d0       0x40 /opt/homebrew/Cellar/gcc-arm-none-eabi/20200630/bin/../lib/gcc/arm-none-eabi/9.3.1/thumb/v7e-m+fp/hard/crtbegin.o
 .text          0x0000000008000210       0x7c /opt/homebrew/Cellar/gcc-arm-none-eabi/20200630/bin/../lib/gcc/arm-none-eabi/9.3.1/../../../../arm-none-eabi/lib/thumb/v7e-m+fp/hard/crt0.o
                0x0000000008000210                _stack_init
                0x0000000008000218                _mainCRTStartup
                0x0000000008000218                _start
 .text          0x000000000800028c        0xc build/stm32f4xx_it.o
                0x000000000800028c                NMI_Handler
                0x000000000800028e                HardFault_Handler
                0x0000000008000290                MemManage_Handler
                0x0000000008000292                BusFault_Handler
                0x0000000008000294                UsageFault_Handler
                0x0000000008000296                DebugMon_Handler
 .text          0x0000000008000298       0xc0 build/system_stm32f4xx.o
                0x0000000008000298                SystemInit
                0x00000000080002e4                SystemCoreClockUpdate
 .text          0x0000000008000358        0x0 build/main.o
 .text          0x0000000008000358      0x47c build/uart.o
                0x0000000008000358                uart_init
                0x000000000800062c                __wrap_printf
                0x0000000008000664                __io_putchar
                0x0000000008000694                __io_getchar
                0x00000000080006b0                _write
                0x00000000080006cc                _read
                0x00000000080006e0                _uart_rxne_isr
                0x0000000008000708                _uart_txe_isr
                0x0000000008000740                _uart_error
                0x0000000008000798                USART2_IRQHandler
 .text          0x00000000080007d4       0x4c build/cmd_task.o
                0x00000000080007f4                cmd_task_init
 .text          0x0000000008000820      0x178 build/heartbeat_task.o
                0x0000000008000890                heartbeat_task_init
                0x0000000008000940                heartbeat_task_start
                0x000000000800095c                heartbeat_task_stop
                0x0000000008000978                heartbeat_task_is_running
                0x0000000008000984                heartbeat_task_deinit
 .text          0x0000000008000998      0x104 build/cmd_line_buffer.o
                0x0000000008000998                clb_init
                0x00000000080009a2                clb_is_empty
                0x00000000080009ac                clb_is_full
                0x00000000080009ba                clb_delc
                0x00000000080009c4                clb_is_cmd_ready
                0x00000000080009dc                clb_putc
                0x00000000080009fc                clb_consume_char
                0x0000000008000a24                clb_consume_str
                0x0000000008000a3e                clb_gets_at
                0x0000000008000a56                clb_gets
                0x0000000008000a5c                clb_process
 .text          0x0000000008000a9c      0x224 build/cmd_parser.o
                0x0000000008000c30                cmd_parse
 .text          0x0000000008000cc0       0x70 build/heartbeat_cmd.o
                0x0000000008000cc0                heartbeat_cmd
 .text          0x0000000008000d30      0x1c8 build/controller.o
                0x0000000008000d30                ctrl_init
                0x0000000008000d4c                ctrl_set_state
                0x0000000008000d64                ctrl_set_x1
                0x0000000008000d70                ctrl_set_x2
                0x0000000008000d7c                ctrl_set_x3
                0x0000000008000d88                ctrl_set_x4
                0x0000000008000d94                ctrl_set_x5
                0x0000000008000da0                ctrl_set_x6
                0x0000000008000dac                ctrl_set_x7
                0x0000000008000db8                ctrl_set_x8
                0x0000000008000dc4                ctrl_get_state
                0x0000000008000dcc                ctrl_run
 .text          0x0000000008000ef8      0x1e4 build/controller_cmd.o
                0x0000000008000ef8                controller_cmd
 .text          0x00000000080010dc      0x33c build/motor.o
                0x00000000080010dc                motor_pwm_init
                0x00000000080011bc                motor_encoder_init
                0x000000000800123c                EXTI9_5_IRQHandler
                0x000000000800130c                motor1_get_wheel_rotation
                0x0000000008001334                motor2_get_wheel_rotation
                0x000000000800135c                motor3_get_wheel_rotation
                0x0000000008001384                motor_set_voltage
 .text          0x0000000008001418       0xe4 build/data_logging.o
                0x0000000008001424                logging_init
                0x0000000008001454                logging_stop
                0x00000000080014e0                imu_logging_start
 *fill*         0x00000000080014fc        0x4 
 .text          0x0000000008001500      0x188 build/IMU.o
                0x0000000008001500                IMU_init
                0x0000000008001534                IMU_read
                0x0000000008001540                get_accY
                0x0000000008001578                get_accZ
                0x00000000080015b0                get_accX
                0x00000000080015e8                get_gyroX
                0x000000000800162c                get_acc_angle
 .text          0x0000000008001688       0x14 build/startup_stm32f446xx.o
 .text          0x000000000800169c      0x20c build/stm32f4_HAL/stm32f4xx_hal.o
                0x000000000800169c                HAL_MspInit
                0x000000000800169e                HAL_MspDeInit
                0x00000000080016a0                HAL_DeInit
                0x00000000080016cc                HAL_InitTick
                0x0000000008001710                HAL_Init
                0x0000000008001744                HAL_IncTick
                0x000000000800175c                HAL_GetTick
                0x0000000008001768                HAL_GetTickPrio
                0x0000000008001774                HAL_SetTickFreq
                0x0000000008001794                HAL_GetTickFreq
                0x00000000080017a0                HAL_Delay
                0x00000000080017c8                HAL_SuspendTick
                0x00000000080017d8                HAL_ResumeTick
                0x00000000080017e8                HAL_GetHalVersion
                0x00000000080017f0                HAL_GetREVID
                0x00000000080017fc                HAL_GetDEVID
                0x000000000800180c                HAL_DBGMCU_EnableDBGSleepMode
                0x000000000800181c                HAL_DBGMCU_DisableDBGSleepMode
                0x000000000800182c                HAL_DBGMCU_EnableDBGStopMode
                0x000000000800183c                HAL_DBGMCU_DisableDBGStopMode
                0x000000000800184c                HAL_DBGMCU_EnableDBGStandbyMode
                0x000000000800185c                HAL_DBGMCU_DisableDBGStandbyMode
                0x000000000800186c                HAL_EnableCompensationCell
                0x0000000008001878                HAL_DisableCompensationCell
                0x0000000008001884                HAL_GetUIDw0
                0x0000000008001890                HAL_GetUIDw1
                0x000000000800189c                HAL_GetUIDw2
 .text          0x00000000080018a8      0x630 build/stm32f4_HAL/stm32f4xx_hal_dma.o
                0x00000000080018d4                HAL_DMA_Init
                0x00000000080019d4                HAL_DMA_DeInit
                0x0000000008001a28                HAL_DMA_Start
                0x0000000008001a7c                HAL_DMA_Start_IT
                0x0000000008001af0                HAL_DMA_Abort
                0x0000000008001b78                HAL_DMA_Abort_IT
                0x0000000008001b9c                HAL_DMA_PollForTransfer
                0x0000000008001caa                HAL_DMA_IRQHandler
                0x0000000008001e24                HAL_DMA_RegisterCallback
                0x0000000008001e6c                HAL_DMA_UnRegisterCallback
                0x0000000008001ece                HAL_DMA_GetState
                0x0000000008001ed4                HAL_DMA_GetError
 .text          0x0000000008001ed8      0x9c8 build/stm32f4_HAL/stm32f4xx_hal_adc.o
                0x0000000008001ed8                HAL_ADC_MspInit
                0x0000000008001eda                HAL_ADC_Init
                0x0000000008002028                HAL_ADC_MspDeInit
                0x000000000800202a                HAL_ADC_DeInit
                0x000000000800205e                HAL_ADC_Start
                0x0000000008002148                HAL_ADC_Stop
                0x000000000800217e                HAL_ADC_PollForConversion
                0x000000000800221c                HAL_ADC_PollForEvent
                0x0000000008002282                HAL_ADC_Start_IT
                0x0000000008002378                HAL_ADC_Stop_IT
                0x00000000080023c0                HAL_ADC_Start_DMA
                0x00000000080024e4                HAL_ADC_Stop_DMA
                0x000000000800253e                HAL_ADC_GetValue
                0x0000000008002544                HAL_ADC_ConvCpltCallback
                0x0000000008002546                HAL_ADC_ConvHalfCpltCallback
                0x0000000008002552                HAL_ADC_LevelOutOfWindowCallback
                0x0000000008002554                HAL_ADC_ErrorCallback
                0x0000000008002556                HAL_ADC_IRQHandler
                0x0000000008002700                HAL_ADC_ConfigChannel
                0x0000000008002838                HAL_ADC_AnalogWDGConfig
                0x0000000008002898                HAL_ADC_GetState
                0x000000000800289c                HAL_ADC_GetError
 .text          0x00000000080028a0      0x6b0 build/stm32f4_HAL/stm32f4xx_hal_adc_ex.o
                0x0000000008002910                HAL_ADCEx_InjectedStart
                0x00000000080029c4                HAL_ADCEx_InjectedStart_IT
                0x0000000008002a80                HAL_ADCEx_InjectedStop
                0x0000000008002ada                HAL_ADCEx_InjectedPollForConversion
                0x0000000008002b62                HAL_ADCEx_InjectedStop_IT
                0x0000000008002bc4                HAL_ADCEx_InjectedGetValue
                0x0000000008002bf6                HAL_ADCEx_MultiModeStart_DMA
                0x0000000008002cf0                HAL_ADCEx_MultiModeStop_DMA
                0x0000000008002d50                HAL_ADCEx_MultiModeGetValue
                0x0000000008002d5c                HAL_ADCEx_InjectedConvCpltCallback
                0x0000000008002d5e                HAL_ADCEx_InjectedConfigChannel
                0x0000000008002f00                HAL_ADCEx_MultiModeConfigChannel
 .text          0x0000000008002f50      0x344 build/stm32f4_HAL/stm32f4xx_hal_gpio.o
                0x0000000008002f50                HAL_GPIO_Init
                0x0000000008003110                HAL_GPIO_DeInit
                0x000000000800322c                HAL_GPIO_ReadPin
                0x0000000008003238                HAL_GPIO_WritePin
                0x0000000008003242                HAL_GPIO_TogglePin
                0x0000000008003250                HAL_GPIO_LockPin
                0x000000000800327a                HAL_GPIO_EXTI_Callback
                0x000000000800327c                HAL_GPIO_EXTI_IRQHandler
 .text          0x0000000008003294      0x220 build/stm32f4_HAL/stm32f4xx_ll_gpio.o
                0x00000000080032b4                LL_GPIO_DeInit
                0x0000000008003360                LL_GPIO_Init
                0x000000000800349c                LL_GPIO_StructInit
 .text          0x00000000080034b4      0x21c build/stm32f4_HAL/stm32f4xx_ll_usart.o
                0x00000000080034b4                LL_USART_DeInit
                0x0000000008003574                LL_USART_Init
                0x0000000008003670                LL_USART_StructInit
                0x0000000008003688                LL_USART_ClockInit
                0x00000000080036c2                LL_USART_ClockStructInit
 .text          0x00000000080036d0      0x238 build/stm32f4_HAL/stm32f4xx_ll_dma.o
                0x00000000080036d0                LL_DMA_DeInit
                0x0000000008003860                LL_DMA_Init
                0x00000000080038e4                LL_DMA_StructInit
 .text          0x0000000008003908      0x604 build/stm32f4_HAL/stm32f4xx_ll_rcc.o
                0x0000000008003918                LL_RCC_DeInit
                0x00000000080039c8                LL_RCC_GetCECClockFreq
                0x00000000080039f8                RCC_GetHCLKClockFreq
                0x0000000008003a10                RCC_GetPCLK1ClockFreq
                0x0000000008003a28                RCC_GetPCLK2ClockFreq
                0x0000000008003a40                RCC_PLL_GetFreqDomain_SYS
                0x0000000008003a88                RCC_GetSystemClockFreq
                0x0000000008003ab8                LL_RCC_GetSystemClocksFreq
                0x0000000008003ad8                LL_RCC_GetFMPI2CClockFreq
                0x0000000008003b28                RCC_PLL_GetFreqDomain_48M
                0x0000000008003b64                RCC_PLL_GetFreqDomain_I2S
                0x0000000008003ba0                RCC_PLL_GetFreqDomain_SPDIFRX
                0x0000000008003ba4                RCC_PLL_GetFreqDomain_SAI
                0x0000000008003ba8                RCC_PLLSAI_GetFreqDomain_SAI
                0x0000000008003bf8                RCC_PLLSAI_GetFreqDomain_48M
                0x0000000008003c3c                LL_RCC_GetSDIOClockFreq
                0x0000000008003c84                LL_RCC_GetUSBClockFreq
                0x0000000008003cb8                RCC_PLLI2S_GetFreqDomain_SAI
                0x0000000008003d08                LL_RCC_GetSAIClockFreq
                0x0000000008003dbc                RCC_PLLI2S_GetFreqDomain_SPDIFRX
                0x0000000008003e00                LL_RCC_GetSPDIFRXClockFreq
                0x0000000008003e34                RCC_PLLI2S_GetFreqDomain_I2S
                0x0000000008003e74                LL_RCC_GetI2SClockFreq
 .text          0x0000000008003f0c     0x31e0 build/stm32f4_HAL/stm32f4xx_hal_i2c.o
                0x0000000008004330                HAL_I2C_MspInit
                0x0000000008004332                HAL_I2C_Init
                0x0000000008004480                HAL_I2C_MspDeInit
                0x0000000008004482                HAL_I2C_DeInit
                0x00000000080044b4                HAL_I2C_Master_Transmit
                0x0000000008004664                HAL_I2C_Master_Receive
                0x0000000008004944                HAL_I2C_Slave_Transmit
                0x0000000008004aa4                HAL_I2C_Slave_Receive
                0x0000000008004c20                HAL_I2C_Master_Transmit_IT
                0x0000000008004cd0                HAL_I2C_Master_Receive_IT
                0x0000000008004d88                HAL_I2C_Slave_Transmit_IT
                0x0000000008004df8                HAL_I2C_Slave_Receive_IT
                0x0000000008004e68                HAL_I2C_Master_Transmit_DMA
                0x0000000008004f94                HAL_I2C_Master_Receive_DMA
                0x00000000080050bc                HAL_I2C_Slave_Transmit_DMA
                0x000000000800517c                HAL_I2C_Slave_Receive_DMA
                0x000000000800523c                HAL_I2C_Mem_Write
                0x000000000800535c                HAL_I2C_Mem_Read
                0x000000000800556c                HAL_I2C_Mem_Write_IT
                0x0000000008005628                HAL_I2C_Mem_Read_IT
                0x00000000080056f4                HAL_I2C_Mem_Write_DMA
                0x000000000800583c                HAL_I2C_Mem_Read_DMA
                0x00000000080059c8                HAL_I2C_IsDeviceReady
                0x0000000008005b28                HAL_I2C_Master_Seq_Transmit_IT
                0x0000000008005bf8                HAL_I2C_Master_Seq_Transmit_DMA
                0x0000000008005d6c                HAL_I2C_Master_Seq_Receive_IT
                0x0000000008005e78                HAL_I2C_Master_Seq_Receive_DMA
                0x0000000008006044                HAL_I2C_Slave_Seq_Transmit_IT
                0x00000000080060ba                HAL_I2C_Slave_Seq_Transmit_DMA
                0x00000000080061f8                HAL_I2C_Slave_Seq_Receive_IT
                0x000000000800626e                HAL_I2C_Slave_Seq_Receive_DMA
                0x00000000080063ac                HAL_I2C_EnableListen_IT
                0x00000000080063e2                HAL_I2C_DisableListen_IT
                0x0000000008006420                HAL_I2C_MasterTxCpltCallback
                0x0000000008006422                HAL_I2C_MasterRxCpltCallback
                0x0000000008006424                HAL_I2C_SlaveTxCpltCallback
                0x0000000008006426                HAL_I2C_SlaveRxCpltCallback
                0x0000000008006428                HAL_I2C_AddrCallback
                0x000000000800642a                HAL_I2C_ListenCpltCallback
                0x000000000800642c                HAL_I2C_MemTxCpltCallback
                0x000000000800642e                HAL_I2C_MemRxCpltCallback
                0x0000000008006430                HAL_I2C_ErrorCallback
                0x000000000800657e                HAL_I2C_AbortCpltCallback
                0x0000000008006750                HAL_I2C_Master_Abort_IT
                0x000000000800679c                HAL_I2C_EV_IRQHandler
                0x0000000008006fa8                HAL_I2C_ER_IRQHandler
                0x00000000080070dc                HAL_I2C_GetState
                0x00000000080070e2                HAL_I2C_GetMode
                0x00000000080070e8                HAL_I2C_GetError
 .text          0x00000000080070ec       0x7c build/stm32f4_HAL/stm32f4xx_hal_i2c_ex.o
                0x00000000080070ec                HAL_I2CEx_ConfigAnalogFilter
                0x000000000800712a                HAL_I2CEx_ConfigDigitalFilter
 .text          0x0000000008007168     0x1dfc build/stm32f4_HAL/stm32f4xx_hal_tim.o
                0x0000000008007284                HAL_TIM_Base_MspInit
                0x0000000008007286                HAL_TIM_Base_MspDeInit
                0x0000000008007288                HAL_TIM_Base_DeInit
                0x00000000080072c2                HAL_TIM_Base_Start
                0x00000000080072e6                HAL_TIM_Base_Stop
                0x0000000008007314                HAL_TIM_Base_Start_IT
                0x0000000008007334                HAL_TIM_Base_Stop_IT
                0x000000000800735e                HAL_TIM_Base_Start_DMA
                0x00000000080073c8                HAL_TIM_Base_Stop_DMA
                0x0000000008007404                HAL_TIM_OC_MspInit
                0x0000000008007406                HAL_TIM_OC_MspDeInit
                0x0000000008007408                HAL_TIM_OC_DeInit
                0x0000000008007442                HAL_TIM_PWM_MspInit
                0x0000000008007444                HAL_TIM_PWM_MspDeInit
                0x0000000008007446                HAL_TIM_PWM_DeInit
                0x0000000008007480                HAL_TIM_IC_MspInit
                0x0000000008007482                HAL_TIM_IC_MspDeInit
                0x0000000008007484                HAL_TIM_IC_DeInit
                0x00000000080074be                HAL_TIM_OnePulse_MspInit
                0x00000000080074c0                HAL_TIM_OnePulse_MspDeInit
                0x00000000080074c2                HAL_TIM_OnePulse_DeInit
                0x00000000080074fc                HAL_TIM_OnePulse_Start
                0x000000000800753c                HAL_TIM_OnePulse_Stop
                0x00000000080075a4                HAL_TIM_OnePulse_Start_IT
                0x00000000080075f4                HAL_TIM_OnePulse_Stop_IT
                0x000000000800766c                HAL_TIM_Encoder_MspInit
                0x000000000800766e                HAL_TIM_Encoder_MspDeInit
                0x0000000008007670                HAL_TIM_Encoder_DeInit
                0x00000000080076aa                HAL_TIM_Encoder_Start
                0x00000000080076ee                HAL_TIM_Encoder_Stop
                0x0000000008007736                HAL_TIM_Encoder_Start_IT
                0x00000000080077a4                HAL_TIM_Encoder_Stop_IT
                0x0000000008007818                HAL_TIM_Encoder_Start_DMA
                0x000000000800795c                HAL_TIM_Encoder_Stop_DMA
                0x00000000080079ee                HAL_TIM_DMABurst_WriteStart
                0x0000000008007acc                HAL_TIM_DMABurst_WriteStop
                0x0000000008007b30                HAL_TIM_DMABurst_ReadStart
                0x0000000008007c14                HAL_TIM_DMABurst_ReadStop
                0x0000000008007c18                HAL_TIM_GenerateEvent
                0x0000000008007c3c                HAL_TIM_ConfigTI1Input
                0x0000000008007c4c                HAL_TIM_ReadCapturedValue
                0x0000000008007c78                HAL_TIM_PeriodElapsedCallback
                0x0000000008007c8a                HAL_TIM_PeriodElapsedHalfCpltCallback
                0x0000000008007c9c                HAL_TIM_OC_DelayElapsedCallback
                0x0000000008007c9e                HAL_TIM_IC_CaptureCallback
                0x0000000008007ca0                TIM_DMACaptureCplt
                0x0000000008007cdc                HAL_TIM_IC_CaptureHalfCpltCallback
                0x0000000008007cde                TIM_DMACaptureHalfCplt
                0x0000000008007d1a                HAL_TIM_PWM_PulseFinishedCallback
                0x0000000008007d1c                TIM_DMADelayPulseCplt
                0x0000000008007d58                HAL_TIM_PWM_PulseFinishedHalfCpltCallback
                0x0000000008007d5a                TIM_DMADelayPulseHalfCplt
                0x0000000008007d96                HAL_TIM_TriggerCallback
                0x0000000008007d98                HAL_TIM_IRQHandler
                0x0000000008007eec                HAL_TIM_TriggerHalfCpltCallback
                0x0000000008007efe                HAL_TIM_ErrorCallback
                0x0000000008007f00                TIM_DMAError
                0x0000000008007f10                HAL_TIM_Base_GetState
                0x0000000008007f16                HAL_TIM_OC_GetState
                0x0000000008007f1c                HAL_TIM_PWM_GetState
                0x0000000008007f22                HAL_TIM_IC_GetState
                0x0000000008007f28                HAL_TIM_OnePulse_GetState
                0x0000000008007f2e                HAL_TIM_Encoder_GetState
                0x0000000008007f34                TIM_Base_SetConfig
                0x0000000008008000                HAL_TIM_Base_Init
                0x0000000008008034                HAL_TIM_OC_Init
                0x0000000008008068                HAL_TIM_PWM_Init
                0x000000000800809c                HAL_TIM_IC_Init
                0x00000000080080d0                HAL_TIM_OnePulse_Init
                0x0000000008008116                HAL_TIM_Encoder_Init
                0x00000000080081ac                TIM_OC2_SetConfig
                0x0000000008008218                HAL_TIM_OC_ConfigChannel
                0x0000000008008270                HAL_TIM_PWM_ConfigChannel
                0x0000000008008330                TIM_TI1_SetConfig
                0x00000000080083a4                HAL_TIM_IC_ConfigChannel
                0x00000000080084ba                HAL_TIM_OnePulse_ConfigChannel
                0x00000000080085b0                TIM_ETR_SetConfig
                0x00000000080085c4                HAL_TIM_ConfigOCrefClear
                0x0000000008008690                HAL_TIM_ConfigClockSource
                0x0000000008008860                HAL_TIM_SlaveConfigSynchro
                0x00000000080088ae                HAL_TIM_SlaveConfigSynchro_IT
                0x00000000080088fc                TIM_CCxChannelCmd
                0x0000000008008918                HAL_TIM_OC_Start
                0x0000000008008958                HAL_TIM_PWM_Start
                0x000000000800895c                HAL_TIM_OC_Stop
                0x00000000080089b8                HAL_TIM_OC_Start_IT
                0x0000000008008a28                HAL_TIM_PWM_Start_IT
                0x0000000008008a2c                HAL_TIM_OC_Stop_IT
                0x0000000008008abc                HAL_TIM_PWM_Stop_IT
                0x0000000008008ac0                HAL_TIM_OC_Start_DMA
                0x0000000008008bd0                HAL_TIM_PWM_Start_DMA
                0x0000000008008bd4                HAL_TIM_OC_Stop_DMA
                0x0000000008008c84                HAL_TIM_PWM_Stop_DMA
                0x0000000008008c88                HAL_TIM_PWM_Stop
                0x0000000008008cec                HAL_TIM_IC_Start
                0x0000000008008d10                HAL_TIM_IC_Stop
                0x0000000008008d3e                HAL_TIM_IC_Start_IT
                0x0000000008008d94                HAL_TIM_IC_Stop_IT
                0x0000000008008df4                HAL_TIM_IC_Start_DMA
                0x0000000008008ee4                HAL_TIM_IC_Stop_DMA
 .text          0x0000000008008f64      0x820 build/stm32f4_HAL/stm32f4xx_hal_tim_ex.o
                0x0000000008008f80                HAL_TIMEx_HallSensor_MspInit
                0x0000000008008f82                HAL_TIMEx_HallSensor_Init
                0x0000000008009030                HAL_TIMEx_HallSensor_MspDeInit
                0x0000000008009032                HAL_TIMEx_HallSensor_DeInit
                0x000000000800906c                HAL_TIMEx_HallSensor_Start
                0x0000000008009092                HAL_TIMEx_HallSensor_Stop
                0x00000000080090c2                HAL_TIMEx_HallSensor_Start_IT
                0x00000000080090f0                HAL_TIMEx_HallSensor_Stop_IT
                0x0000000008009128                HAL_TIMEx_HallSensor_Start_DMA
                0x00000000080091a8                HAL_TIMEx_HallSensor_Stop_DMA
                0x00000000080091e8                HAL_TIMEx_OCN_Start
                0x0000000008009214                HAL_TIMEx_OCN_Stop
                0x000000000800925e                HAL_TIMEx_OCN_Start_IT
                0x00000000080092b4                HAL_TIMEx_OCN_Stop_IT
                0x0000000008009332                HAL_TIMEx_OCN_Start_DMA
                0x0000000008009404                HAL_TIMEx_OCN_Stop_DMA
                0x000000000800948a                HAL_TIMEx_PWMN_Start
                0x000000000800948e                HAL_TIMEx_PWMN_Stop
                0x0000000008009492                HAL_TIMEx_PWMN_Start_IT
                0x0000000008009496                HAL_TIMEx_PWMN_Stop_IT
                0x000000000800949a                HAL_TIMEx_PWMN_Start_DMA
                0x000000000800949e                HAL_TIMEx_PWMN_Stop_DMA
                0x00000000080094a2                HAL_TIMEx_OnePulseN_Start
                0x00000000080094bc                HAL_TIMEx_OnePulseN_Stop
                0x00000000080094c0                HAL_TIMEx_OnePulseN_Start_IT
                0x00000000080094ea                HAL_TIMEx_OnePulseN_Stop_IT
                0x0000000008009544                HAL_TIMEx_ConfigCommutEvent
                0x000000000800959e                HAL_TIMEx_ConfigCommutEvent_IT
                0x00000000080095f8                HAL_TIMEx_ConfigCommutEvent_DMA
                0x000000000800966c                HAL_TIMEx_MasterConfigSynchronization
                0x00000000080096ec                HAL_TIMEx_ConfigBreakDeadTime
                0x000000000800973e                HAL_TIMEx_RemapConfig
                0x0000000008009758                HAL_TIMEx_CommutCallback
                0x000000000800975a                TIMEx_DMACommutationCplt
                0x000000000800976a                HAL_TIMEx_CommutHalfCpltCallback
                0x000000000800976c                TIMEx_DMACommutationHalfCplt
                0x000000000800977c                HAL_TIMEx_BreakCallback
                0x000000000800977e                HAL_TIMEx_HallSensor_GetState
 .text          0x0000000008009784        0x0 build/stm32f4_HAL/stm32f4xx_hal_rtc.o
 .text          0x0000000008009784      0x6d0 build/stm32f4_HAL/stm32f4xx_hal_rcc.o
                0x0000000008009ad2                HAL_RCC_MCOConfig
                0x0000000008009b6c                HAL_RCC_EnableCSS
                0x0000000008009b78                HAL_RCC_DisableCSS
                0x0000000008009be0                HAL_RCC_ClockConfig
                0x0000000008009d18                HAL_RCC_GetHCLKFreq
                0x0000000008009d24                HAL_RCC_GetPCLK1Freq
                0x0000000008009d44                HAL_RCC_GetPCLK2Freq
                0x0000000008009df8                HAL_RCC_GetClockConfig
                0x0000000008009e34                HAL_RCC_CSSCallback
                0x0000000008009e36                HAL_RCC_NMI_IRQHandler
 .text          0x0000000008009e54      0xdb4 build/stm32f4_HAL/stm32f4xx_hal_rcc_ex.o
                0x0000000008009e54                HAL_RCCEx_PeriphCLKConfig
                0x000000000800a260                HAL_RCCEx_GetPeriphCLKConfig
                0x000000000800a35c                HAL_RCCEx_GetPeriphCLKFreq
                0x000000000800a504                HAL_RCCEx_SelectLSEMode
                0x000000000800a51c                HAL_RCCEx_EnablePLLI2S
                0x000000000800a590                HAL_RCCEx_DisablePLLI2S
                0x000000000800a5c4                HAL_RCCEx_EnablePLLSAI
                0x000000000800a630                HAL_RCCEx_DisablePLLSAI
                0x000000000800a664                HAL_RCC_GetSysClockFreq
                0x000000000800a6f4                HAL_RCC_DeInit
                0x000000000800a848                HAL_RCC_OscConfig
                0x000000000800ab6c                HAL_RCC_GetOscConfig
 .text          0x000000000800ac08      0x1ac build/stm32f4_HAL/stm32f4xx_hal_pwr.o
                0x000000000800ac08                HAL_PWR_DeInit
                0x000000000800ac20                HAL_PWR_EnableBkUpAccess
                0x000000000800ac2c                HAL_PWR_DisableBkUpAccess
                0x000000000800ac38                HAL_PWR_ConfigPVD
                0x000000000800aca8                HAL_PWR_EnablePVD
                0x000000000800acb4                HAL_PWR_DisablePVD
                0x000000000800acc0                HAL_PWR_EnableWakeUpPin
                0x000000000800acd0                HAL_PWR_DisableWakeUpPin
                0x000000000800ace0                HAL_PWR_EnterSLEEPMode
                0x000000000800ad00                HAL_PWR_EnterSTOPMode
                0x000000000800ad38                HAL_PWR_EnterSTANDBYMode
                0x000000000800ad58                HAL_PWR_PVDCallback
                0x000000000800ad5a                HAL_PWR_PVD_IRQHandler
                0x000000000800ad74                HAL_PWR_EnableSleepOnExit
                0x000000000800ad84                HAL_PWR_DisableSleepOnExit
                0x000000000800ad94                HAL_PWR_EnableSEVOnPend
                0x000000000800ada4                HAL_PWR_DisableSEVOnPend
 .text          0x000000000800adb4      0x298 build/stm32f4_HAL/stm32f4xx_hal_pwr_ex.o
                0x000000000800adb4                HAL_PWREx_EnableBkUpReg
                0x000000000800ade8                HAL_PWREx_DisableBkUpReg
                0x000000000800ae1c                HAL_PWREx_EnableFlashPowerDown
                0x000000000800ae28                HAL_PWREx_DisableFlashPowerDown
                0x000000000800ae34                HAL_PWREx_GetVoltageRange
                0x000000000800ae44                HAL_PWREx_ControlVoltageScaling
                0x000000000800aef4                HAL_PWREx_EnableOverDrive
                0x000000000800af6c                HAL_PWREx_DisableOverDrive
                0x000000000800afe4                HAL_PWREx_EnterUnderDriveSTOPMode
 .text          0x000000000800b04c      0x2d0 build/stm32f4_HAL/stm32f4xx_hal_cortex.o
                0x000000000800b04c                HAL_NVIC_SetPriorityGrouping
                0x000000000800b070                HAL_NVIC_SetPriority
                0x000000000800b0d4                HAL_NVIC_EnableIRQ
                0x000000000800b0f0                HAL_NVIC_DisableIRQ
                0x000000000800b118                HAL_NVIC_SystemReset
                0x000000000800b13c                HAL_SYSTICK_Config
                0x000000000800b168                HAL_MPU_Disable
                0x000000000800b188                HAL_MPU_Enable
                0x000000000800b1ac                HAL_MPU_ConfigRegion
                0x000000000800b204                HAL_NVIC_GetPriorityGrouping
                0x000000000800b214                HAL_NVIC_GetPriority
                0x000000000800b270                HAL_NVIC_SetPendingIRQ
                0x000000000800b290                HAL_NVIC_GetPendingIRQ
                0x000000000800b2b4                HAL_NVIC_ClearPendingIRQ
                0x000000000800b2d4                HAL_NVIC_GetActive
                0x000000000800b2f8                HAL_SYSTICK_CLKSourceConfig
                0x000000000800b310                HAL_SYSTICK_Callback
                0x000000000800b312                HAL_SYSTICK_IRQHandler
 .text          0x000000000800b31c     0x1828 build/stm32f4_HAL/stm32f4xx_hal_spi.o
                0x000000000800b4c0                HAL_SPI_MspInit
                0x000000000800b4c2                HAL_SPI_Init
                0x000000000800b546                HAL_SPI_MspDeInit
                0x000000000800b548                HAL_SPI_DeInit
                0x000000000800b574                HAL_SPI_Transmit
                0x000000000800b6ee                HAL_SPI_TransmitReceive
                0x000000000800b96e                HAL_SPI_Receive
                0x000000000800bb2e                HAL_SPI_Transmit_IT
                0x000000000800bbd4                HAL_SPI_TransmitReceive_IT
                0x000000000800bc9c                HAL_SPI_Receive_IT
                0x000000000800bd64                HAL_SPI_Transmit_DMA
                0x000000000800be3c                HAL_SPI_TransmitReceive_DMA
                0x000000000800bf60                HAL_SPI_Receive_DMA
                0x000000000800c064                HAL_SPI_Abort
                0x000000000800c18c                HAL_SPI_DMAPause
                0x000000000800c1ac                HAL_SPI_DMAResume
                0x000000000800c1cc                HAL_SPI_DMAStop
                0x000000000800c212                HAL_SPI_TxCpltCallback
                0x000000000800c214                HAL_SPI_RxCpltCallback
                0x000000000800c216                HAL_SPI_TxRxCpltCallback
                0x000000000800c218                HAL_SPI_TxHalfCpltCallback
                0x000000000800c224                HAL_SPI_RxHalfCpltCallback
                0x000000000800c230                HAL_SPI_TxRxHalfCpltCallback
                0x000000000800c23c                HAL_SPI_ErrorCallback
                0x000000000800c7fe                HAL_SPI_IRQHandler
                0x000000000800c918                HAL_SPI_AbortCpltCallback
                0x000000000800c91a                HAL_SPI_Abort_IT
                0x000000000800cb38                HAL_SPI_GetState
                0x000000000800cb3e                HAL_SPI_GetError
 .text          0x000000000800cb44      0x2d0 build/stm32f4_HAL/stm32f4xx_hal_dac.o
                0x000000000800cb44                HAL_DAC_MspInit
                0x000000000800cb46                HAL_DAC_Init
                0x000000000800cb6c                HAL_DAC_MspDeInit
                0x000000000800cb6e                HAL_DAC_DeInit
                0x000000000800cb8a                HAL_DAC_Start
                0x000000000800cbe4                HAL_DAC_Stop
                0x000000000800cbfc                HAL_DAC_Start_DMA
                0x000000000800cccc                HAL_DAC_Stop_DMA
                0x000000000800cd04                HAL_DAC_GetValue
                0x000000000800cd10                HAL_DAC_ConvCpltCallbackCh1
                0x000000000800cd22                HAL_DAC_ConvHalfCpltCallbackCh1
                0x000000000800cd2e                HAL_DAC_ErrorCallbackCh1
                0x000000000800cd48                HAL_DAC_DMAUnderrunCallbackCh1
                0x000000000800cd4a                HAL_DAC_IRQHandler
                0x000000000800cda2                HAL_DAC_ConfigChannel
                0x000000000800cde6                HAL_DAC_SetValue
                0x000000000800ce0a                HAL_DAC_GetState
                0x000000000800ce0e                HAL_DAC_GetError
 .text          0x000000000800ce14       0xc4 build/stm32f4_HAL/stm32f4xx_hal_dac_ex.o
                0x000000000800ce14                HAL_DACEx_DualGetValue
                0x000000000800ce20                HAL_DACEx_TriangleWaveGenerate
                0x000000000800ce54                HAL_DACEx_NoiseWaveGenerate
                0x000000000800ce88                HAL_DACEx_DualSetValue
                0x000000000800ce9e                HAL_DACEx_ConvCpltCallbackCh2
                0x000000000800cea0                HAL_DACEx_ConvHalfCpltCallbackCh2
                0x000000000800cea2                HAL_DACEx_ErrorCallbackCh2
                0x000000000800cea4                HAL_DACEx_DMAUnderrunCallbackCh2
                0x000000000800cea6                DAC_DMAConvCpltCh2
                0x000000000800ceb6                DAC_DMAHalfConvCpltCh2
                0x000000000800cec0                DAC_DMAErrorCh2
 .text          0x000000000800ced8      0x880 build/stm32f4_HAL/stm32f4xx_hal_can.o
                0x000000000800ced8                HAL_CAN_MspInit
                0x000000000800ceda                HAL_CAN_Init
                0x000000000800cfd0                HAL_CAN_MspDeInit
                0x000000000800cfd2                HAL_CAN_ConfigFilter
                0x000000000800d0e8                HAL_CAN_Start
                0x000000000800d144                HAL_CAN_Stop
                0x000000000800d1a0                HAL_CAN_DeInit
                0x000000000800d1c8                HAL_CAN_RequestSleep
                0x000000000800d1ec                HAL_CAN_WakeUp
                0x000000000800d23c                HAL_CAN_IsSleepActive
                0x000000000800d252                HAL_CAN_AddTxMessage
                0x000000000800d2f2                HAL_CAN_AbortTxRequest
                0x000000000800d338                HAL_CAN_GetTxMailboxesFreeLevel
                0x000000000800d360                HAL_CAN_IsTxMessagePending
                0x000000000800d382                HAL_CAN_GetTxTimestamp
                0x000000000800d3a6                HAL_CAN_GetRxMessage
                0x000000000800d494                HAL_CAN_GetRxFifoFillLevel
                0x000000000800d4b2                HAL_CAN_ActivateNotification
                0x000000000800d4d4                HAL_CAN_DeactivateNotification
                0x000000000800d4f8                HAL_CAN_TxMailbox0CompleteCallback
                0x000000000800d4fa                HAL_CAN_TxMailbox1CompleteCallback
                0x000000000800d4fc                HAL_CAN_TxMailbox2CompleteCallback
                0x000000000800d4fe                HAL_CAN_TxMailbox0AbortCallback
                0x000000000800d500                HAL_CAN_TxMailbox1AbortCallback
                0x000000000800d502                HAL_CAN_TxMailbox2AbortCallback
                0x000000000800d504                HAL_CAN_RxFifo0MsgPendingCallback
                0x000000000800d506                HAL_CAN_RxFifo0FullCallback
                0x000000000800d508                HAL_CAN_RxFifo1MsgPendingCallback
                0x000000000800d50a                HAL_CAN_RxFifo1FullCallback
                0x000000000800d50c                HAL_CAN_SleepCallback
                0x000000000800d50e                HAL_CAN_WakeUpFromRxMsgCallback
                0x000000000800d510                HAL_CAN_ErrorCallback
                0x000000000800d512                HAL_CAN_IRQHandler
                0x000000000800d70e                HAL_CAN_GetState
                0x000000000800d734                HAL_CAN_GetError
                0x000000000800d738                HAL_CAN_ResetError
 .text          0x000000000800d758        0x0 build/FreeRTOS/croutine.o
 .text          0x000000000800d758      0x274 build/FreeRTOS/event_groups.o
                0x000000000800d758                xEventGroupCreateStatic
                0x000000000800d770                xEventGroupCreate
                0x000000000800d78c                xEventGroupWaitBits
                0x000000000800d844                xEventGroupClearBits
                0x000000000800d85e                vEventGroupClearBitsCallback
                0x000000000800d862                xEventGroupClearBitsFromISR
                0x000000000800d874                xEventGroupGetBitsFromISR
                0x000000000800d890                xEventGroupSetBits
                0x000000000800d8ec                xEventGroupSync
                0x000000000800d980                vEventGroupSetBitsCallback
                0x000000000800d984                vEventGroupDelete
                0x000000000800d9ae                xEventGroupSetBitsFromISR
                0x000000000800d9c0                uxEventGroupGetNumber
                0x000000000800d9c6                vEventGroupSetNumber
 .text          0x000000000800d9cc       0x82 build/FreeRTOS/list.o
                0x000000000800d9cc                vListInitialise
                0x000000000800d9e2                vListInitialiseItem
                0x000000000800d9e8                vListInsertEnd
                0x000000000800da00                vListInsert
                0x000000000800da2e                uxListRemove
 *fill*         0x000000000800da4e        0x2 
 .text          0x000000000800da50      0x8fc build/FreeRTOS/queue.o
                0x000000000800db6c                xQueueGenericReset
                0x000000000800dbd8                xQueueGenericCreateStatic
                0x000000000800dc04                xQueueGenericCreate
                0x000000000800dc3e                xQueueGetMutexHolder
                0x000000000800dc58                xQueueGetMutexHolderFromISR
                0x000000000800dc64                xQueueCreateCountingSemaphoreStatic
                0x000000000800dc7e                xQueueCreateCountingSemaphore
                0x000000000800dc90                xQueueGenericSend
                0x000000000800dd94                xQueueCreateMutexStatic
                0x000000000800ddbe                xQueueGiveMutexRecursive
                0x000000000800dde6                xQueueCreateMutex
                0x000000000800de0a                xQueueGenericSendFromISR
                0x000000000800de74                xQueueGiveFromISR
                0x000000000800ded0                xQueueReceive
                0x000000000800dfc0                xQueueSemaphoreTake
                0x000000000800e0e8                xQueueTakeMutexRecursive
                0x000000000800e118                xQueuePeek
                0x000000000800e208                xQueueReceiveFromISR
                0x000000000800e270                xQueuePeekFromISR
                0x000000000800e2a0                uxQueueMessagesWaiting
                0x000000000800e2b6                uxQueueSpacesAvailable
                0x000000000800e2d0                uxQueueMessagesWaitingFromISR
                0x000000000800e2d4                vQueueDelete
                0x000000000800e2e0                uxQueueGetQueueNumber
                0x000000000800e2e4                vQueueSetQueueNumber
                0x000000000800e2e8                ucQueueGetQueueType
                0x000000000800e2ee                xQueueIsQueueEmptyFromISR
                0x000000000800e2f8                xQueueIsQueueFullFromISR
                0x000000000800e304                vQueueWaitForMessageRestricted
 .text          0x000000000800e34c     0x12d4 build/FreeRTOS/tasks.o
                0x000000000800e61c                xTaskCreateStatic
                0x000000000800e650                xTaskCreate
                0x000000000800e6ac                vTaskDelete
                0x000000000800e730                eTaskGetState
                0x000000000800e798                uxTaskPriorityGet
                0x000000000800e7b8                uxTaskPriorityGetFromISR
                0x000000000800e7e0                vTaskPrioritySet
                0x000000000800e890                vTaskResume
                0x000000000800e914                xTaskResumeFromISR
                0x000000000800e99c                vTaskStartScheduler
                0x000000000800ea14                vTaskEndScheduler
                0x000000000800ea34                vTaskSuspendAll
                0x000000000800ea48                xTaskGetTickCount
                0x000000000800ea54                xTaskGetTickCountFromISR
                0x000000000800ea60                uxTaskGetNumberOfTasks
                0x000000000800ea6c                pcTaskGetName
                0x000000000800ea7c                xTaskIncrementTick
                0x000000000800eb60                xTaskResumeAll
                0x000000000800ec24                vTaskDelayUntil
                0x000000000800ec74                vTaskDelay
                0x000000000800eca4                xTaskCatchUpTicks
                0x000000000800ecc4                vTaskSwitchContext
                0x000000000800ed28                vTaskSuspend
                0x000000000800edb8                vTaskPlaceOnEventList
                0x000000000800edd8                vTaskPlaceOnUnorderedEventList
                0x000000000800ee00                vTaskPlaceOnEventListRestricted
                0x000000000800ee28                xTaskRemoveFromEventList
                0x000000000800ee90                vTaskRemoveFromUnorderedEventList
                0x000000000800eee4                vTaskSetTimeOutState
                0x000000000800ef08                vTaskInternalSetTimeOutState
                0x000000000800ef1c                xTaskCheckForTimeOut
                0x000000000800ef6c                vTaskMissedYield
                0x000000000800ef7c                uxTaskGetTaskNumber
                0x000000000800ef82                vTaskSetTaskNumber
                0x000000000800ef88                vTaskGetInfo
                0x000000000800f062                uxTaskGetSystemState
                0x000000000800f0f8                uxTaskGetStackHighWaterMark
                0x000000000800f118                xTaskGetCurrentTaskHandle
                0x000000000800f124                xTaskGetSchedulerState
                0x000000000800f144                xTaskPriorityInherit
                0x000000000800f1c4                xTaskPriorityDisinherit
                0x000000000800f220                vTaskPriorityDisinheritAfterTimeout
                0x000000000800f290                uxTaskResetEventItemValue
                0x000000000800f2a8                pvTaskIncrementMutexHeldCount
                0x000000000800f2c0                ulTaskNotifyTake
                0x000000000800f32c                xTaskNotifyWait
                0x000000000800f3c0                xTaskGenericNotify
                0x000000000800f470                xTaskGenericNotifyFromISR
                0x000000000800f530                vTaskNotifyGiveFromISR
                0x000000000800f5c0                xTaskNotifyStateClear
                0x000000000800f5ec                ulTaskNotifyValueClear
 .text          0x000000000800f620      0x49c build/FreeRTOS/timers.o
                0x000000000800f69c                xTimerCreateTimerTask
                0x000000000800f6ec                xTimerCreate
                0x000000000800f732                xTimerCreateStatic
                0x000000000800f772                xTimerGenericCommand
                0x000000000800f9c4                xTimerGetTimerDaemonTaskHandle
                0x000000000800f9d0                xTimerGetPeriod
                0x000000000800f9d4                vTimerSetReloadMode
                0x000000000800f9fa                uxTimerGetReloadMode
                0x000000000800fa16                xTimerGetExpiryTime
                0x000000000800fa1a                pcTimerGetName
                0x000000000800fa1e                xTimerIsTimerActive
                0x000000000800fa3a                pvTimerGetTimerID
                0x000000000800fa50                vTimerSetTimerID
                0x000000000800fa64                xTimerPendFunctionCallFromISR
                0x000000000800fa8c                xTimerPendFunctionCall
                0x000000000800fab4                uxTimerGetTimerNumber
                0x000000000800fab8                vTimerSetTimerNumber
 .text          0x000000000800fabc      0x532 build/FreeRTOS/stream_buffer.o
                0x000000000800fb5c                xStreamBufferGenericCreate
                0x000000000800fb98                xStreamBufferGenericCreateStatic
                0x000000000800fbd8                vStreamBufferDelete
                0x000000000800fbea                xStreamBufferReset
                0x000000000800fc30                xStreamBufferSetTriggerLevel
                0x000000000800fc44                xStreamBufferSpacesAvailable
                0x000000000800fc58                xStreamBufferBytesAvailable
                0x000000000800fc5a                xStreamBufferSend
                0x000000000800fd38                xStreamBufferSendFromISR
                0x000000000800fdcc                xStreamBufferReceive
                0x000000000800fe84                xStreamBufferNextMessageLengthBytes
                0x000000000800feb2                xStreamBufferReceiveFromISR
                0x000000000800ff46                xStreamBufferIsEmpty
                0x000000000800ff52                xStreamBufferIsFull
                0x000000000800ff6e                xStreamBufferSendCompletedFromISR
                0x000000000800ffa6                xStreamBufferReceiveCompletedFromISR
                0x000000000800ffde                uxStreamBufferGetStreamBufferNumber
                0x000000000800ffe2                vStreamBufferSetStreamBufferNumber
                0x000000000800ffe6                ucStreamBufferGetStreamBufferType
 *fill*         0x000000000800ffee        0x2 
 .text          0x000000000800fff0     0x114c build/FreeRTOS/cmsis_os2.o
                0x000000000801002e                SysTick_Handler
                0x000000000801004c                osKernelInitialize
                0x0000000008010078                osKernelGetInfo
                0x00000000080100a4                osKernelGetState
                0x00000000080100c4                osKernelStart
                0x0000000008010104                osKernelLock
                0x0000000008010130                osKernelUnlock
                0x0000000008010168                osKernelRestoreLock
                0x00000000080101ac                osKernelGetTickCount
                0x00000000080101c4                osKernelGetTickFreq
                0x00000000080101ca                osKernelGetSysTimerCount
                0x000000000801020a                osKernelGetSysTimerFreq
                0x0000000008010214                osThreadNew
                0x00000000080102aa                osThreadGetName
                0x00000000080102c4                osThreadGetId
                0x00000000080102c8                osThreadGetState
                0x00000000080102f0                osThreadGetStackSpace
                0x000000000801030a                osThreadSetPriority
                0x0000000008010338                osThreadGetPriority
                0x0000000008010354                osThreadYield
                0x0000000008010378                osThreadSuspend
                0x000000000801039c                osThreadResume
                0x00000000080103c0                osThreadExit
                0x00000000080103ca                osThreadTerminate
                0x00000000080103fe                osThreadGetCount
                0x0000000008010412                osThreadEnumerate
                0x000000000801047c                osThreadFlagsSet
                0x00000000080104fc                osThreadFlagsClear
                0x000000000801054c                osThreadFlagsGet
                0x000000000801057a                osThreadFlagsWait
                0x0000000008010614                osDelay
                0x0000000008010632                osDelayUntil
                0x0000000008010662                osTimerNew
                0x00000000080106dc                osTimerGetName
                0x00000000080106f6                osTimerStart
                0x000000000801072c                osTimerStop
                0x000000000801076e                osTimerIsRunning
                0x0000000008010788                osTimerDelete
                0x00000000080107ce                osEventFlagsNew
                0x00000000080107fa                osEventFlagsSet
                0x0000000008010854                osEventFlagsClear
                0x000000000801089a                osEventFlagsGet
                0x00000000080108bc                osEventFlagsWait
                0x0000000008010920                osEventFlagsDelete
                0x0000000008010944                osMutexNew
                0x000000000801099e                osMutexAcquire
                0x00000000080109e4                osMutexRelease
                0x0000000008010a24                osMutexGetOwner
                0x0000000008010a40                osMutexDelete
                0x0000000008010a66                osSemaphoreNew
                0x0000000008010af4                osSemaphoreAcquire
                0x0000000008010b58                osSemaphoreRelease
                0x0000000008010bb0                osSemaphoreGetCount
                0x0000000008010bd2                osSemaphoreDelete
                0x0000000008010bf6                osMessageQueueNew
                0x0000000008010c5a                osMessageQueuePut
                0x0000000008010cc8                osMessageQueueGet
                0x0000000008010d34                osMessageQueueGetCapacity
                0x0000000008010d3a                osMessageQueueGetMsgSize
                0x0000000008010d40                osMessageQueueGetCount
                0x0000000008010d44                osMessageQueueGetSpace
                0x0000000008010d7a                osMessageQueueReset
                0x0000000008010da0                osMessageQueueDelete
                0x0000000008010da4                osMemoryPoolNew
                0x0000000008010e90                osMemoryPoolGetName
                0x0000000008010ea6                osMemoryPoolAlloc
                0x0000000008010f5c                osMemoryPoolFree
                0x0000000008011018                osMemoryPoolGetCapacity
                0x0000000008011030                osMemoryPoolGetBlockSize
                0x0000000008011048                osMemoryPoolGetCount
                0x0000000008011078                osMemoryPoolGetSpace
                0x00000000080110a8                osMemoryPoolDelete
                0x0000000008011104                vApplicationGetIdleTaskMemory
                0x0000000008011120                vApplicationGetTimerTaskMemory
 .text          0x000000000801113c        0x2 build/FreeRTOS/clib_arm.o
                0x000000000801113c                software_init_hook
 *fill*         0x000000000801113e        0x2 
 .text          0x0000000008011140       0xe0 build/FreeRTOS/os_systick.o
                0x0000000008011140                OS_Tick_Setup
                0x0000000008011180                OS_Tick_Enable
                0x00000000080111ac                OS_Tick_Disable
                0x00000000080111d8                OS_Tick_AcknowledgeIRQ
                0x00000000080111e4                OS_Tick_GetIRQn
                0x00000000080111ea                OS_Tick_GetClock
                0x00000000080111f4                OS_Tick_GetInterval
                0x0000000008011200                OS_Tick_GetCount
                0x0000000008011210                OS_Tick_GetOverflow
 .text          0x0000000008011220       0x8c build/FreeRTOS/heap_useNewlib.o
                0x0000000008011220                sbrk
                0x0000000008011270                _sbrk
                0x0000000008011274                __malloc_lock
                0x0000000008011278                __malloc_unlock
                0x000000000801127c                __env_lock
                0x0000000008011280                __env_unlock
                0x0000000008011284                pvPortMalloc
                0x0000000008011288                vPortFree
                0x000000000801128c                xPortGetFreeHeapSize
                0x00000000080112a8                vPortInitialiseBlocks
 *fill*         0x00000000080112ac        0x4 
 .text          0x00000000080112b0      0x1f8 build/FreeRTOS/port.o
                0x0000000008011300                pxPortInitialiseStack
                0x000000000801132c                SVC_Handler
                0x0000000008011354                vPortEndScheduler
                0x0000000008011356                vPortEnterCritical
                0x0000000008011374                vPortExitCritical
                0x0000000008011388                PendSV_Handler
                0x00000000080113f4                xPortSysTickHandler
                0x0000000008011424                vPortSetupTimerInterrupt
                0x0000000008011458                xPortStartScheduler
 .text          0x00000000080114a8      0x308 build/tm_stm32_gpio.o
                0x00000000080114a8                TM_GPIO_DeInit
                0x00000000080114f0                TM_GPIO_SetPinAsInput
                0x0000000008011514                TM_GPIO_SetPinAsOutput
                0x0000000008011540                TM_GPIO_SetPinAsAnalog
                0x0000000008011562                TM_GPIO_SetPinAsAlternate
                0x000000000801158e                TM_GPIO_SetPullResistor
                0x00000000080115b8                TM_GPIO_Lock
                0x00000000080115c8                TM_GPIO_GetPinSource
                0x00000000080115dc                TM_GPIO_GetPortSource
                0x00000000080115ea                TM_GPIO_INT_EnableClock
                0x000000000801160c                TM_GPIO_INT_DisableClock
                0x0000000008011630                TM_GPIO_INT_Init
                0x00000000080116e4                TM_GPIO_Init
                0x0000000008011716                TM_GPIO_InitAlternate
                0x000000000801177c                TM_GPIO_GetUsedPins
                0x0000000008011794                TM_GPIO_GetFreePins
 .text          0x00000000080117b0      0x424 build/tm_stm32_i2c.o
                0x00000000080117b0                TM_I2C_GetHandle
                0x00000000080117e8                TM_I2C_Read
                0x000000000801182c                TM_I2C_ReadMulti
                0x0000000008011872                TM_I2C_ReadNoRegister
                0x0000000008011898                TM_I2C_ReadMultiNoRegister
                0x00000000080118c2                TM_I2C_Write
                0x00000000080118f2                TM_I2C_WriteMulti
                0x0000000008011928                TM_I2C_WriteNoRegister
                0x0000000008011952                TM_I2C_WriteMultiNoRegister
                0x000000000801197c                TM_I2C_Write16
                0x00000000080119ae                TM_I2C_Read16
                0x00000000080119f6                TM_I2C_IsDeviceConnected
                0x0000000008011a0c                TM_I2C_WriteReadRepeatedStart
                0x0000000008011a5e                TM_I2C_InitCustomPinsCallback
                0x0000000008011a60                TM_I2C_Init
 .text          0x0000000008011bd4      0x390 build/tm_stm32_mpu6050.o
                0x0000000008011bd4                TM_MPU6050_SetGyroscope
                0x0000000008011c3c                TM_MPU6050_SetAccelerometer
                0x0000000008011c9c                TM_MPU6050_SetDataRate
                0x0000000008011cb8                TM_MPU6050_Init
                0x0000000008011d50                TM_MPU6050_EnableInterrupts
                0x0000000008011d90                TM_MPU6050_DisableInterrupts
                0x0000000008011dac                TM_MPU6050_ReadInterrupts
                0x0000000008011dd8                TM_MPU6050_ReadAccelerometer
                0x0000000008011e20                TM_MPU6050_ReadGyroscope
                0x0000000008011e68                TM_MPU6050_ReadTemperature
                0x0000000008011eb8                TM_MPU6050_ReadAll
 .text          0x0000000008011f64        0x0 /opt/homebrew/Cellar/gcc-arm-none-eabi/20200630/bin/../lib/gcc/arm-none-eabi/9.3.1/../../../../arm-none-eabi/lib/thumb/v7e-m+fp/hard/libm.a(lib_a-w_atan2.o)
 .text          0x0000000008011f64        0x0 /opt/homebrew/Cellar/gcc-arm-none-eabi/20200630/bin/../lib/gcc/arm-none-eabi/9.3.1/../../../../arm-none-eabi/lib/thumb/v7e-m+fp/hard/libm.a(lib_a-e_atan2.o)
 .text          0x0000000008011f64        0x0 /opt/homebrew/Cellar/gcc-arm-none-eabi/20200630/bin/../lib/gcc/arm-none-eabi/9.3.1/../../../../arm-none-eabi/lib/thumb/v7e-m+fp/hard/libm.a(lib_a-s_atan.o)
 .text          0x0000000008011f64        0x0 /opt/homebrew/Cellar/gcc-arm-none-eabi/20200630/bin/../lib/gcc/arm-none-eabi/9.3.1/../../../../arm-none-eabi/lib/thumb/v7e-m+fp/hard/libm.a(lib_a-s_fabs.o)
 .text          0x0000000008011f64      0x254 /opt/homebrew/Cellar/gcc-arm-none-eabi/20200630/bin/../lib/gcc/arm-none-eabi/9.3.1/thumb/v7e-m+fp/hard/libgcc.a(_arm_muldf3.o)
 .text          0x00000000080121b8      0x378 /opt/homebrew/Cellar/gcc-arm-none-eabi/20200630/bin/../lib/gcc/arm-none-eabi/9.3.1/thumb/v7e-m+fp/hard/libgcc.a(_arm_addsubdf3.o)
                0x00000000080121b8                __aeabi_drsub
                0x00000000080121c0                __subdf3
                0x00000000080121c0                __aeabi_dsub
                0x00000000080121c4                __aeabi_dadd
                0x00000000080121c4                __adddf3
                0x000000000801243c                __aeabi_ui2d
                0x000000000801243c                __floatunsidf
                0x000000000801245c                __floatsidf
                0x000000000801245c                __aeabi_i2d
                0x0000000008012480                __extendsfdf2
                0x0000000008012480                __aeabi_f2d
                0x00000000080124c4                __aeabi_ul2d
                0x00000000080124c4                __floatundidf
                0x00000000080124d4                __aeabi_l2d
                0x00000000080124d4                __floatdidf
 .text          0x0000000008012530      0x424 /opt/homebrew/Cellar/gcc-arm-none-eabi/20200630/bin/../lib/gcc/arm-none-eabi/9.3.1/thumb/v7e-m+fp/hard/libgcc.a(_arm_muldivdf3.o)
                0x0000000008012530                __aeabi_dmul
                0x0000000008012530                __muldf3
                0x0000000008012784                __aeabi_ddiv
                0x0000000008012784                __divdf3
 .text          0x0000000008012954      0x110 /opt/homebrew/Cellar/gcc-arm-none-eabi/20200630/bin/../lib/gcc/arm-none-eabi/9.3.1/thumb/v7e-m+fp/hard/libgcc.a(_arm_cmpdf2.o)
                0x0000000008012954                __gedf2
                0x0000000008012954                __gtdf2
                0x000000000801295c                __ledf2
                0x000000000801295c                __ltdf2
                0x0000000008012964                __cmpdf2
                0x0000000008012964                __eqdf2
                0x0000000008012964                __nedf2
                0x00000000080129e0                __aeabi_cdrcmple
                0x00000000080129f0                __aeabi_cdcmple
                0x00000000080129f0                __aeabi_cdcmpeq
                0x0000000008012a00                __aeabi_dcmpeq
                0x0000000008012a14                __aeabi_dcmplt
                0x0000000008012a28                __aeabi_dcmple
                0x0000000008012a3c                __aeabi_dcmpge
                0x0000000008012a50                __aeabi_dcmpgt
 .text          0x0000000008012a64       0xa0 /opt/homebrew/Cellar/gcc-arm-none-eabi/20200630/bin/../lib/gcc/arm-none-eabi/9.3.1/thumb/v7e-m+fp/hard/libgcc.a(_arm_truncdfsf2.o)
                0x0000000008012a64                __aeabi_d2f
                0x0000000008012a64                __truncdfsf2
 .text          0x0000000008012b04       0xa0 /opt/homebrew/Cellar/gcc-arm-none-eabi/20200630/bin/../lib/gcc/arm-none-eabi/9.3.1/thumb/v7e-m+fp/hard/libgcc.a(_aeabi_ldivmod.o)
                0x0000000008012b04                __aeabi_ldivmod
 .text          0x0000000008012ba4       0x30 /opt/homebrew/Cellar/gcc-arm-none-eabi/20200630/bin/../lib/gcc/arm-none-eabi/9.3.1/thumb/v7e-m+fp/hard/libgcc.a(_aeabi_uldivmod.o)
                0x0000000008012ba4                __aeabi_uldivmod
 .text          0x0000000008012bd4      0x2c4 /opt/homebrew/Cellar/gcc-arm-none-eabi/20200630/bin/../lib/gcc/arm-none-eabi/9.3.1/thumb/v7e-m+fp/hard/libgcc.a(_udivmoddi4.o)
                0x0000000008012bd4                __udivmoddi4
 .text          0x0000000008012e98        0x4 /opt/homebrew/Cellar/gcc-arm-none-eabi/20200630/bin/../lib/gcc/arm-none-eabi/9.3.1/thumb/v7e-m+fp/hard/libgcc.a(_dvmd_tls.o)
                0x0000000008012e98                __aeabi_ldiv0
                0x0000000008012e98                __aeabi_idiv0
 .text          0x0000000008012e9c        0x0 /opt/homebrew/Cellar/gcc-arm-none-eabi/20200630/bin/../lib/gcc/arm-none-eabi/9.3.1/../../../../arm-none-eabi/lib/thumb/v7e-m+fp/hard/libc_nano.a(lib_a-atof.o)
 .text          0x0000000008012e9c        0x0 /opt/homebrew/Cellar/gcc-arm-none-eabi/20200630/bin/../lib/gcc/arm-none-eabi/9.3.1/../../../../arm-none-eabi/lib/thumb/v7e-m+fp/hard/libc_nano.a(lib_a-ctype_.o)
 .text          0x0000000008012e9c        0x0 /opt/homebrew/Cellar/gcc-arm-none-eabi/20200630/bin/../lib/gcc/arm-none-eabi/9.3.1/../../../../arm-none-eabi/lib/thumb/v7e-m+fp/hard/libc_nano.a(lib_a-exit.o)
 .text          0x0000000008012e9c        0x0 /opt/homebrew/Cellar/gcc-arm-none-eabi/20200630/bin/../lib/gcc/arm-none-eabi/9.3.1/../../../../arm-none-eabi/lib/thumb/v7e-m+fp/hard/libc_nano.a(lib_a-getchar.o)
 .text          0x0000000008012e9c        0x0 /opt/homebrew/Cellar/gcc-arm-none-eabi/20200630/bin/../lib/gcc/arm-none-eabi/9.3.1/../../../../arm-none-eabi/lib/thumb/v7e-m+fp/hard/libc_nano.a(lib_a-impure.o)
 .text          0x0000000008012e9c        0x0 /opt/homebrew/Cellar/gcc-arm-none-eabi/20200630/bin/../lib/gcc/arm-none-eabi/9.3.1/../../../../arm-none-eabi/lib/thumb/v7e-m+fp/hard/libc_nano.a(lib_a-init.o)
 .text          0x0000000008012e9c        0x0 /opt/homebrew/Cellar/gcc-arm-none-eabi/20200630/bin/../lib/gcc/arm-none-eabi/9.3.1/../../../../arm-none-eabi/lib/thumb/v7e-m+fp/hard/libc_nano.a(lib_a-malloc.o)
 .text          0x0000000008012e9c        0x0 /opt/homebrew/Cellar/gcc-arm-none-eabi/20200630/bin/../lib/gcc/arm-none-eabi/9.3.1/../../../../arm-none-eabi/lib/thumb/v7e-m+fp/hard/libc_nano.a(lib_a-memcpy-stub.o)
 .text          0x0000000008012e9c        0x0 /opt/homebrew/Cellar/gcc-arm-none-eabi/20200630/bin/../lib/gcc/arm-none-eabi/9.3.1/../../../../arm-none-eabi/lib/thumb/v7e-m+fp/hard/libc_nano.a(lib_a-memset.o)
 .text          0x0000000008012e9c        0x0 /opt/homebrew/Cellar/gcc-arm-none-eabi/20200630/bin/../lib/gcc/arm-none-eabi/9.3.1/../../../../arm-none-eabi/lib/thumb/v7e-m+fp/hard/libc_nano.a(lib_a-mstats.o)
 .text          0x0000000008012e9c        0x0 /opt/homebrew/Cellar/gcc-arm-none-eabi/20200630/bin/../lib/gcc/arm-none-eabi/9.3.1/../../../../arm-none-eabi/lib/thumb/v7e-m+fp/hard/libc_nano.a(lib_a-nano-freer.o)
 .text          0x0000000008012e9c        0x0 /opt/homebrew/Cellar/gcc-arm-none-eabi/20200630/bin/../lib/gcc/arm-none-eabi/9.3.1/../../../../arm-none-eabi/lib/thumb/v7e-m+fp/hard/libc_nano.a(lib_a-nano-mallinfor.o)
 .text          0x0000000008012e9c        0x0 /opt/homebrew/Cellar/gcc-arm-none-eabi/20200630/bin/../lib/gcc/arm-none-eabi/9.3.1/../../../../arm-none-eabi/lib/thumb/v7e-m+fp/hard/libc_nano.a(lib_a-nano-mallocr.o)
 .text          0x0000000008012e9c        0x0 /opt/homebrew/Cellar/gcc-arm-none-eabi/20200630/bin/../lib/gcc/arm-none-eabi/9.3.1/../../../../arm-none-eabi/lib/thumb/v7e-m+fp/hard/libc_nano.a(lib_a-nano-malloptr.o)
 .text          0x0000000008012e9c        0x0 /opt/homebrew/Cellar/gcc-arm-none-eabi/20200630/bin/../lib/gcc/arm-none-eabi/9.3.1/../../../../arm-none-eabi/lib/thumb/v7e-m+fp/hard/libc_nano.a(lib_a-nano-mallstatsr.o)
 .text          0x0000000008012e9c        0x0 /opt/homebrew/Cellar/gcc-arm-none-eabi/20200630/bin/../lib/gcc/arm-none-eabi/9.3.1/../../../../arm-none-eabi/lib/thumb/v7e-m+fp/hard/libc_nano.a(lib_a-nano-vfprintf_float.o)
 .text          0x0000000008012e9c        0x0 /opt/homebrew/Cellar/gcc-arm-none-eabi/20200630/bin/../lib/gcc/arm-none-eabi/9.3.1/../../../../arm-none-eabi/lib/thumb/v7e-m+fp/hard/libc_nano.a(lib_a-nano-vfprintf_i.o)
 .text          0x0000000008012e9c        0x0 /opt/homebrew/Cellar/gcc-arm-none-eabi/20200630/bin/../lib/gcc/arm-none-eabi/9.3.1/../../../../arm-none-eabi/lib/thumb/v7e-m+fp/hard/libc_nano.a(lib_a-nano-vfscanf_float.o)
 .text          0x0000000008012e9c        0x0 /opt/homebrew/Cellar/gcc-arm-none-eabi/20200630/bin/../lib/gcc/arm-none-eabi/9.3.1/../../../../arm-none-eabi/lib/thumb/v7e-m+fp/hard/libc_nano.a(lib_a-printf.o)
 .text          0x0000000008012e9c        0x0 /opt/homebrew/Cellar/gcc-arm-none-eabi/20200630/bin/../lib/gcc/arm-none-eabi/9.3.1/../../../../arm-none-eabi/lib/thumb/v7e-m+fp/hard/libc_nano.a(lib_a-reent.o)
 .text          0x0000000008012e9c        0x0 /opt/homebrew/Cellar/gcc-arm-none-eabi/20200630/bin/../lib/gcc/arm-none-eabi/9.3.1/../../../../arm-none-eabi/lib/thumb/v7e-m+fp/hard/libc_nano.a(lib_a-sbrkr.o)
 .text          0x0000000008012e9c        0x0 /opt/homebrew/Cellar/gcc-arm-none-eabi/20200630/bin/../lib/gcc/arm-none-eabi/9.3.1/../../../../arm-none-eabi/lib/thumb/v7e-m+fp/hard/libc_nano.a(lib_a-setvbuf.o)
 .text          0x0000000008012e9c        0x0 /opt/homebrew/Cellar/gcc-arm-none-eabi/20200630/bin/../lib/gcc/arm-none-eabi/9.3.1/../../../../arm-none-eabi/lib/thumb/v7e-m+fp/hard/libc_nano.a(lib_a-sf_nan.o)
 .text          0x0000000008012e9c        0x0 /opt/homebrew/Cellar/gcc-arm-none-eabi/20200630/bin/../lib/gcc/arm-none-eabi/9.3.1/../../../../arm-none-eabi/lib/thumb/v7e-m+fp/hard/libc_nano.a(lib_a-sprintf.o)
 .text          0x0000000008012e9c       0x14 /opt/homebrew/Cellar/gcc-arm-none-eabi/20200630/bin/../lib/gcc/arm-none-eabi/9.3.1/../../../../arm-none-eabi/lib/thumb/v7e-m+fp/hard/libc_nano.a(lib_a-strcmp.o)
                0x0000000008012e9c                strcmp
 .text          0x0000000008012eb0       0x10 /opt/homebrew/Cellar/gcc-arm-none-eabi/20200630/bin/../lib/gcc/arm-none-eabi/9.3.1/../../../../arm-none-eabi/lib/thumb/v7e-m+fp/hard/libc_nano.a(lib_a-strlen.o)
                0x0000000008012eb0                strlen
 .text          0x0000000008012ec0        0x0 /opt/homebrew/Cellar/gcc-arm-none-eabi/20200630/bin/../lib/gcc/arm-none-eabi/9.3.1/../../../../arm-none-eabi/lib/thumb/v7e-m+fp/hard/libc_nano.a(lib_a-strtod.o)
 .text          0x0000000008012ec0        0x0 /opt/homebrew/Cellar/gcc-arm-none-eabi/20200630/bin/../lib/gcc/arm-none-eabi/9.3.1/../../../../arm-none-eabi/lib/thumb/v7e-m+fp/hard/libc_nano.a(lib_a-strtol.o)
 .text          0x0000000008012ec0        0x0 /opt/homebrew/Cellar/gcc-arm-none-eabi/20200630/bin/../lib/gcc/arm-none-eabi/9.3.1/../../../../arm-none-eabi/lib/thumb/v7e-m+fp/hard/libc_nano.a(lib_a-vprintf.o)
 .text          0x0000000008012ec0        0x0 /opt/homebrew/Cellar/gcc-arm-none-eabi/20200630/bin/../lib/gcc/arm-none-eabi/9.3.1/../../../../arm-none-eabi/lib/thumb/v7e-m+fp/hard/libc_nano.a(lib_a-dtoa.o)
 .text          0x0000000008012ec0        0x0 /opt/homebrew/Cellar/gcc-arm-none-eabi/20200630/bin/../lib/gcc/arm-none-eabi/9.3.1/../../../../arm-none-eabi/lib/thumb/v7e-m+fp/hard/libc_nano.a(lib_a-errno.o)
 .text          0x0000000008012ec0        0x0 /opt/homebrew/Cellar/gcc-arm-none-eabi/20200630/bin/../lib/gcc/arm-none-eabi/9.3.1/../../../../arm-none-eabi/lib/thumb/v7e-m+fp/hard/libc_nano.a(lib_a-fflush.o)
 .text          0x0000000008012ec0        0x0 /opt/homebrew/Cellar/gcc-arm-none-eabi/20200630/bin/../lib/gcc/arm-none-eabi/9.3.1/../../../../arm-none-eabi/lib/thumb/v7e-m+fp/hard/libc_nano.a(lib_a-findfp.o)
 .text          0x0000000008012ec0        0x0 /opt/homebrew/Cellar/gcc-arm-none-eabi/20200630/bin/../lib/gcc/arm-none-eabi/9.3.1/../../../../arm-none-eabi/lib/thumb/v7e-m+fp/hard/libc_nano.a(lib_a-fprintf.o)
 .text          0x0000000008012ec0        0x0 /opt/homebrew/Cellar/gcc-arm-none-eabi/20200630/bin/../lib/gcc/arm-none-eabi/9.3.1/../../../../arm-none-eabi/lib/thumb/v7e-m+fp/hard/libc_nano.a(lib_a-fwalk.o)
 .text          0x0000000008012ec0        0x0 /opt/homebrew/Cellar/gcc-arm-none-eabi/20200630/bin/../lib/gcc/arm-none-eabi/9.3.1/../../../../arm-none-eabi/lib/thumb/v7e-m+fp/hard/libc_nano.a(lib_a-gdtoa-gethex.o)
 .text          0x0000000008012ec0        0x0 /opt/homebrew/Cellar/gcc-arm-none-eabi/20200630/bin/../lib/gcc/arm-none-eabi/9.3.1/../../../../arm-none-eabi/lib/thumb/v7e-m+fp/hard/libc_nano.a(lib_a-gdtoa-hexnan.o)
 .text          0x0000000008012ec0        0x0 /opt/homebrew/Cellar/gcc-arm-none-eabi/20200630/bin/../lib/gcc/arm-none-eabi/9.3.1/../../../../arm-none-eabi/lib/thumb/v7e-m+fp/hard/libc_nano.a(lib_a-getc.o)
 .text          0x0000000008012ec0        0x0 /opt/homebrew/Cellar/gcc-arm-none-eabi/20200630/bin/../lib/gcc/arm-none-eabi/9.3.1/../../../../arm-none-eabi/lib/thumb/v7e-m+fp/hard/libc_nano.a(lib_a-lnumeric.o)
 .text          0x0000000008012ec0        0x0 /opt/homebrew/Cellar/gcc-arm-none-eabi/20200630/bin/../lib/gcc/arm-none-eabi/9.3.1/../../../../arm-none-eabi/lib/thumb/v7e-m+fp/hard/libc_nano.a(lib_a-locale.o)
 .text          0x0000000008012ec0        0x0 /opt/homebrew/Cellar/gcc-arm-none-eabi/20200630/bin/../lib/gcc/arm-none-eabi/9.3.1/../../../../arm-none-eabi/lib/thumb/v7e-m+fp/hard/libc_nano.a(lib_a-localeconv.o)
 .text          0x0000000008012ec0        0x0 /opt/homebrew/Cellar/gcc-arm-none-eabi/20200630/bin/../lib/gcc/arm-none-eabi/9.3.1/../../../../arm-none-eabi/lib/thumb/v7e-m+fp/hard/libc_nano.a(lib_a-lock.o)
 .text          0x0000000008012ec0        0x0 /opt/homebrew/Cellar/gcc-arm-none-eabi/20200630/bin/../lib/gcc/arm-none-eabi/9.3.1/../../../../arm-none-eabi/lib/thumb/v7e-m+fp/hard/libc_nano.a(lib_a-makebuf.o)
 .text          0x0000000008012ec0        0x0 /opt/homebrew/Cellar/gcc-arm-none-eabi/20200630/bin/../lib/gcc/arm-none-eabi/9.3.1/../../../../arm-none-eabi/lib/thumb/v7e-m+fp/hard/libc_nano.a(lib_a-mbtowc_r.o)
 .text          0x0000000008012ec0       0xa0 /opt/homebrew/Cellar/gcc-arm-none-eabi/20200630/bin/../lib/gcc/arm-none-eabi/9.3.1/../../../../arm-none-eabi/lib/thumb/v7e-m+fp/hard/libc_nano.a(lib_a-memchr.o)
                0x0000000008012ec0                memchr
 .text          0x0000000008012f60        0x0 /opt/homebrew/Cellar/gcc-arm-none-eabi/20200630/bin/../lib/gcc/arm-none-eabi/9.3.1/../../../../arm-none-eabi/lib/thumb/v7e-m+fp/hard/libc_nano.a(lib_a-mprec.o)
 .text          0x0000000008012f60        0x0 /opt/homebrew/Cellar/gcc-arm-none-eabi/20200630/bin/../lib/gcc/arm-none-eabi/9.3.1/../../../../arm-none-eabi/lib/thumb/v7e-m+fp/hard/libc_nano.a(lib_a-nano-callocr.o)
 .text          0x0000000008012f60        0x0 /opt/homebrew/Cellar/gcc-arm-none-eabi/20200630/bin/../lib/gcc/arm-none-eabi/9.3.1/../../../../arm-none-eabi/lib/thumb/v7e-m+fp/hard/libc_nano.a(lib_a-nano-svfprintf.o)
 .text          0x0000000008012f60        0x0 /opt/homebrew/Cellar/gcc-arm-none-eabi/20200630/bin/../lib/gcc/arm-none-eabi/9.3.1/../../../../arm-none-eabi/lib/thumb/v7e-m+fp/hard/libc_nano.a(lib_a-nano-vfprintf.o)
 .text          0x0000000008012f60        0x0 /opt/homebrew/Cellar/gcc-arm-none-eabi/20200630/bin/../lib/gcc/arm-none-eabi/9.3.1/../../../../arm-none-eabi/lib/thumb/v7e-m+fp/hard/libc_nano.a(lib_a-rget.o)
 .text          0x0000000008012f60        0x0 /opt/homebrew/Cellar/gcc-arm-none-eabi/20200630/bin/../lib/gcc/arm-none-eabi/9.3.1/../../../../arm-none-eabi/lib/thumb/v7e-m+fp/hard/libc_nano.a(lib_a-s_nan.o)
 .text          0x0000000008012f60        0x0 /opt/homebrew/Cellar/gcc-arm-none-eabi/20200630/bin/../lib/gcc/arm-none-eabi/9.3.1/../../../../arm-none-eabi/lib/thumb/v7e-m+fp/hard/libc_nano.a(lib_a-stdio.o)
 .text          0x0000000008012f60        0x0 /opt/homebrew/Cellar/gcc-arm-none-eabi/20200630/bin/../lib/gcc/arm-none-eabi/9.3.1/../../../../arm-none-eabi/lib/thumb/v7e-m+fp/hard/libc_nano.a(lib_a-strncmp.o)
 .text          0x0000000008012f60        0x0 /opt/homebrew/Cellar/gcc-arm-none-eabi/20200630/bin/../lib/gcc/arm-none-eabi/9.3.1/../../../../arm-none-eabi/lib/thumb/v7e-m+fp/hard/libc_nano.a(lib_a-wbuf.o)
 .text          0x0000000008012f60        0x0 /opt/homebrew/Cellar/gcc-arm-none-eabi/20200630/bin/../lib/gcc/arm-none-eabi/9.3.1/../../../../arm-none-eabi/lib/thumb/v7e-m+fp/hard/libc_nano.a(lib_a-wctomb_r.o)
 .text          0x0000000008012f60        0x0 /opt/homebrew/Cellar/gcc-arm-none-eabi/20200630/bin/../lib/gcc/arm-none-eabi/9.3.1/../../../../arm-none-eabi/lib/thumb/v7e-m+fp/hard/libc_nano.a(lib_a-writer.o)
 .text          0x0000000008012f60        0x0 /opt/homebrew/Cellar/gcc-arm-none-eabi/20200630/bin/../lib/gcc/arm-none-eabi/9.3.1/../../../../arm-none-eabi/lib/thumb/v7e-m+fp/hard/libc_nano.a(lib_a-wsetup.o)
 .text          0x0000000008012f60        0x0 /opt/homebrew/Cellar/gcc-arm-none-eabi/20200630/bin/../lib/gcc/arm-none-eabi/9.3.1/../../../../arm-none-eabi/lib/thumb/v7e-m+fp/hard/libc_nano.a(lib_a-assert.o)
 .text          0x0000000008012f60        0x0 /opt/homebrew/Cellar/gcc-arm-none-eabi/20200630/bin/../lib/gcc/arm-none-eabi/9.3.1/../../../../arm-none-eabi/lib/thumb/v7e-m+fp/hard/libc_nano.a(lib_a-closer.o)
 .text          0x0000000008012f60        0x0 /opt/homebrew/Cellar/gcc-arm-none-eabi/20200630/bin/../lib/gcc/arm-none-eabi/9.3.1/../../../../arm-none-eabi/lib/thumb/v7e-m+fp/hard/libc_nano.a(lib_a-fstatr.o)
 .text          0x0000000008012f60        0x0 /opt/homebrew/Cellar/gcc-arm-none-eabi/20200630/bin/../lib/gcc/arm-none-eabi/9.3.1/../../../../arm-none-eabi/lib/thumb/v7e-m+fp/hard/libc_nano.a(lib_a-fvwrite.o)
 .text          0x0000000008012f60        0x0 /opt/homebrew/Cellar/gcc-arm-none-eabi/20200630/bin/../lib/gcc/arm-none-eabi/9.3.1/../../../../arm-none-eabi/lib/thumb/v7e-m+fp/hard/libc_nano.a(lib_a-isattyr.o)
 .text          0x0000000008012f60        0x0 /opt/homebrew/Cellar/gcc-arm-none-eabi/20200630/bin/../lib/gcc/arm-none-eabi/9.3.1/../../../../arm-none-eabi/lib/thumb/v7e-m+fp/hard/libc_nano.a(lib_a-lseekr.o)
 .text          0x0000000008012f60        0x0 /opt/homebrew/Cellar/gcc-arm-none-eabi/20200630/bin/../lib/gcc/arm-none-eabi/9.3.1/../../../../arm-none-eabi/lib/thumb/v7e-m+fp/hard/libc_nano.a(lib_a-memmove.o)
 .text          0x0000000008012f60        0x0 /opt/homebrew/Cellar/gcc-arm-none-eabi/20200630/bin/../lib/gcc/arm-none-eabi/9.3.1/../../../../arm-none-eabi/lib/thumb/v7e-m+fp/hard/libc_nano.a(lib_a-nano-reallocr.o)
 .text          0x0000000008012f60        0x0 /opt/homebrew/Cellar/gcc-arm-none-eabi/20200630/bin/../lib/gcc/arm-none-eabi/9.3.1/../../../../arm-none-eabi/lib/thumb/v7e-m+fp/hard/libc_nano.a(lib_a-readr.o)
 .text          0x0000000008012f60        0x0 /opt/homebrew/Cellar/gcc-arm-none-eabi/20200630/bin/../lib/gcc/arm-none-eabi/9.3.1/../../../../arm-none-eabi/lib/thumb/v7e-m+fp/hard/libc_nano.a(lib_a-refill.o)
 .text          0x0000000008012f60        0x0 /opt/homebrew/Cellar/gcc-arm-none-eabi/20200630/bin/../lib/gcc/arm-none-eabi/9.3.1/../../../../arm-none-eabi/lib/thumb/v7e-m+fp/hard/libc_nano.a(lib_a-abort.o)
 .text          0x0000000008012f60        0x0 /opt/homebrew/Cellar/gcc-arm-none-eabi/20200630/bin/../lib/gcc/arm-none-eabi/9.3.1/../../../../arm-none-eabi/lib/thumb/v7e-m+fp/hard/libc_nano.a(lib_a-nano-msizer.o)
 .text          0x0000000008012f60        0x0 /opt/homebrew/Cellar/gcc-arm-none-eabi/20200630/bin/../lib/gcc/arm-none-eabi/9.3.1/../../../../arm-none-eabi/lib/thumb/v7e-m+fp/hard/libc_nano.a(lib_a-signal.o)
 .text          0x0000000008012f60        0x0 /opt/homebrew/Cellar/gcc-arm-none-eabi/20200630/bin/../lib/gcc/arm-none-eabi/9.3.1/../../../../arm-none-eabi/lib/thumb/v7e-m+fp/hard/libc_nano.a(lib_a-signalr.o)
 .text          0x0000000008012f60       0x2c /opt/homebrew/Cellar/gcc-arm-none-eabi/20200630/bin/../lib/gcc/arm-none-eabi/9.3.1/thumb/v7e-m+fp/hard/libgcc.a(_arm_unorddf2.o)
                0x0000000008012f60                __aeabi_dcmpun
                0x0000000008012f60                __unorddf2
 .text          0x0000000008012f8c       0x50 /opt/homebrew/Cellar/gcc-arm-none-eabi/20200630/bin/../lib/gcc/arm-none-eabi/9.3.1/thumb/v7e-m+fp/hard/libgcc.a(_arm_fixdfsi.o)
                0x0000000008012f8c                __fixdfsi
                0x0000000008012f8c                __aeabi_d2iz
 .text          0x0000000008012fdc       0x40 /opt/homebrew/Cellar/gcc-arm-none-eabi/20200630/bin/../lib/gcc/arm-none-eabi/9.3.1/thumb/v7e-m+fp/hard/libgcc.a(_arm_fixunsdfsi.o)
                0x0000000008012fdc                __fixunsdfsi
                0x0000000008012fdc                __aeabi_d2uiz
 .text          0x000000000801301c       0x30 /opt/homebrew/Cellar/gcc-arm-none-eabi/20200630/bin/../lib/gcc/arm-none-eabi/9.3.1/thumb/v7e-m+fp/hard/libgcc.a(_fixdfdi.o)
                0x000000000801301c                __aeabi_d2lz
                0x000000000801301c                __fixdfdi
 .text          0x000000000801304c       0x3c /opt/homebrew/Cellar/gcc-arm-none-eabi/20200630/bin/../lib/gcc/arm-none-eabi/9.3.1/thumb/v7e-m+fp/hard/libgcc.a(_fixunsdfdi.o)
                0x000000000801304c                __aeabi_d2ulz
                0x000000000801304c                __fixunsdfdi
 .text          0x0000000008013088        0x0 /opt/homebrew/Cellar/gcc-arm-none-eabi/20200630/bin/../lib/gcc/arm-none-eabi/9.3.1/../../../../arm-none-eabi/lib/thumb/v7e-m+fp/hard/libnosys.a(close.o)
 .text          0x0000000008013088        0x0 /opt/homebrew/Cellar/gcc-arm-none-eabi/20200630/bin/../lib/gcc/arm-none-eabi/9.3.1/../../../../arm-none-eabi/lib/thumb/v7e-m+fp/hard/libnosys.a(fstat.o)
 .text          0x0000000008013088        0x0 /opt/homebrew/Cellar/gcc-arm-none-eabi/20200630/bin/../lib/gcc/arm-none-eabi/9.3.1/../../../../arm-none-eabi/lib/thumb/v7e-m+fp/hard/libnosys.a(getpid.o)
 .text          0x0000000008013088        0x0 /opt/homebrew/Cellar/gcc-arm-none-eabi/20200630/bin/../lib/gcc/arm-none-eabi/9.3.1/../../../../arm-none-eabi/lib/thumb/v7e-m+fp/hard/libnosys.a(isatty.o)
 .text          0x0000000008013088        0x0 /opt/homebrew/Cellar/gcc-arm-none-eabi/20200630/bin/../lib/gcc/arm-none-eabi/9.3.1/../../../../arm-none-eabi/lib/thumb/v7e-m+fp/hard/libnosys.a(kill.o)
 .text          0x0000000008013088        0x0 /opt/homebrew/Cellar/gcc-arm-none-eabi/20200630/bin/../lib/gcc/arm-none-eabi/9.3.1/../../../../arm-none-eabi/lib/thumb/v7e-m+fp/hard/libnosys.a(lseek.o)
 .text          0x0000000008013088        0x0 /opt/homebrew/Cellar/gcc-arm-none-eabi/20200630/bin/../lib/gcc/arm-none-eabi/9.3.1/../../../../arm-none-eabi/lib/thumb/v7e-m+fp/hard/libnosys.a(_exit.o)
 .text          0x0000000008013088        0x0 /opt/homebrew/Cellar/gcc-arm-none-eabi/20200630/bin/../lib/gcc/arm-none-eabi/9.3.1/thumb/v7e-m+fp/hard/crtend.o
 .text          0x0000000008013088        0x0 /opt/homebrew/Cellar/gcc-arm-none-eabi/20200630/bin/../lib/gcc/arm-none-eabi/9.3.1/thumb/v7e-m+fp/hard/crtn.o
 *(.text*)
 .text.startup  0x0000000008013088       0xa0 build/main.o
                0x0000000008013088                main
 .text.Reset_Handler
                0x0000000008013128       0x50 build/startup_stm32f446xx.o
                0x0000000008013128                Reset_Handler
 .text.Default_Handler
                0x0000000008013178        0x2 build/startup_stm32f446xx.o
                0x0000000008013178                FMPI2C1_Error_IRQHandler
                0x0000000008013178                EXTI2_IRQHandler
                0x0000000008013178                TIM8_CC_IRQHandler
                0x0000000008013178                SPI4_IRQHandler
                0x0000000008013178                TIM1_CC_IRQHandler
                0x0000000008013178                DMA2_Stream5_IRQHandler
                0x0000000008013178                DMA1_Stream5_IRQHandler
                0x0000000008013178                PVD_IRQHandler
                0x0000000008013178                SDIO_IRQHandler
                0x0000000008013178                TAMP_STAMP_IRQHandler
                0x0000000008013178                CAN2_RX1_IRQHandler
                0x0000000008013178                EXTI3_IRQHandler
                0x0000000008013178                TIM8_TRG_COM_TIM14_IRQHandler
                0x0000000008013178                TIM1_UP_TIM10_IRQHandler
                0x0000000008013178                TIM8_UP_TIM13_IRQHandler
                0x0000000008013178                I2C3_ER_IRQHandler
                0x0000000008013178                FMPI2C1_Event_IRQHandler
                0x0000000008013178                EXTI0_IRQHandler
                0x0000000008013178                I2C2_EV_IRQHandler
                0x0000000008013178                DMA1_Stream2_IRQHandler
                0x0000000008013178                CAN1_RX0_IRQHandler
                0x0000000008013178                FPU_IRQHandler
                0x0000000008013178                OTG_HS_WKUP_IRQHandler
                0x0000000008013178                CAN2_SCE_IRQHandler
                0x0000000008013178                DMA2_Stream2_IRQHandler
                0x0000000008013178                SPI1_IRQHandler
                0x0000000008013178                TIM6_DAC_IRQHandler
                0x0000000008013178                TIM1_BRK_TIM9_IRQHandler
                0x0000000008013178                DCMI_IRQHandler
                0x0000000008013178                CAN2_RX0_IRQHandler
                0x0000000008013178                DMA2_Stream3_IRQHandler
                0x0000000008013178                SAI2_IRQHandler
                0x0000000008013178                USART6_IRQHandler
                0x0000000008013178                USART3_IRQHandler
                0x0000000008013178                CAN1_RX1_IRQHandler
                0x0000000008013178                UART5_IRQHandler
                0x0000000008013178                DMA2_Stream0_IRQHandler
                0x0000000008013178                TIM4_IRQHandler
                0x0000000008013178                QUADSPI_IRQHandler
                0x0000000008013178                I2C1_EV_IRQHandler
                0x0000000008013178                DMA1_Stream6_IRQHandler
                0x0000000008013178                DMA1_Stream1_IRQHandler
                0x0000000008013178                UART4_IRQHandler
                0x0000000008013178                TIM3_IRQHandler
                0x0000000008013178                RCC_IRQHandler
                0x0000000008013178                TIM8_BRK_TIM12_IRQHandler
                0x0000000008013178                Default_Handler
                0x0000000008013178                CEC_IRQHandler
                0x0000000008013178                EXTI15_10_IRQHandler
                0x0000000008013178                ADC_IRQHandler
                0x0000000008013178                DMA1_Stream7_IRQHandler
                0x0000000008013178                TIM7_IRQHandler
                0x0000000008013178                CAN2_TX_IRQHandler
                0x0000000008013178                TIM5_IRQHandler
                0x0000000008013178                DMA2_Stream7_IRQHandler
                0x0000000008013178                I2C3_EV_IRQHandler
                0x0000000008013178                RTC_WKUP_IRQHandler